<html>
<body>
<pre>
<h1>µVision Build Log</h1>
<h2>Tool Versions:</h2>
IDE-Version: µVision V5.25.3.0
Copyright (C) 2018 ARM Ltd and ARM Germany GmbH. All rights reserved.
License Information: Mostafa Samizadeh, ITMC, LIC=----
 
Tool Versions:
Toolchain:       MDK-Lite  Version: 5.27.1.0
Toolchain Path:  C:\Keil_v5\ARM\ARMCC\Bin
C Compiler:      Armcc.exe V5.06 update 6 (build 750)
Assembler:       Armasm.exe V5.06 update 6 (build 750)
Linker/Locator:  ArmLink.exe V5.06 update 6 (build 750)
Library Manager: ArmAr.exe V5.06 update 6 (build 750)
Hex Converter:   FromElf.exe V5.06 update 6 (build 750)
CPU DLL:         SARMCM3.DLL V5.27.1.0
Dialog DLL:      DCM.DLL V1.17.2.0
Target DLL:      STLink\ST-LINKIII-KEIL_SWO.dll V3.0.6.0
Dialog DLL:      TCM.DLL V1.36.1.0
 
<h2>Project:</h2>
E:\1399\MV19\MDK-ARM\MV19.uvprojx
Project File Date:  06/07/2020

<h2>Output:</h2>
*** Using Compiler 'V5.06 update 6 (build 750)', folder: 'C:\Keil_v5\ARM\ARMCC\Bin'
Build target 'MV19'
compiling psv_mode.c...
..\Src\psv_mode.c(42): warning:  #1035-D: single-precision operand implicitly converted to double-precision
  	Pe_Pa_psv=Pe_psv-0.3;
..\Src\psv_mode.c(43): warning:  #1035-D: single-precision operand implicitly converted to double-precision
  	Pe_Ad_psv=Pe_psv-0.3-0.1*PSV_TRRIG_I;
..\Src\psv_mode.c(44): warning:  #1035-D: single-precision operand implicitly converted to double-precision
  	Q_Pa_psv=Bias_Flow_psv+3.5;
..\Src\psv_mode.c(176): warning:  #1-D: last line of file ends without a newline
    
..\Src\psv_mode.c: 4 warnings, 0 errors
compiling pcv_mode.c...
compiling database.c...
compiling simv_mode.c...
..\Src\simv_mode.c(42): warning:  #1035-D: single-precision operand implicitly converted to double-precision
  	Pe_Pa_SIMV=Pe+0.3;
..\Src\simv_mode.c(43): warning:  #1035-D: single-precision operand implicitly converted to double-precision
  	Pe_Ad_SIMV=Pe+0.3+0.1*SIMV_TRRIG_I;
..\Src\simv_mode.c(44): warning:  #1035-D: single-precision operand implicitly converted to double-precision
  	Q_Pa_SIMV=Bias_Flow+3.5;
..\Src\simv_mode.c: 3 warnings, 0 errors
compiling stm32f4xx_it.c...
../Inc/simv_alarms.h(5): warning:  #1-D: last line of file ends without a newline
  #endif
../Inc/psv_alarms.h(5): warning:  #1-D: last line of file ends without a newline
  #endif
../Src/stm32f4xx_it.c(504): warning:  #188-D: enumerated type mixed with another type
  			HAL_GPIO_WritePin(LED_DATA_GPIO_Port, LED_DATA_Pin, st[status_counter]);
../Src/stm32f4xx_it.c: 3 warnings, 0 errors
compiling main.c...
../Inc/show_alarms.h(6): warning:  #1-D: last line of file ends without a newline
   
../Src/main.c(335): warning:  #1035-D: single-precision operand implicitly converted to double-precision
  	      sumf=(af+bf+cf+df+ef+ff+gf+hf+iff+jf)/10.0;
../Src/main.c(248): warning:  #177-D: variable "Counter_loop"  was declared but never referenced
  	 int a=0,b=0,c=0,d=0,e=0,f=0,g=0,h=0,i=0,j=0,Counter_loop=0;
../Src/main.c(251): warning:  #177-D: variable "cnt"  was declared but never referenced
  	 int cnt=0,sum=0;
../Src/main.c(1415): warning:  #177-D: variable "YYh"  was declared but never referenced
  			   int YYh=rspy_receive_buffer[3];
../Src/main.c(1416): warning:  #177-D: variable "YYl"  was declared but never referenced
  	       int YYl=rspy_receive_buffer[4];
../Src/main.c(1417): warning:  #177-D: variable "MM"  was declared but never referenced
  				 int MM=rspy_receive_buffer[5];
../Src/main.c(1418): warning:  #177-D: variable "DD"  was declared but never referenced
  				 int DD=rspy_receive_buffer[6];
../Src/main.c(1419): warning:  #177-D: variable "hh"  was declared but never referenced
  				 int hh=rspy_receive_buffer[7];
../Src/main.c(1420): warning:  #177-D: variable "mm"  was declared but never referenced
  				 int mm=rspy_receive_buffer[8];
../Src/main.c(1421): warning:  #177-D: variable "ss"  was declared but never referenced
  				 int ss=rspy_receive_buffer[9];
../Src/main.c: 11 warnings, 0 errors
linking...
Program Size: Code=22904 RO-data=1656 RW-data=816 ZI-data=4096  
FromELF: creating hex file...
"MV19\MV19.axf" - 0 Error(s), 21 Warning(s).

<h2>Software Packages used:</h2>

Package Vendor: ARM
                http://www.keil.com/pack/ARM.CMSIS.5.5.1.pack
                ARM.CMSIS.5.5.1
                CMSIS (Cortex Microcontroller Software Interface Standard)
   * Component: CORE Version: 5.2.0

Package Vendor: Keil
                http://www.keil.com/pack/Keil.STM32F4xx_DFP.2.14.0.pack
                Keil.STM32F4xx_DFP.2.14.0
                STMicroelectronics STM32F4 Series Device Support, Drivers and Examples

<h2>Collection of Component include folders:</h2>
  .\RTE\_MV19
  C:\Users\msamizadeh\AppData\Local\Arm\Packs\ARM\CMSIS\5.5.1\CMSIS\Core\Include
  C:\Users\msamizadeh\AppData\Local\Arm\Packs\Keil\STM32F4xx_DFP\2.14.0\Drivers\CMSIS\Device\ST\STM32F4xx\Include

<h2>Collection of Component Files used:</h2>

   * Component: ARM::CMSIS:CORE:5.2.0
Build Time Elapsed:  00:00:04
</pre>
</body>
</html>
