Component: ARM Compiler 5.06 update 6 (build 750) Tool: armlink [4d35ed]

==============================================================================

Section Cross References

    startup_stm32f407xx.o(RESET) refers to startup_stm32f407xx.o(STACK) for __initial_sp
    startup_stm32f407xx.o(RESET) refers to startup_stm32f407xx.o(.text) for Reset_Handler
    startup_stm32f407xx.o(RESET) refers to stm32f4xx_it.o(i.NMI_Handler) for NMI_Handler
    startup_stm32f407xx.o(RESET) refers to stm32f4xx_it.o(i.HardFault_Handler) for HardFault_Handler
    startup_stm32f407xx.o(RESET) refers to stm32f4xx_it.o(i.MemManage_Handler) for MemManage_Handler
    startup_stm32f407xx.o(RESET) refers to stm32f4xx_it.o(i.BusFault_Handler) for BusFault_Handler
    startup_stm32f407xx.o(RESET) refers to stm32f4xx_it.o(i.UsageFault_Handler) for UsageFault_Handler
    startup_stm32f407xx.o(RESET) refers to stm32f4xx_it.o(i.SVC_Handler) for SVC_Handler
    startup_stm32f407xx.o(RESET) refers to stm32f4xx_it.o(i.DebugMon_Handler) for DebugMon_Handler
    startup_stm32f407xx.o(RESET) refers to stm32f4xx_it.o(i.PendSV_Handler) for PendSV_Handler
    startup_stm32f407xx.o(RESET) refers to stm32f4xx_it.o(i.SysTick_Handler) for SysTick_Handler
    startup_stm32f407xx.o(RESET) refers to stm32f4xx_it.o(i.EXTI9_5_IRQHandler) for EXTI9_5_IRQHandler
    startup_stm32f407xx.o(RESET) refers to stm32f4xx_it.o(i.TIM1_UP_TIM10_IRQHandler) for TIM1_UP_TIM10_IRQHandler
    startup_stm32f407xx.o(RESET) refers to stm32f4xx_it.o(i.TIM2_IRQHandler) for TIM2_IRQHandler
    startup_stm32f407xx.o(RESET) refers to stm32f4xx_it.o(i.TIM3_IRQHandler) for TIM3_IRQHandler
    startup_stm32f407xx.o(RESET) refers to stm32f4xx_it.o(i.TIM4_IRQHandler) for TIM4_IRQHandler
    startup_stm32f407xx.o(RESET) refers to stm32f4xx_it.o(i.USART2_IRQHandler) for USART2_IRQHandler
    startup_stm32f407xx.o(RESET) refers to stm32f4xx_it.o(i.EXTI15_10_IRQHandler) for EXTI15_10_IRQHandler
    startup_stm32f407xx.o(RESET) refers to stm32f4xx_it.o(i.TIM8_BRK_TIM12_IRQHandler) for TIM8_BRK_TIM12_IRQHandler
    startup_stm32f407xx.o(.text) refers to system_stm32f4xx.o(i.SystemInit) for SystemInit
    startup_stm32f407xx.o(.text) refers to entry.o(.ARM.Collect$$$$00000000) for __main
    driver.o(i.ADC_CNL) refers to stm32f4xx_hal_adc.o(i.HAL_ADC_Init) for HAL_ADC_Init
    driver.o(i.ADC_CNL) refers to main.o(i.Error_Handler) for Error_Handler
    driver.o(i.ADC_CNL) refers to stm32f4xx_hal_adc.o(i.HAL_ADC_ConfigChannel) for HAL_ADC_ConfigChannel
    driver.o(i.ADC_CNL) refers to main.o(.bss) for hadc3
    driver.o(i.ADC_READ) refers to driver.o(i.ADC_CNL) for ADC_CNL
    driver.o(i.ADC_READ) refers to stm32f4xx_hal_adc.o(i.HAL_ADC_Stop) for HAL_ADC_Stop
    driver.o(i.ADC_READ) refers to stm32f4xx_hal_adc.o(i.HAL_ADC_Init) for HAL_ADC_Init
    driver.o(i.ADC_READ) refers to stm32f4xx_hal_adc.o(i.HAL_ADC_Start) for HAL_ADC_Start
    driver.o(i.ADC_READ) refers to stm32f4xx_hal_adc.o(i.HAL_ADC_PollForConversion) for HAL_ADC_PollForConversion
    driver.o(i.ADC_READ) refers to stm32f4xx_hal_adc.o(i.HAL_ADC_GetValue) for HAL_ADC_GetValue
    driver.o(i.ADC_READ) refers to main.o(.bss) for hadc3
    driver.o(i.buzzer) refers to stm32f4xx_hal_gpio.o(i.HAL_GPIO_WritePin) for HAL_GPIO_WritePin
    driver.o(i.day) refers to stm32f4xx_hal_i2c.o(i.HAL_I2C_Master_Transmit) for HAL_I2C_Master_Transmit
    driver.o(i.day) refers to stm32f4xx_hal_i2c.o(i.HAL_I2C_Master_Receive) for HAL_I2C_Master_Receive
    driver.o(i.day) refers to driver.o(i.bcd2bin) for bcd2bin
    driver.o(i.day) refers to driver.o(.data) for .data
    driver.o(i.day) refers to main.o(.bss) for hi2c1
    driver.o(i.delay) refers to stm32f4xx_hal_rcc.o(i.HAL_RCC_GetHCLKFreq) for HAL_RCC_GetHCLKFreq
    driver.o(i.driver_init) refers to driver.o(i.status) for status
    driver.o(i.driver_init) refers to driver.o(i.turbo) for turbo
    driver.o(i.driver_init) refers to stm32f4xx_hal_tim.o(i.HAL_TIM_Base_Start_IT) for HAL_TIM_Base_Start_IT
    driver.o(i.driver_init) refers to stm32f4xx_hal_gpio.o(i.HAL_GPIO_WritePin) for HAL_GPIO_WritePin
    driver.o(i.driver_init) refers to stm32f4xx_hal.o(i.HAL_Delay) for HAL_Delay
    driver.o(i.driver_init) refers to driver.o(.data) for .data
    driver.o(i.driver_init) refers to database.o(.bss) for st
    driver.o(i.driver_init) refers to database.o(.data) for status_bar
    driver.o(i.driver_init) refers to main.o(.bss) for htim1
    driver.o(i.flow) refers to driver.o(i.ADC_READ) for ADC_READ
    driver.o(i.flow) refers to dflti.o(.text) for __aeabi_i2d
    driver.o(i.flow) refers to dmul.o(.text) for __aeabi_dmul
    driver.o(i.flow) refers to dadd.o(.text) for __aeabi_dsub
    driver.o(i.flow) refers to d2f.o(.text) for __aeabi_d2f
    driver.o(i.flow) refers to driver.o(.data) for .data
    driver.o(i.hour) refers to stm32f4xx_hal_i2c.o(i.HAL_I2C_Master_Transmit) for HAL_I2C_Master_Transmit
[...]
    _microlib_exit                            - Undefined Weak Reference
    __Vectors_Size                           0x00000188   Number         0  startup_stm32f407xx.o ABSOLUTE
    __Vectors                                0x08000000   Data           4  startup_stm32f407xx.o(RESET)
    __Vectors_End                            0x08000188   Data           0  startup_stm32f407xx.o(RESET)
    __main                                   0x08000189   Thumb Code     0  entry.o(.ARM.Collect$$$$00000000)
    _main_stk                                0x08000189   Thumb Code     0  entry2.o(.ARM.Collect$$$$00000001)
    _main_scatterload                        0x0800018d   Thumb Code     0  entry5.o(.ARM.Collect$$$$00000004)
    __main_after_scatterload                 0x08000191   Thumb Code     0  entry5.o(.ARM.Collect$$$$00000004)
    _main_clock                              0x08000191   Thumb Code     0  entry7b.o(.ARM.Collect$$$$00000008)
    _main_cpp_init                           0x08000191   Thumb Code     0  entry8b.o(.ARM.Collect$$$$0000000A)
    _main_init                               0x08000191   Thumb Code     0  entry9a.o(.ARM.Collect$$$$0000000B)
    __rt_final_cpp                           0x08000199   Thumb Code     0  entry10a.o(.ARM.Collect$$$$0000000D)
    __rt_final_exit                          0x08000199   Thumb Code     0  entry11a.o(.ARM.Collect$$$$0000000F)
    Reset_Handler                            0x0800019d   Thumb Code     8  startup_stm32f407xx.o(.text)
    ADC_IRQHandler                           0x080001b7   Thumb Code     0  startup_stm32f407xx.o(.text)
    CAN1_RX0_IRQHandler                      0x080001b7   Thumb Code     0  startup_stm32f407xx.o(.text)
    CAN1_RX1_IRQHandler                      0x080001b7   Thumb Code     0  startup_stm32f407xx.o(.text)
    CAN1_SCE_IRQHandler                      0x080001b7   Thumb Code     0  startup_stm32f407xx.o(.text)
    CAN1_TX_IRQHandler                       0x080001b7   Thumb Code     0  startup_stm32f407xx.o(.text)
    CAN2_RX0_IRQHandler                      0x080001b7   Thumb Code     0  startup_stm32f407xx.o(.text)
    CAN2_RX1_IRQHandler                      0x080001b7   Thumb Code     0  startup_stm32f407xx.o(.text)
    CAN2_SCE_IRQHandler                      0x080001b7   Thumb Code     0  startup_stm32f407xx.o(.text)
    CAN2_TX_IRQHandler                       0x080001b7   Thumb Code     0  startup_stm32f407xx.o(.text)
    DCMI_IRQHandler                          0x080001b7   Thumb Code     0  startup_stm32f407xx.o(.text)
    DMA1_Stream0_IRQHandler                  0x080001b7   Thumb Code     0  startup_stm32f407xx.o(.text)
    DMA1_Stream1_IRQHandler                  0x080001b7   Thumb Code     0  startup_stm32f407xx.o(.text)
    DMA1_Stream2_IRQHandler                  0x080001b7   Thumb Code     0  startup_stm32f407xx.o(.text)
    DMA1_Stream3_IRQHandler                  0x080001b7   Thumb Code     0  startup_stm32f407xx.o(.text)
    DMA1_Stream4_IRQHandler                  0x080001b7   Thumb Code     0  startup_stm32f407xx.o(.text)
    DMA1_Stream5_IRQHandler                  0x080001b7   Thumb Code     0  startup_stm32f407xx.o(.text)
    DMA1_Stream6_IRQHandler                  0x080001b7   Thumb Code     0  startup_stm32f407xx.o(.text)
    DMA1_Stream7_IRQHandler                  0x080001b7   Thumb Code     0  startup_stm32f407xx.o(.text)
    DMA2_Stream0_IRQHandler                  0x080001b7   Thumb Code     0  startup_stm32f407xx.o(.text)
    DMA2_Stream1_IRQHandler                  0x080001b7   Thumb Code     0  startup_stm32f407xx.o(.text)
    DMA2_Stream2_IRQHandler                  0x080001b7   Thumb Code     0  startup_stm32f407xx.o(.text)
    DMA2_Stream3_IRQHandler                  0x080001b7   Thumb Code     0  startup_stm32f407xx.o(.text)
    DMA2_Stream4_IRQHandler                  0x080001b7   Thumb Code     0  startup_stm32f407xx.o(.text)
    DMA2_Stream5_IRQHandler                  0x080001b7   Thumb Code     0  startup_stm32f407xx.o(.text)
    DMA2_Stream6_IRQHandler                  0x080001b7   Thumb Code     0  startup_stm32f407xx.o(.text)
    DMA2_Stream7_IRQHandler                  0x080001b7   Thumb Code     0  startup_stm32f407xx.o(.text)
    ETH_IRQHandler                           0x080001b7   Thumb Code     0  startup_stm32f407xx.o(.text)
    ETH_WKUP_IRQHandler                      0x080001b7   Thumb Code     0  startup_stm32f407xx.o(.text)
    EXTI0_IRQHandler                         0x080001b7   Thumb Code     0  startup_stm32f407xx.o(.text)
    EXTI1_IRQHandler                         0x080001b7   Thumb Code     0  startup_stm32f407xx.o(.text)
    EXTI2_IRQHandler                         0x080001b7   Thumb Code     0  startup_stm32f407xx.o(.text)
    EXTI3_IRQHandler                         0x080001b7   Thumb Code     0  startup_stm32f407xx.o(.text)
    EXTI4_IRQHandler                         0x080001b7   Thumb Code     0  startup_stm32f407xx.o(.text)
    FLASH_IRQHandler                         0x080001b7   Thumb Code     0  startup_stm32f407xx.o(.text)
    FMC_IRQHandler                           0x080001b7   Thumb Code     0  startup_stm32f407xx.o(.text)
    FPU_IRQHandler                           0x080001b7   Thumb Code     0  startup_stm32f407xx.o(.text)
    HASH_RNG_IRQHandler                      0x080001b7   Thumb Code     0  startup_stm32f407xx.o(.text)
    I2C1_ER_IRQHandler                       0x080001b7   Thumb Code     0  startup_stm32f407xx.o(.text)
    I2C1_EV_IRQHandler                       0x080001b7   Thumb Code     0  startup_stm32f407xx.o(.text)
    I2C2_ER_IRQHandler                       0x080001b7   Thumb Code     0  startup_stm32f407xx.o(.text)
    I2C2_EV_IRQHandler                       0x080001b7   Thumb Code     0  startup_stm32f407xx.o(.text)
    I2C3_ER_IRQHandler                       0x080001b7   Thumb Code     0  startup_stm32f407xx.o(.text)
    I2C3_EV_IRQHandler                       0x080001b7   Thumb Code     0  startup_stm32f407xx.o(.text)
    OTG_FS_IRQHandler                        0x080001b7   Thumb Code     0  startup_stm32f407xx.o(.text)
    OTG_FS_WKUP_IRQHandler                   0x080001b7   Thumb Code     0  startup_stm32f407xx.o(.text)
    OTG_HS_EP1_IN_IRQHandler                 0x080001b7   Thumb Code     0  startup_stm32f407xx.o(.text)
    OTG_HS_EP1_OUT_IRQHandler                0x080001b7   Thumb Code     0  startup_stm32f407xx.o(.text)
    OTG_HS_IRQHandler                        0x080001b7   Thumb Code     0  startup_stm32f407xx.o(.text)
    OTG_HS_WKUP_IRQHandler                   0x080001b7   Thumb Code     0  startup_stm32f407xx.o(.text)
    PVD_IRQHandler                           0x080001b7   Thumb Code     0  startup_stm32f407xx.o(.text)
    RCC_IRQHandler                           0x080001b7   Thumb Code     0  startup_stm32f407xx.o(.text)
    RTC_Alarm_IRQHandler                     0x080001b7   Thumb Code     0  startup_stm32f407xx.o(.text)
    RTC_WKUP_IRQHandler                      0x080001b7   Thumb Code     0  startup_stm32f407xx.o(.text)
    SDIO_IRQHandler                          0x080001b7   Thumb Code     0  startup_stm32f407xx.o(.text)
    SPI1_IRQHandler                          0x080001b7   Thumb Code     0  startup_stm32f407xx.o(.text)
    SPI2_IRQHandler                          0x080001b7   Thumb Code     0  startup_stm32f407xx.o(.text)
    SPI3_IRQHandler                          0x080001b7   Thumb Code     0  startup_stm32f407xx.o(.text)
    TAMP_STAMP_IRQHandler                    0x080001b7   Thumb Code     0  startup_stm32f407xx.o(.text)
    TIM1_BRK_TIM9_IRQHandler                 0x080001b7   Thumb Code     0  startup_stm32f407xx.o(.text)
    TIM1_CC_IRQHandler                       0x080001b7   Thumb Code     0  startup_stm32f407xx.o(.text)
    TIM1_TRG_COM_TIM11_IRQHandler            0x080001b7   Thumb Code     0  startup_stm32f407xx.o(.text)
    TIM5_IRQHandler                          0x080001b7   Thumb Code     0  startup_stm32f407xx.o(.text)
    TIM6_DAC_IRQHandler                      0x080001b7   Thumb Code     0  startup_stm32f407xx.o(.text)
    TIM7_IRQHandler                          0x080001b7   Thumb Code     0  startup_stm32f407xx.o(.text)
    TIM8_CC_IRQHandler                       0x080001b7   Thumb Code     0  startup_stm32f407xx.o(.text)
    TIM8_TRG_COM_TIM14_IRQHandler            0x080001b7   Thumb Code     0  startup_stm32f407xx.o(.text)
    TIM8_UP_TIM13_IRQHandler                 0x080001b7   Thumb Code     0  startup_stm32f407xx.o(.text)
    UART4_IRQHandler                         0x080001b7   Thumb Code     0  startup_stm32f407xx.o(.text)
    UART5_IRQHandler                         0x080001b7   Thumb Code     0  startup_stm32f407xx.o(.text)
    USART1_IRQHandler                        0x080001b7   Thumb Code     0  startup_stm32f407xx.o(.text)
    USART3_IRQHandler                        0x080001b7   Thumb Code     0  startup_stm32f407xx.o(.text)
    USART6_IRQHandler                        0x080001b7   Thumb Code     0  startup_stm32f407xx.o(.text)
    WWDG_IRQHandler                          0x080001b7   Thumb Code     0  startup_stm32f407xx.o(.text)
    __aeabi_uldivmod                         0x080001c1   Thumb Code    98  uldiv.o(.text)
    __aeabi_memset                           0x08000223   Thumb Code    14  memseta.o(.text)
    __aeabi_memset4                          0x08000223   Thumb Code     0  memseta.o(.text)
    __aeabi_memset8                          0x08000223   Thumb Code     0  memseta.o(.text)
    __aeabi_memclr                           0x08000231   Thumb Code     4  memseta.o(.text)
    __aeabi_memclr4                          0x08000231   Thumb Code     0  memseta.o(.text)
    __aeabi_memclr8                          0x08000231   Thumb Code     0  memseta.o(.text)
    _memset$wrapper                          0x08000235   Thumb Code    18  memseta.o(.text)
    __aeabi_dadd                             0x08000247   Thumb Code   322  dadd.o(.text)
    __aeabi_dsub                             0x08000389   Thumb Code     6  dadd.o(.text)
    __aeabi_drsub                            0x0800038f   Thumb Code     6  dadd.o(.text)
    __aeabi_dmul                             0x08000395   Thumb Code   228  dmul.o(.text)
    __aeabi_ddiv                             0x08000479   Thumb Code   222  ddiv.o(.text)
    __aeabi_i2d                              0x08000557   Thumb Code    34  dflti.o(.text)
    __aeabi_d2iz                             0x08000579   Thumb Code    62  dfixi.o(.text)
    __aeabi_f2d                              0x080005b7   Thumb Code    38  f2d.o(.text)
    __aeabi_d2f                              0x080005dd   Thumb Code    56  d2f.o(.text)
    __aeabi_llsl                             0x08000615   Thumb Code    30  llshl.o(.text)
    _ll_shift_l                              0x08000615   Thumb Code     0  llshl.o(.text)
    __aeabi_llsr                             0x08000633   Thumb Code    32  llushr.o(.text)
    _ll_ushift_r                             0x08000633   Thumb Code     0  llushr.o(.text)
    __aeabi_lasr                             0x08000653   Thumb Code    36  llsshr.o(.text)
    _ll_sshift_r                             0x08000653   Thumb Code     0  llsshr.o(.text)
    __I$use$fp                               0x08000677   Thumb Code     0  iusefp.o(.text)
    _float_round                             0x08000677   Thumb Code    18  fepilogue.o(.text)
    _float_epilogue                          0x08000689   Thumb Code    92  fepilogue.o(.text)
    _double_round                            0x080006e5   Thumb Code    30  depilogue.o(.text)
    _double_epilogue                         0x08000703   Thumb Code   156  depilogue.o(.text)
    __scatterload                            0x080007a1   Thumb Code    28  init.o(.text)
    __scatterload_rt2                        0x080007a1   Thumb Code     0  init.o(.text)
    __decompress                             0x080007c5   Thumb Code     0  __dczerorl2.o(.text)
    __decompress1                            0x080007c5   Thumb Code    86  __dczerorl2.o(.text)
    ACV_Mode                                 0x0800081d   Thumb Code   866  acv_mode.o(i.ACV_Mode)
    ADC_CNL                                  0x08000c1d   Thumb Code   118  driver.o(i.ADC_CNL)
    ADC_READ                                 0x08000dc9   Thumb Code    56  driver.o(i.ADC_READ)
    BusFault_Handler                         0x08000e05   Thumb Code     2  stm32f4xx_it.o(i.BusFault_Handler)
    DebugMon_Handler                         0x08000e07   Thumb Code     2  stm32f4xx_it.o(i.DebugMon_Handler)
    EXTI15_10_IRQHandler                     0x08000e09   Thumb Code    16  stm32f4xx_it.o(i.EXTI15_10_IRQHandler)
    EXTI9_5_IRQHandler                       0x08000e1d   Thumb Code    60  stm32f4xx_it.o(i.EXTI9_5_IRQHandler)
    Error_Handler                            0x08000e6d   Thumb Code     2  main.o(i.Error_Handler)
    HAL_ADC_ConfigChannel                    0x08000e71   Thumb Code   316  stm32f4xx_hal_adc.o(i.HAL_ADC_ConfigChannel)
    HAL_ADC_GetValue                         0x08000fbd   Thumb Code     6  stm32f4xx_hal_adc.o(i.HAL_ADC_GetValue)
    HAL_ADC_Init                             0x08000fc3   Thumb Code    84  stm32f4xx_hal_adc.o(i.HAL_ADC_Init)
    HAL_ADC_MspInit                          0x08001019   Thumb Code   114  stm32f4xx_hal_msp.o(i.HAL_ADC_MspInit)
    HAL_ADC_PollForConversion                0x0800109d   Thumb Code   162  stm32f4xx_hal_adc.o(i.HAL_ADC_PollForConversion)
    HAL_ADC_Start                            0x08001141   Thumb Code   210  stm32f4xx_hal_adc.o(i.HAL_ADC_Start)
    HAL_ADC_Stop                             0x0800122d   Thumb Code    60  stm32f4xx_hal_adc.o(i.HAL_ADC_Stop)
    HAL_DAC_ConfigChannel                    0x08001269   Thumb Code    66  stm32f4xx_hal_dac.o(i.HAL_DAC_ConfigChannel)
    HAL_DAC_Init                             0x080012ab   Thumb Code    40  stm32f4xx_hal_dac.o(i.HAL_DAC_Init)
    HAL_DAC_MspInit                          0x080012d5   Thumb Code    84  stm32f4xx_hal_msp.o(i.HAL_DAC_MspInit)
    HAL_Delay                                0x08001335   Thumb Code    32  stm32f4xx_hal.o(i.HAL_Delay)
    HAL_GPIO_EXTI_Callback                   0x08001359   Thumb Code     2  stm32f4xx_hal_gpio.o(i.HAL_GPIO_EXTI_Callback)
    HAL_GPIO_EXTI_IRQHandler                 0x0800135d   Thumb Code    18  stm32f4xx_hal_gpio.o(i.HAL_GPIO_EXTI_IRQHandler)
    HAL_GPIO_Init                            0x08001375   Thumb Code   394  stm32f4xx_hal_gpio.o(i.HAL_GPIO_Init)
    HAL_GPIO_ReadPin                         0x0800152d   Thumb Code    10  stm32f4xx_hal_gpio.o(i.HAL_GPIO_ReadPin)
    HAL_GPIO_TogglePin                       0x08001537   Thumb Code    14  stm32f4xx_hal_gpio.o(i.HAL_GPIO_TogglePin)
    HAL_GPIO_WritePin                        0x08001545   Thumb Code    10  stm32f4xx_hal_gpio.o(i.HAL_GPIO_WritePin)
    HAL_GetTick                              0x08001551   Thumb Code     6  stm32f4xx_hal.o(i.HAL_GetTick)
    HAL_I2C_Init                             0x0800155d   Thumb Code   376  stm32f4xx_hal_i2c.o(i.HAL_I2C_Init)
    HAL_I2C_MspInit                          0x080016e5   Thumb Code    94  stm32f4xx_hal_msp.o(i.HAL_I2C_MspInit)
    HAL_IncTick                              0x08001751   Thumb Code    12  stm32f4xx_hal.o(i.HAL_IncTick)
    HAL_Init                                 0x08001761   Thumb Code    48  stm32f4xx_hal.o(i.HAL_Init)
    HAL_InitTick                             0x08001795   Thumb Code    54  stm32f4xx_hal.o(i.HAL_InitTick)
    HAL_MspInit                              0x080017d5   Thumb Code    42  stm32f4xx_hal_msp.o(i.HAL_MspInit)
    HAL_NVIC_EnableIRQ                       0x08001805   Thumb Code    26  stm32f4xx_hal_cortex.o(i.HAL_NVIC_EnableIRQ)
    HAL_NVIC_SetPriority                     0x08001821   Thumb Code    60  stm32f4xx_hal_cortex.o(i.HAL_NVIC_SetPriority)
    HAL_NVIC_SetPriorityGrouping             0x08001861   Thumb Code    26  stm32f4xx_hal_cortex.o(i.HAL_NVIC_SetPriorityGrouping)
    HAL_RCC_ClockConfig                      0x08001885   Thumb Code   288  stm32f4xx_hal_rcc.o(i.HAL_RCC_ClockConfig)
    HAL_RCC_GetPCLK1Freq                     0x080019b9   Thumb Code    20  stm32f4xx_hal_rcc.o(i.HAL_RCC_GetPCLK1Freq)
    HAL_RCC_GetPCLK2Freq                     0x080019d9   Thumb Code    20  stm32f4xx_hal_rcc.o(i.HAL_RCC_GetPCLK2Freq)
    HAL_RCC_GetSysClockFreq                  0x080019f9   Thumb Code    88  stm32f4xx_hal_rcc.o(i.HAL_RCC_GetSysClockFreq)
    HAL_RCC_OscConfig                        0x08001a59   Thumb Code   840  stm32f4xx_hal_rcc.o(i.HAL_RCC_OscConfig)
    HAL_SPI_Init                             0x08001db5   Thumb Code   128  stm32f4xx_hal_spi.o(i.HAL_SPI_Init)
    HAL_SPI_MspInit                          0x08001e35   Thumb Code   154  stm32f4xx_hal_msp.o(i.HAL_SPI_MspInit)
    HAL_SYSTICK_Config                       0x08001ee5   Thumb Code    40  stm32f4xx_hal_cortex.o(i.HAL_SYSTICK_Config)
    HAL_TIMEx_BreakCallback                  0x08001f0d   Thumb Code     2  stm32f4xx_hal_tim_ex.o(i.HAL_TIMEx_BreakCallback)
    HAL_TIMEx_CommutCallback                 0x08001f0f   Thumb Code     2  stm32f4xx_hal_tim_ex.o(i.HAL_TIMEx_CommutCallback)
    HAL_TIMEx_MasterConfigSynchronization    0x08001f11   Thumb Code   116  stm32f4xx_hal_tim_ex.o(i.HAL_TIMEx_MasterConfigSynchronization)
    HAL_TIM_Base_Init                        0x08001fa1   Thumb Code    54  stm32f4xx_hal_tim.o(i.HAL_TIM_Base_Init)
    HAL_TIM_Base_MspInit                     0x08001fd9   Thumb Code   198  stm32f4xx_hal_msp.o(i.HAL_TIM_Base_MspInit)
    HAL_TIM_Base_Start_IT                    0x080020b5   Thumb Code    34  stm32f4xx_hal_tim.o(i.HAL_TIM_Base_Start_IT)
    HAL_TIM_ConfigClockSource                0x080020d7   Thumb Code   214  stm32f4xx_hal_tim.o(i.HAL_TIM_ConfigClockSource)
    HAL_TIM_IC_CaptureCallback               0x080021ad   Thumb Code     2  stm32f4xx_hal_tim.o(i.HAL_TIM_IC_CaptureCallback)
    HAL_TIM_IRQHandler                       0x080021af   Thumb Code   358  stm32f4xx_hal_tim.o(i.HAL_TIM_IRQHandler)
    HAL_TIM_OC_DelayElapsedCallback          0x08002315   Thumb Code     2  stm32f4xx_hal_tim.o(i.HAL_TIM_OC_DelayElapsedCallback)
    HAL_TIM_PWM_PulseFinishedCallback        0x08002317   Thumb Code     2  stm32f4xx_hal_tim.o(i.HAL_TIM_PWM_PulseFinishedCallback)
    HAL_TIM_PeriodElapsedCallback            0x08002319   Thumb Code     2  stm32f4xx_hal_tim.o(i.HAL_TIM_PeriodElapsedCallback)
    HAL_TIM_TriggerCallback                  0x0800231b   Thumb Code     2  stm32f4xx_hal_tim.o(i.HAL_TIM_TriggerCallback)
    HAL_UART_Init                            0x0800231d   Thumb Code    98  stm32f4xx_hal_uart.o(i.HAL_UART_Init)
    HAL_UART_MspInit                         0x08002381   Thumb Code   408  stm32f4xx_hal_msp.o(i.HAL_UART_MspInit)
    HAL_UART_Transmit                        0x0800253d   Thumb Code   186  stm32f4xx_hal_uart.o(i.HAL_UART_Transmit)
    HardFault_Handler                        0x080025f7   Thumb Code     2  stm32f4xx_it.o(i.HardFault_Handler)
    MemManage_Handler                        0x08002a05   Thumb Code     2  stm32f4xx_it.o(i.MemManage_Handler)
    Mode_ACP                                 0x08002a09   Thumb Code   936  mode_acp.o(i.Mode_ACP)
    NMI_Handler                              0x08002e59   Thumb Code     2  stm32f4xx_it.o(i.NMI_Handler)
    PSV_Mode                                 0x08002e5d   Thumb Code   970  psv_mode.o(i.PSV_Mode)
    PendSV_Handler                           0x080032c9   Thumb Code     2  stm32f4xx_it.o(i.PendSV_Handler)
    SIMV_Mode                                0x080032cd   Thumb Code  1228  simv_mode.o(i.SIMV_Mode)
    STANDBY_Mode                             0x0800379d   Thumb Code    24  standby_mode.o(i.STANDBY_Mode)
    SVC_Handler                              0x080037c5   Thumb Code     2  stm32f4xx_it.o(i.SVC_Handler)
    SysTick_Handler                          0x080037c7   Thumb Code     4  stm32f4xx_it.o(i.SysTick_Handler)
    SystemClock_Config                       0x080037cd   Thumb Code   120  main.o(i.SystemClock_Config)
    SystemInit                               0x0800384d   Thumb Code    22  system_stm32f4xx.o(i.SystemInit)
    TIM1_UP_TIM10_IRQHandler                 0x08003869   Thumb Code    54  stm32f4xx_it.o(i.TIM1_UP_TIM10_IRQHandler)
    TIM2_IRQHandler                          0x080038b1   Thumb Code     6  stm32f4xx_it.o(i.TIM2_IRQHandler)
    TIM3_IRQHandler                          0x080038bd   Thumb Code  2714  stm32f4xx_it.o(i.TIM3_IRQHandler)
    TIM4_IRQHandler                          0x08004381   Thumb Code    90  stm32f4xx_it.o(i.TIM4_IRQHandler)
    TIM8_BRK_TIM12_IRQHandler                0x080043f1   Thumb Code    84  stm32f4xx_it.o(i.TIM8_BRK_TIM12_IRQHandler)
    TIM_Base_SetConfig                       0x0800445d   Thumb Code   156  stm32f4xx_hal_tim.o(i.TIM_Base_SetConfig)
    TIM_ETR_SetConfig                        0x08004525   Thumb Code    20  stm32f4xx_hal_tim.o(i.TIM_ETR_SetConfig)
    USART2_IRQHandler                        0x0800471d   Thumb Code    70  stm32f4xx_it.o(i.USART2_IRQHandler)
    UsageFault_Handler                       0x08004779   Thumb Code     2  stm32f4xx_it.o(i.UsageFault_Handler)
    __scatterload_copy                       0x0800479b   Thumb Code    14  handlers.o(i.__scatterload_copy)
    __scatterload_null                       0x080047a9   Thumb Code     2  handlers.o(i.__scatterload_null)
    __scatterload_zeroinit                   0x080047ab   Thumb Code    14  handlers.o(i.__scatterload_zeroinit)
    acp_mode_decoder                         0x080047b9   Thumb Code   122  modes_setting.o(i.acp_mode_decoder)
    acv_alarm_decoder                        0x0800486d   Thumb Code    46  alarms_setting.o(i.acv_alarm_decoder)
    acv_mode_decoder                         0x080048b9   Thumb Code   170  modes_setting.o(i.acv_mode_decoder)
    buzzer                                   0x080049a1   Thumb Code   106  driver.o(i.buzzer)
    check_devices                            0x08004a15   Thumb Code  1256  check_device_init.o(i.check_devices)
    crc_calc                                 0x08004f09   Thumb Code    38  main.o(i.crc_calc)
    create_checking_signal_for_raspberry     0x08004f35   Thumb Code   182  main.o(i.create_checking_signal_for_raspberry)
    create_response_for_raspberry            0x08004ff1   Thumb Code   106  main.o(i.create_response_for_raspberry)
    date_time_decoder                        0x08005061   Thumb Code     2  main.o(i.date_time_decoder)
    decode_raspi_packet                      0x08005065   Thumb Code   810  main.o(i.decode_raspi_packet)
    driver_init                              0x08005411   Thumb Code   130  driver.o(i.driver_init)
    flow                                     0x080054b5   Thumb Code    90  driver.o(i.flow)
    led                                      0x0800552d   Thumb Code   148  driver.o(i.led)
    main                                     0x080055c9   Thumb Code   778  main.o(i.main)
    pcv_alarm_decoder                        0x08005961   Thumb Code    58  alarms_setting.o(i.pcv_alarm_decoder)
    pressure                                 0x080059b9   Thumb Code    90  driver.o(i.pressure)
    psv_alarm_decoder                        0x08005a31   Thumb Code    58  alarms_setting.o(i.psv_alarm_decoder)
    psv_mode_decoder                         0x08005a89   Thumb Code    72  modes_setting.o(i.psv_mode_decoder)
    send_rspy                                0x08005af9   Thumb Code    46  main.o(i.send_rspy)
    simv_alarm_decoder                       0x08005b31   Thumb Code    46  alarms_setting.o(i.simv_alarm_decoder)
    simv_mode_decoder                        0x08005b7d   Thumb Code   122  modes_setting.o(i.simv_mode_decoder)
    status                                   0x08005c31   Thumb Code    14  driver.o(i.status)
    turbo                                    0x08005c49   Thumb Code    22  driver.o(i.turbo)
    CrcTable                                 0x08005c68   Data        1024  main.o(.constdata)
    AHBPrescTable                            0x08006068   Data          16  system_stm32f4xx.o(.constdata)
    APBPrescTable                            0x08006078   Data           8  system_stm32f4xx.o(.constdata)
    Region$$Table$$Base                      0x08006080   Number         0  anon$$obj.o(Region$$Table)
    Region$$Table$$Limit                     0x080060a0   Number         0  anon$$obj.o(Region$$Table)
    i                                        0x20000000   Data           4  driver.o(.data)
    pwm                                      0x20000004   Data           4  driver.o(.data)
    ans                                      0x20000008   Data           4  driver.o(.data)
    s                                        0x2000000c   Data           4  driver.o(.data)
    b                                        0x20000010   Data           5  driver.o(.data)
    sw2                                      0x20000018   Data           4  driver.o(.data)
    turbo_error                              0x2000001c   Data           1  database.o(.data)
    pressure_s1_error                        0x2000001d   Data           1  database.o(.data)
    pressure_s2_error                        0x2000001e   Data           1  database.o(.data)
    buzzer_error                             0x2000001f   Data           1  database.o(.data)
    flow_s1_error                            0x20000020   Data           1  database.o(.data)
    flow_s2_error                            0x20000021   Data           1  database.o(.data)
    data_received_from_raspy                 0x20000022   Data           1  database.o(.data)
    LED_POWER1                               0x20000024   Data           4  database.o(.data)
    LED_POWER2                               0x20000028   Data           4  database.o(.data)
    LED_BATTRY_Red                           0x2000002c   Data           4  database.o(.data)
    LED_Apnea                                0x20000030   Data           4  database.o(.data)
    LED_ALARM_Hi                             0x20000034   Data           4  database.o(.data)
    LED_ALARM_Low                            0x20000038   Data           4  database.o(.data)
    LED_STANDBY1                             0x2000003c   Data           4  database.o(.data)
    LED_STANDBY2                             0x20000040   Data           4  database.o(.data)
    LED_ACV1                                 0x20000044   Data           4  database.o(.data)
    LED_ACV2                                 0x20000048   Data           4  database.o(.data)
    LED_ACP                                  0x2000004c   Data           4  database.o(.data)
    LED_SIMV                                 0x20000050   Data           4  database.o(.data)
    LED_PSV                                  0x20000054   Data           4  database.o(.data)
    sent_ALARM_Hi_code                       0x20000058   Data           4  database.o(.data)
    sent_ALARM_Low_code                      0x2000005c   Data           4  database.o(.data)
    pressure_sensor_Ins                      0x20000060   Data           4  database.o(.data)
    pressure_sensor_Exp                      0x20000064   Data           4  database.o(.data)
    pressure_sensor_Triger                   0x20000068   Data           4  database.o(.data)
    flow_sensor_Ins                          0x2000006c   Data           4  database.o(.data)
    flow_sensor_Exp                          0x20000070   Data           4  database.o(.data)
    ALARM_Hi                                 0x20000074   Data           1  database.o(.data)
    ALARM_Low                                0x20000075   Data           1  database.o(.data)
    turbo_speed_Ins                          0x20000078   Data           4  database.o(.data)
    turbo_speed_Exp                          0x2000007c   Data           4  database.o(.data)
    raise_step                               0x20000080   Data           4  database.o(.data)
    duration_Ins                             0x20000084   Data           4  database.o(.data)
    duration_Exp                             0x20000088   Data           4  database.o(.data)
    is_inspiratory                           0x2000008c   Data           4  database.o(.data)
    turbo_speed                              0x20000090   Data           4  database.o(.data)
    Current_Pressure_Ins                     0x20000094   Data           4  database.o(.data)
    Current_Pressure_Exp                     0x20000098   Data           4  database.o(.data)
    Current_Flow_Ins                         0x2000009c   Data           4  database.o(.data)
    Current_Flow_Exp                         0x200000a0   Data           4  database.o(.data)
    Pressure_Report                          0x200000a4   Data           4  database.o(.data)
    PasOxi_Report                            0x200000a8   Data           4  database.o(.data)
    O2_Report                                0x200000ac   Data           4  database.o(.data)
    send_report                              0x200000b0   Data           1  database.o(.data)
    Current_P_Triger                         0x200000b4   Data           4  database.o(.data)
    Config_request                           0x200000b8   Data           1  database.o(.data)
    status_change_falg                       0x200000b9   Data           1  database.o(.data)
    status_bar                               0x200000bc   Data           4  database.o(.data)
    ACV_Vt_Sens                              0x200000c0   Data           4  database.o(.data)
    ACP_Vt_Sens                              0x200000c4   Data           4  database.o(.data)
    SIMV_Vt_Sens                             0x200000c8   Data           4  database.o(.data)
    PSV_Vt_Sens                              0x200000cc   Data           4  database.o(.data)
    flow_to_voloume_des                      0x200000d0   Data           4  database.o(.data)
    ACV_Vt_Sens_Ins                          0x200000d4   Data           4  database.o(.data)
    ACV_Vt_Sens_Exp                          0x200000d8   Data           4  database.o(.data)
    ACP_Vt_Sens_Ins                          0x200000dc   Data           4  database.o(.data)
    ACP_Vt_Sens_Exp                          0x200000e0   Data           4  database.o(.data)
    PSV_Vt_Sens_Ins                          0x200000e4   Data           4  database.o(.data)
    PSV_Vt_Sens_Exp                          0x200000e8   Data           4  database.o(.data)
    SIMV_Vt_Sens_Ins                         0x200000ec   Data           4  database.o(.data)
    SIMV_Vt_Sens_Exp                         0x200000f0   Data           4  database.o(.data)
    t3_counter_old                           0x200000f4   Data           4  database.o(.data)
    t3_counter                               0x200000f8   Data           4  database.o(.data)
    mode_counter                             0x200000fc   Data           4  database.o(.data)
    T_expiration                             0x20000100   Data           4  database.o(.data)
    T_expiration_simv                        0x20000104   Data           4  database.o(.data)
    ALARM_RECEIVED                           0x20000108   Data           1  database.o(.data)
    Audio_Paused_available                   0x20000109   Data           1  database.o(.data)
    Alarm_Paused_available                   0x2000010a   Data           1  database.o(.data)
    ALARM_CODE                               0x2000010c   Data           4  database.o(.data)
    PSV_Flow_MAXi_sens                       0x20000110   Data           4  database.o(.data)
    PSV_MODE_INS                             0x20000114   Data           1  database.o(.data)
    PSV_MODE_STEP                            0x20000118   Data           4  database.o(.data)
    sigh_occured                             0x2000011c   Data           1  database.o(.data)
    sigh_counter                             0x20000120   Data           4  database.o(.data)
    cnt_temp                                 0x20000124   Data           4  database.o(.data)
    is_trigger_simv                          0x20000128   Data           4  database.o(.data)
    is_apnea_simv                            0x2000012c   Data           4  database.o(.data)
    valve_open                               0x20000130   Data           1  database.o(.data)
    report_response_packet_index             0x20000134   Data           4  database.o(.data)
    packet_index                             0x20000138   Data           4  database.o(.data)
    wait_for_sycle_finish                    0x2000013c   Data           1  database.o(.data)
    wait_for_Ins_finish                      0x2000013d   Data           1  database.o(.data)
    CURRENT_MODE                             0x2000013e   Data           1  database.o(.data)
    PSV_IPAP                                 0x20000140   Data           4  database.o(.data)
    PSV_EPAP                                 0x20000144   Data           4  database.o(.data)
    PSV_RISE_TIME                            0x20000148   Data           4  database.o(.data)
    PSV_TRRIG_I                              0x2000014c   Data           4  database.o(.data)
    PSV_BUR                                  0x20000150   Data           4  database.o(.data)
    PSV_Apnea                                0x20000154   Data           4  database.o(.data)
    PSV_MAXP                                 0x20000158   Data           4  database.o(.data)
    PSV_TRIIG_E                              0x2000015c   Data           4  database.o(.data)
    PSV_Target_Vt                            0x20000160   Data           4  database.o(.data)
    ACP_IPAP                                 0x20000164   Data           4  database.o(.data)
    ACP_EPAP                                 0x20000168   Data           4  database.o(.data)
    ACP_RISE_TIME                            0x2000016c   Data           4  database.o(.data)
    ACP_RATE                                 0x20000170   Data           4  database.o(.data)
    ACP_IT_RATIO                             0x20000174   Data           4  database.o(.data)
    ACP_Inspiratory                          0x20000178   Data           4  database.o(.data)
    ACP_Expiratory                           0x2000017c   Data           4  database.o(.data)
    ACP_TRRIG_I                              0x20000180   Data           4  database.o(.data)
    ACP_MAXP                                 0x20000184   Data           4  database.o(.data)
    ACP_Target_Vt                            0x20000188   Data           4  database.o(.data)
    ACV_EPAP                                 0x2000018c   Data           4  database.o(.data)
    ACV_RAMP                                 0x20000190   Data           4  database.o(.data)
    ACV_RATE                                 0x20000194   Data           4  database.o(.data)
    ACV_IT_RATIO                             0x20000198   Data           4  database.o(.data)
    ACV_Inspiratory                          0x2000019c   Data           4  database.o(.data)
    ACV_Expiratory                           0x200001a0   Data           4  database.o(.data)
    ACV_TRRIG_I                              0x200001a4   Data           4  database.o(.data)
    ACV_Sigh_Rate                            0x200001a8   Data           4  database.o(.data)
    ACV_Sigh                                 0x200001ac   Data           4  database.o(.data)
    ACV_Vt                                   0x200001b0   Data           4  database.o(.data)
    ACV_Vt_Sigh                              0x200001b4   Data           4  database.o(.data)
    ACP_Ti                                   0x200001b8   Data           4  database.o(.data)
    ACV_Ti                                   0x200001bc   Data           4  database.o(.data)
    SIMV_Ti                                  0x200001c0   Data           4  database.o(.data)
    SIMV_IPAP                                0x200001c4   Data           4  database.o(.data)
    SIMV_EPAP                                0x200001c8   Data           4  database.o(.data)
    SIMV_RATE_SIMV                           0x200001cc   Data           4  database.o(.data)
    SIMV_IT_RATIO                            0x200001d0   Data           4  database.o(.data)
    SIMV_Inspiratory                         0x200001d4   Data           4  database.o(.data)
    SIMV_Expiratory                          0x200001d8   Data           4  database.o(.data)
    SIMV_TRRIG_I                             0x200001dc   Data           4  database.o(.data)
    SIMV_BUR                                 0x200001e0   Data           4  database.o(.data)
    SIMV_Apnea                               0x200001e4   Data           4  database.o(.data)
    SIMV_Vt                                  0x200001e8   Data           4  database.o(.data)
    ALARM_PSV_Fr_Maxi                        0x200001ec   Data           4  database.o(.data)
    ALARM_PSV_FiO2_Mini                      0x200001f0   Data           4  database.o(.data)
    ALARM_PSV_FiO2_Maxi                      0x200001f4   Data           4  database.o(.data)
    ALARM_PSV_Vti_Mini                       0x200001f8   Data           4  database.o(.data)
    ALARM_PSV_Vti_Maxi                       0x200001fc   Data           4  database.o(.data)
    ALARM_PSV_Vte_Mini                       0x20000200   Data           4  database.o(.data)
    ALARM_ACP_Fr_Maxi                        0x20000204   Data           4  database.o(.data)
    ALARM_ACP_FiO2_Mini                      0x20000208   Data           4  database.o(.data)
    ALARM_ACP_FiO2_Maxi                      0x2000020c   Data           4  database.o(.data)
    ALARM_ACP_Vti_Mini                       0x20000210   Data           4  database.o(.data)
    ALARM_ACP_Vti_Maxi                       0x20000214   Data           4  database.o(.data)
    ALARM_ACP_Vte_Mini                       0x20000218   Data           4  database.o(.data)
    ALARM_ACV_Pi_Mini                        0x2000021c   Data           4  database.o(.data)
    ALARM_ACV_Pi_Maxi                        0x20000220   Data           4  database.o(.data)
    ALARM_ACV_Fr_Maxi                        0x20000224   Data           4  database.o(.data)
    ALARM_ACV_FiO2_Mini                      0x20000228   Data           4  database.o(.data)
    ALARM_ACV_FiO2_Maxi                      0x2000022c   Data           4  database.o(.data)
    ALARM_ACV_Vte_Mini                       0x20000230   Data           4  database.o(.data)
    ALARM_SIMV_Pi_Mini                       0x20000234   Data           4  database.o(.data)
    ALARM_SIMV_Pi_Maxi                       0x20000238   Data           4  database.o(.data)
    ALARM_SIMV_Fr_Maxi                       0x2000023c   Data           4  database.o(.data)
    ALARM_SIMV_FiO2_Mini                     0x20000240   Data           4  database.o(.data)
    ALARM_SIMV_FiO2_Maxi                     0x20000244   Data           4  database.o(.data)
    ALARM_SIMV_Vte_Mini                      0x20000248   Data           4  database.o(.data)
    pwm_i_acp                                0x2000024c   Data           4  database.o(.data)
    pwm_e_acp                                0x20000250   Data           4  database.o(.data)
    sum_check                                0x20000254   Data           4  check_device_init.o(.data)
    Tt_simv                                  0x20000258   Data           4  simv_mode.o(.data)
    Ttrig_simv                               0x2000025c   Data           4  simv_mode.o(.data)
    Ti_simv                                  0x20000260   Data           4  simv_mode.o(.data)
    Te_simv                                  0x20000264   Data           4  simv_mode.o(.data)
    Tt_simv_apnea                            0x20000268   Data           4  simv_mode.o(.data)
    Ti_simv_apnea                            0x2000026c   Data           4  simv_mode.o(.data)
    Te_simv_apnea                            0x20000270   Data           4  simv_mode.o(.data)
    SIMV_Ins_Pressure                        0x20000274   Data           4  simv_mode.o(.data)
    SIMV_Exp_Pressure                        0x20000278   Data           4  simv_mode.o(.data)
    SIMV_Ins_Flow                            0x2000027c   Data           4  simv_mode.o(.data)
    SIMV_Exp_Flow                            0x20000280   Data           4  simv_mode.o(.data)
    pwm_i_simv                               0x20000284   Data           4  simv_mode.o(.data)
    pwm_Vt_simv_normal                       0x20000288   Data           4  simv_mode.o(.data)
    pwm_e_simv                               0x2000028c   Data           4  simv_mode.o(.data)
    pwm_i_simv_normal                        0x20000290   Data           4  simv_mode.o(.data)
    pwm_e_simv_normal                        0x20000294   Data           4  simv_mode.o(.data)
    Pe_Ad_SIMV                               0x20000298   Data           4  simv_mode.o(.data)
    Pe_Pa_SIMV                               0x2000029c   Data           4  simv_mode.o(.data)
    Q_Pa_SIMV                                0x200002a0   Data           4  simv_mode.o(.data)
    Q_Ad_SIMV                                0x200002a4   Data           4  simv_mode.o(.data)
    Pe                                       0x200002a8   Data           4  simv_mode.o(.data)
    Bias_Flow                                0x200002ac   Data           4  simv_mode.o(.data)
    SIMV_Exp_Pressure_Trriger                0x200002b0   Data           4  simv_mode.o(.data)
    pwm_Vt_simv                              0x200002b4   Data           4  simv_mode.o(.data)
    pwm_Vt_simv_calulate                     0x200002b8   Data           4  simv_mode.o(.data)
    Tt_acv                                   0x200002bc   Data           4  acv_mode.o(.data)
    Ti_acv                                   0x200002c0   Data           4  acv_mode.o(.data)
    Te_acv                                   0x200002c4   Data           4  acv_mode.o(.data)
    ACV_Exp_Pressure                         0x200002c8   Data           4  acv_mode.o(.data)
    ACV_Ins_Pressure                         0x200002cc   Data           4  acv_mode.o(.data)
    ACV_Exp_Flow                             0x200002d0   Data           4  acv_mode.o(.data)
    pwm_Vt_acv                               0x200002d4   Data           4  acv_mode.o(.data)
    pwm_Vt_acv_normal                        0x200002d8   Data           4  acv_mode.o(.data)
    pwm_Vt_acv_calulate                      0x200002dc   Data           4  acv_mode.o(.data)
    pwm_e_acv                                0x200002e0   Data           4  acv_mode.o(.data)
    pwm_e_acv_normal                         0x200002e4   Data           4  acv_mode.o(.data)
    Pe_Ad_ACV                                0x200002e8   Data           4  acv_mode.o(.data)
    Pe_Pa_ACV                                0x200002ec   Data           4  acv_mode.o(.data)
    Flow_Pa_ACV                              0x200002f0   Data           4  acv_mode.o(.data)
    Flow_Ad_ACV                              0x200002f4   Data           4  acv_mode.o(.data)
    Pe_ACV                                   0x200002f8   Data           4  acv_mode.o(.data)
    Bias_Flow_ACV                            0x200002fc   Data           4  acv_mode.o(.data)
    ACV_Exp_Pressure_Trriger                 0x20000300   Data           4  acv_mode.o(.data)
    Ti_psv                                   0x20000304   Data           4  psv_mode.o(.data)
    trs_step_psv                             0x20000308   Data           4  psv_mode.o(.data)
    PSV_IT_RATIO_apnea                       0x2000030c   Data           4  psv_mode.o(.data)
    Trs_psv                                  0x20000310   Data           4  psv_mode.o(.data)
    PSV_Ins_Pressure                         0x20000314   Data           4  psv_mode.o(.data)
    PSV_Exp_Pressure                         0x20000318   Data           4  psv_mode.o(.data)
    PSV_Ins_Flow                             0x2000031c   Data           4  psv_mode.o(.data)
    PSV_Exp_Flow                             0x20000320   Data           4  psv_mode.o(.data)
    pwm_i_psv                                0x20000324   Data           4  psv_mode.o(.data)
    pwm_i_psv_normal                         0x20000328   Data           4  psv_mode.o(.data)
    pwm_e_psv                                0x2000032c   Data           4  psv_mode.o(.data)
    pwm_max_psv                              0x20000330   Data           4  psv_mode.o(.data)
    Pe_Ad_psv                                0x20000334   Data           4  psv_mode.o(.data)
    Pe_Pa_psv                                0x20000338   Data           4  psv_mode.o(.data)
    Q_Pa_psv                                 0x2000033c   Data           4  psv_mode.o(.data)
    Q_Ad_psv                                 0x20000340   Data           4  psv_mode.o(.data)
    Pe_psv                                   0x20000344   Data           4  psv_mode.o(.data)
    Bias_Flow_psv                            0x20000348   Data           4  psv_mode.o(.data)
    PSV_Exp_Pressure_Trriger                 0x2000034c   Data           4  psv_mode.o(.data)
    PSV_Vt_Sens_normal                       0x20000350   Data           4  psv_mode.o(.data)
    pwm_Vt_psv                               0x20000354   Data           4  psv_mode.o(.data)
    pwm_Vt_psv_calulate                      0x20000358   Data           4  psv_mode.o(.data)
    Tt_psv_apnea                             0x2000035c   Data           4  psv_mode.o(.data)
    Ti_psv_apnea                             0x20000360   Data           4  psv_mode.o(.data)
    Te_psv_apnea                             0x20000364   Data           4  psv_mode.o(.data)
    is_trigger_psv                           0x20000368   Data           4  psv_mode.o(.data)
    send_complete                            0x2000036c   Data           1  main.o(.data)
    paceket_decoded                          0x2000036d   Data           1  main.o(.data)
    no_alarm_sent                            0x2000036e   Data           1  main.o(.data)
    packet_received                          0x20000370   Data           4  main.o(.data)
    rspy_receive_buffer_index                0x20000374   Data           4  main.o(.data)
    loop_indx                                0x20000378   Data           4  main.o(.data)
    max_flow1                                0x2000037c   Data           4  main.o(.data)
    max_flow2                                0x20000380   Data           4  main.o(.data)
    tm1t                                     0x20000384   Data           4  stm32f4xx_it.o(.data)
    sw1                                      0x20000388   Data           4  stm32f4xx_it.o(.data)
    tm2_speed                                0x2000038c   Data           4  stm32f4xx_it.o(.data)
    spd                                      0x20000390   Data           4  stm32f4xx_it.o(.data)
    PSV_SV_Counter                           0x20000394   Data           4  stm32f4xx_it.o(.data)
    send_counter                             0x20000398   Data           4  stm32f4xx_it.o(.data)
    sumf                                     0x2000039c   Data           4  stm32f4xx_it.o(.data)
    sum                                      0x200003a0   Data           4  stm32f4xx_it.o(.data)
    status_counter                           0x200003a4   Data           4  stm32f4xx_it.o(.data)
    Vt_Sens                                  0x200003a8   Data           4  stm32f4xx_it.o(.data)
    Pressure_Report_tmp                      0x200003ac   Data           4  stm32f4xx_it.o(.data)
    Flow_Report_tmp                          0x200003b0   Data           4  stm32f4xx_it.o(.data)
    O2_Report_tmp                            0x200003b4   Data           4  stm32f4xx_it.o(.data)
    e                                        0x200003b8   Data           4  stm32f4xx_it.o(.data)
    ACP_Vt_Sens_normal                       0x200003bc   Data           4  mode_acp.o(.data)
    pwm_i_acp_normal                         0x200003c0   Data           4  mode_acp.o(.data)
    Tt_acp                                   0x200003c4   Data           4  mode_acp.o(.data)
    Ti_acp                                   0x200003c8   Data           4  mode_acp.o(.data)
    Tflat_acp                                0x200003cc   Data           4  mode_acp.o(.data)
    Te_acp                                   0x200003d0   Data           4  mode_acp.o(.data)
    trs_step_acp                             0x200003d4   Data           4  mode_acp.o(.data)
    Trs_acp                                  0x200003d8   Data           4  mode_acp.o(.data)
    ACP_Ins_Pressure                         0x200003dc   Data           4  mode_acp.o(.data)
    ACP_Exp_Pressure                         0x200003e0   Data           4  mode_acp.o(.data)
    ACP_Ins_Flow                             0x200003e4   Data           4  mode_acp.o(.data)
    ACP_Exp_Flow                             0x200003e8   Data           4  mode_acp.o(.data)
    ACP_Exp_Pressure_Trriger                 0x200003ec   Data           4  mode_acp.o(.data)
    pwm_max                                  0x200003f0   Data           4  mode_acp.o(.data)
    pwm_e_acp_normal                         0x200003f4   Data           4  mode_acp.o(.data)
    pwm_Vt_acp                               0x200003f8   Data           4  mode_acp.o(.data)
    pwm_Vt_acp_calulate                      0x200003fc   Data           4  mode_acp.o(.data)
    Pe_Ad_ACP                                0x20000400   Data           4  mode_acp.o(.data)
    Pe_Pa_ACP                                0x20000404   Data           4  mode_acp.o(.data)
    Flow_Pa_ACP                              0x20000408   Data           4  mode_acp.o(.data)
    Flow_Ad_ACP                              0x2000040c   Data           4  mode_acp.o(.data)
    Pe_ACP                                   0x20000410   Data           4  mode_acp.o(.data)
    Bias_Flow_ACP                            0x20000414   Data           4  mode_acp.o(.data)
    uwTickFreq                               0x20000418   Data           1  stm32f4xx_hal.o(.data)
    uwTickPrio                               0x2000041c   Data           4  stm32f4xx_hal.o(.data)
    uwTick                                   0x20000420   Data           4  stm32f4xx_hal.o(.data)
    SystemCoreClock                          0x20000424   Data           4  system_stm32f4xx.o(.data)
    st                                       0x20000428   Data          80  database.o(.bss)
    report_response_packet                   0x20000478   Data         148  database.o(.bss)
    hadc3                                    0x2000050c   Data          72  main.o(.bss)
    hdac                                     0x20000554   Data          20  main.o(.bss)
    hi2c1                                    0x20000568   Data          84  main.o(.bss)
    hspi1                                    0x200005bc   Data          88  main.o(.bss)
    hspi2                                    0x20000614   Data          88  main.o(.bss)
    htim1                                    0x2000066c   Data          64  main.o(.bss)
    htim2                                    0x200006ac   Data          64  main.o(.bss)
    htim3                                    0x200006ec   Data          64  main.o(.bss)
    htim4                                    0x2000072c   Data          64  main.o(.bss)
    htim12                                   0x2000076c   Data          64  main.o(.bss)
    huart4                                   0x200007ac   Data          64  main.o(.bss)
    huart1                                   0x200007ec   Data          64  main.o(.bss)
    huart2                                   0x2000082c   Data          64  main.o(.bss)
    huart3                                   0x2000086c   Data          64  main.o(.bss)
    huart6                                   0x200008ac   Data          64  main.o(.bss)
    rspy_receive_buffer                      0x200008ec   Data         500  main.o(.bss)
    rspy_receive_buffer_Data                 0x20000ae0   Data        1000  main.o(.bss)
    dt                                       0x20000ec8   Data         141  main.o(.bss)
    __initial_sp                             0x20001358   Data           0  startup_stm32f407xx.o(STACK)



==============================================================================

Memory Map of the image

  Image Entry point : 0x08000189

  Load Region LR_IROM1 (Base: 0x08000000, Size: 0x000064c8, Max: 0x00100000, ABSOLUTE, COMPRESSED[0x00006110])

    Execution Region ER_IROM1 (Exec base: 0x08000000, Load base: 0x08000000, Size: 0x000060a0, Max: 0x00100000, ABSOLUTE)

    Exec Addr    Load Addr    Size         Type   Attr      Idx    E Section Name        Object

    0x08000000   0x08000000   0x00000188   Data   RO            3    RESET               startup_stm32f407xx.o
    0x08000188   0x08000188   0x00000000   Code   RO         4883  * .ARM.Collect$$$$00000000  mc_w.l(entry.o)
    0x08000188   0x08000188   0x00000004   Code   RO         4906    .ARM.Collect$$$$00000001  mc_w.l(entry2.o)
    0x0800018c   0x0800018c   0x00000004   Code   RO         4909    .ARM.Collect$$$$00000004  mc_w.l(entry5.o)
    0x08000190   0x08000190   0x00000000   Code   RO         4911    .ARM.Collect$$$$00000008  mc_w.l(entry7b.o)
    0x08000190   0x08000190   0x00000000   Code   RO         4913    .ARM.Collect$$$$0000000A  mc_w.l(entry8b.o)
    0x08000190   0x08000190   0x00000008   Code   RO         4914    .ARM.Collect$$$$0000000B  mc_w.l(entry9a.o)
    0x08000198   0x08000198   0x00000000   Code   RO         4916    .ARM.Collect$$$$0000000D  mc_w.l(entry10a.o)
    0x08000198   0x08000198   0x00000000   Code   RO         4918    .ARM.Collect$$$$0000000F  mc_w.l(entry11a.o)
    0x08000198   0x08000198   0x00000004   Code   RO         4907    .ARM.Collect$$$$00002712  mc_w.l(entry2.o)
    0x0800019c   0x0800019c   0x00000024   Code   RO            4    .text               startup_stm32f407xx.o
    0x080001c0   0x080001c0   0x00000062   Code   RO         4886    .text               mc_w.l(uldiv.o)
    0x08000222   0x08000222   0x00000024   Code   RO         4888    .text               mc_w.l(memseta.o)
    0x08000246   0x08000246   0x0000014e   Code   RO         4890    .text               mf_w.l(dadd.o)
    0x08000394   0x08000394   0x000000e4   Code   RO         4892    .text               mf_w.l(dmul.o)
    0x08000478   0x08000478   0x000000de   Code   RO         4894    .text               mf_w.l(ddiv.o)
    0x08000556   0x08000556   0x00000022   Code   RO         4896    .text               mf_w.l(dflti.o)
    0x08000578   0x08000578   0x0000003e   Code   RO         4898    .text               mf_w.l(dfixi.o)
    0x080005b6   0x080005b6   0x00000026   Code   RO         4900    .text               mf_w.l(f2d.o)
    0x080005dc   0x080005dc   0x00000038   Code   RO         4904    .text               mf_w.l(d2f.o)
    0x08000614   0x08000614   0x0000001e   Code   RO         4920    .text               mc_w.l(llshl.o)
    0x08000632   0x08000632   0x00000020   Code   RO         4922    .text               mc_w.l(llushr.o)
    0x08000652   0x08000652   0x00000024   Code   RO         4924    .text               mc_w.l(llsshr.o)
    0x08000676   0x08000676   0x00000000   Code   RO         4926    .text               mc_w.l(iusefp.o)
    0x08000676   0x08000676   0x0000006e   Code   RO         4927    .text               mf_w.l(fepilogue.o)
    0x080006e4   0x080006e4   0x000000ba   Code   RO         4929    .text               mf_w.l(depilogue.o)
    0x0800079e   0x0800079e   0x00000002   PAD
    0x080007a0   0x080007a0   0x00000024   Code   RO         4931    .text               mc_w.l(init.o)
    0x080007c4   0x080007c4   0x00000056   Code   RO         4941    .text               mc_w.l(__dczerorl2.o)
    0x0800081a   0x0800081a   0x00000002   PAD
    0x0800081c   0x0800081c   0x00000400   Code   RO          754    i.ACV_Mode          acv_mode.o
    0x08000c1c   0x08000c1c   0x00000084   Code   RO           13    i.ADC_CNL           driver.o
    0x08000ca0   0x08000ca0   0x00000128   Code   RO         1198    i.ADC_Init          stm32f4xx_hal_adc.o
    0x08000dc8   0x08000dc8   0x0000003c   Code   RO           14    i.ADC_READ          driver.o
    0x08000e04   0x08000e04   0x00000002   Code   RO          945    i.BusFault_Handler  stm32f4xx_it.o
    0x08000e06   0x08000e06   0x00000002   Code   RO          946    i.DebugMon_Handler  stm32f4xx_it.o
    0x08000e08   0x08000e08   0x00000014   Code   RO          947    i.EXTI15_10_IRQHandler  stm32f4xx_it.o
    0x08000e1c   0x08000e1c   0x00000050   Code   RO          948    i.EXTI9_5_IRQHandler  stm32f4xx_it.o
    0x08000e6c   0x08000e6c   0x00000002   Code   RO          809    i.Error_Handler     main.o
    0x08000e6e   0x08000e6e   0x00000002   PAD
    0x08000e70   0x08000e70   0x0000014c   Code   RO         1200    i.HAL_ADC_ConfigChannel  stm32f4xx_hal_adc.o
    0x08000fbc   0x08000fbc   0x00000006   Code   RO         1207    i.HAL_ADC_GetValue  stm32f4xx_hal_adc.o
    0x08000fc2   0x08000fc2   0x00000054   Code   RO         1209    i.HAL_ADC_Init      stm32f4xx_hal_adc.o
    0x08001016   0x08001016   0x00000002   PAD
    0x08001018   0x08001018   0x00000084   Code   RO         1084    i.HAL_ADC_MspInit   stm32f4xx_hal_msp.o
    0x0800109c   0x0800109c   0x000000a2   Code   RO         1213    i.HAL_ADC_PollForConversion  stm32f4xx_hal_adc.o
    0x0800113e   0x0800113e   0x00000002   PAD
    0x08001140   0x08001140   0x000000ec   Code   RO         1215    i.HAL_ADC_Start     stm32f4xx_hal_adc.o
    0x0800122c   0x0800122c   0x0000003c   Code   RO         1218    i.HAL_ADC_Stop      stm32f4xx_hal_adc.o
    0x08001268   0x08001268   0x00000042   Code   RO         2605    i.HAL_DAC_ConfigChannel  stm32f4xx_hal_dac.o
    0x080012aa   0x080012aa   0x00000028   Code   RO         2615    i.HAL_DAC_Init      stm32f4xx_hal_dac.o
    0x080012d2   0x080012d2   0x00000002   PAD
    0x080012d4   0x080012d4   0x00000060   Code   RO         1086    i.HAL_DAC_MspInit   stm32f4xx_hal_msp.o
    0x08001334   0x08001334   0x00000024   Code   RO         2351    i.HAL_Delay         stm32f4xx_hal.o
    0x08001358   0x08001358   0x00000002   Code   RO         1823    i.HAL_GPIO_EXTI_Callback  stm32f4xx_hal_gpio.o
    0x0800135a   0x0800135a   0x00000002   PAD
    0x0800135c   0x0800135c   0x00000018   Code   RO         1824    i.HAL_GPIO_EXTI_IRQHandler  stm32f4xx_hal_gpio.o
    0x08001374   0x08001374   0x000001b8   Code   RO         1825    i.HAL_GPIO_Init     stm32f4xx_hal_gpio.o
    0x0800152c   0x0800152c   0x0000000a   Code   RO         1827    i.HAL_GPIO_ReadPin  stm32f4xx_hal_gpio.o
    0x08001536   0x08001536   0x0000000e   Code   RO         1828    i.HAL_GPIO_TogglePin  stm32f4xx_hal_gpio.o
    0x08001544   0x08001544   0x0000000a   Code   RO         1829    i.HAL_GPIO_WritePin  stm32f4xx_hal_gpio.o
    0x0800154e   0x0800154e   0x00000002   PAD
    0x08001550   0x08001550   0x0000000c   Code   RO         2357    i.HAL_GetTick       stm32f4xx_hal.o
    0x0800155c   0x0800155c   0x00000188   Code   RO         2838    i.HAL_I2C_Init      stm32f4xx_hal_i2c.o
    0x080016e4   0x080016e4   0x0000006c   Code   RO         1088    i.HAL_I2C_MspInit   stm32f4xx_hal_msp.o
    0x08001750   0x08001750   0x00000010   Code   RO         2363    i.HAL_IncTick       stm32f4xx_hal.o
    0x08001760   0x08001760   0x00000034   Code   RO         2364    i.HAL_Init          stm32f4xx_hal.o
    0x08001794   0x08001794   0x00000040   Code   RO         2365    i.HAL_InitTick      stm32f4xx_hal.o
    0x080017d4   0x080017d4   0x00000030   Code   RO         1089    i.HAL_MspInit       stm32f4xx_hal_msp.o
    0x08001804   0x08001804   0x0000001a   Code   RO         2214    i.HAL_NVIC_EnableIRQ  stm32f4xx_hal_cortex.o
    0x0800181e   0x0800181e   0x00000002   PAD
    0x08001820   0x08001820   0x00000040   Code   RO         2220    i.HAL_NVIC_SetPriority  stm32f4xx_hal_cortex.o
    0x08001860   0x08001860   0x00000024   Code   RO         2221    i.HAL_NVIC_SetPriorityGrouping  stm32f4xx_hal_cortex.o
    0x08001884   0x08001884   0x00000134   Code   RO         1471    i.HAL_RCC_ClockConfig  stm32f4xx_hal_rcc.o
    0x080019b8   0x080019b8   0x00000020   Code   RO         1478    i.HAL_RCC_GetPCLK1Freq  stm32f4xx_hal_rcc.o
    0x080019d8   0x080019d8   0x00000020   Code   RO         1479    i.HAL_RCC_GetPCLK2Freq  stm32f4xx_hal_rcc.o
    0x080019f8   0x080019f8   0x00000060   Code   RO         1480    i.HAL_RCC_GetSysClockFreq  stm32f4xx_hal_rcc.o
    0x08001a58   0x08001a58   0x0000035c   Code   RO         1483    i.HAL_RCC_OscConfig  stm32f4xx_hal_rcc.o
    0x08001db4   0x08001db4   0x00000080   Code   RO         3283    i.HAL_SPI_Init      stm32f4xx_hal_spi.o
    0x08001e34   0x08001e34   0x000000b0   Code   RO         1091    i.HAL_SPI_MspInit   stm32f4xx_hal_msp.o
    0x08001ee4   0x08001ee4   0x00000028   Code   RO         2225    i.HAL_SYSTICK_Config  stm32f4xx_hal_cortex.o
    0x08001f0c   0x08001f0c   0x00000002   Code   RO         4271    i.HAL_TIMEx_BreakCallback  stm32f4xx_hal_tim_ex.o
    0x08001f0e   0x08001f0e   0x00000002   Code   RO         4272    i.HAL_TIMEx_CommutCallback  stm32f4xx_hal_tim_ex.o
    0x08001f10   0x08001f10   0x00000090   Code   RO         4289    i.HAL_TIMEx_MasterConfigSynchronization  stm32f4xx_hal_tim_ex.o
    0x08001fa0   0x08001fa0   0x00000036   Code   RO         3596    i.HAL_TIM_Base_Init  stm32f4xx_hal_tim.o
    0x08001fd6   0x08001fd6   0x00000002   PAD
    0x08001fd8   0x08001fd8   0x000000dc   Code   RO         1093    i.HAL_TIM_Base_MspInit  stm32f4xx_hal_msp.o
    0x080020b4   0x080020b4   0x00000022   Code   RO         3601    i.HAL_TIM_Base_Start_IT  stm32f4xx_hal_tim.o
    0x080020d6   0x080020d6   0x000000d6   Code   RO         3605    i.HAL_TIM_ConfigClockSource  stm32f4xx_hal_tim.o
    0x080021ac   0x080021ac   0x00000002   Code   RO         3625    i.HAL_TIM_IC_CaptureCallback  stm32f4xx_hal_tim.o
    0x080021ae   0x080021ae   0x00000166   Code   RO         3639    i.HAL_TIM_IRQHandler  stm32f4xx_hal_tim.o
    0x08002314   0x08002314   0x00000002   Code   RO         3642    i.HAL_TIM_OC_DelayElapsedCallback  stm32f4xx_hal_tim.o
    0x08002316   0x08002316   0x00000002   Code   RO         3669    i.HAL_TIM_PWM_PulseFinishedCallback  stm32f4xx_hal_tim.o
    0x08002318   0x08002318   0x00000002   Code   RO         3677    i.HAL_TIM_PeriodElapsedCallback  stm32f4xx_hal_tim.o
    0x0800231a   0x0800231a   0x00000002   Code   RO         3682    i.HAL_TIM_TriggerCallback  stm32f4xx_hal_tim.o
    0x0800231c   0x0800231c   0x00000062   Code   RO         4547    i.HAL_UART_Init     stm32f4xx_hal_uart.o
    0x0800237e   0x0800237e   0x00000002   PAD
    0x08002380   0x08002380   0x000001bc   Code   RO         1095    i.HAL_UART_MspInit  stm32f4xx_hal_msp.o
    0x0800253c   0x0800253c   0x000000ba   Code   RO         4555    i.HAL_UART_Transmit  stm32f4xx_hal_uart.o
    0x080025f6   0x080025f6   0x00000002   Code   RO          949    i.HardFault_Handler  stm32f4xx_it.o
    0x080025f8   0x080025f8   0x00000058   Code   RO          810    i.MX_ADC3_Init      main.o
    0x08002650   0x08002650   0x000001fc   Code   RO          811    i.MX_GPIO_Init      main.o
    0x0800284c   0x0800284c   0x00000034   Code   RO          812    i.MX_SPI1_Init      main.o
    0x08002880   0x08002880   0x00000030   Code   RO          813    i.MX_SPI2_Init      main.o
    0x080028b0   0x080028b0   0x00000058   Code   RO          814    i.MX_TIM1_Init      main.o
    0x08002908   0x08002908   0x00000054   Code   RO          815    i.MX_TIM2_Init      main.o
    0x0800295c   0x0800295c   0x00000054   Code   RO          816    i.MX_TIM3_Init      main.o
    0x080029b0   0x080029b0   0x00000054   Code   RO          817    i.MX_TIM4_Init      main.o
    0x08002a04   0x08002a04   0x00000002   Code   RO          950    i.MemManage_Handler  stm32f4xx_it.o
    0x08002a06   0x08002a06   0x00000002   PAD
    0x08002a08   0x08002a08   0x00000450   Code   RO         1176    i.Mode_ACP          mode_acp.o
    0x08002e58   0x08002e58   0x00000002   Code   RO          951    i.NMI_Handler       stm32f4xx_it.o
    0x08002e5a   0x08002e5a   0x00000002   PAD
    0x08002e5c   0x08002e5c   0x0000046c   Code   RO          780    i.PSV_Mode          psv_mode.o
    0x080032c8   0x080032c8   0x00000002   Code   RO          952    i.PendSV_Handler    stm32f4xx_it.o
    0x080032ca   0x080032ca   0x00000002   PAD
    0x080032cc   0x080032cc   0x000004d0   Code   RO          733    i.SIMV_Mode         simv_mode.o
    0x0800379c   0x0800379c   0x00000028   Code   RO          543    i.STANDBY_Mode      standby_mode.o
    0x080037c4   0x080037c4   0x00000002   Code   RO          953    i.SVC_Handler       stm32f4xx_it.o
    0x080037c6   0x080037c6   0x00000004   Code   RO          954    i.SysTick_Handler   stm32f4xx_it.o
    0x080037ca   0x080037ca   0x00000002   PAD
    0x080037cc   0x080037cc   0x00000080   Code   RO          818    i.SystemClock_Config  main.o
    0x0800384c   0x0800384c   0x0000001c   Code   RO         4849    i.SystemInit        system_stm32f4xx.o
    0x08003868   0x08003868   0x00000048   Code   RO          955    i.TIM1_UP_TIM10_IRQHandler  stm32f4xx_it.o
    0x080038b0   0x080038b0   0x0000000c   Code   RO          956    i.TIM2_IRQHandler   stm32f4xx_it.o
    0x080038bc   0x080038bc   0x00000ac4   Code   RO          957    i.TIM3_IRQHandler   stm32f4xx_it.o
    0x08004380   0x08004380   0x00000070   Code   RO          958    i.TIM4_IRQHandler   stm32f4xx_it.o
    0x080043f0   0x080043f0   0x0000006c   Code   RO          959    i.TIM8_BRK_TIM12_IRQHandler  stm32f4xx_it.o
    0x0800445c   0x0800445c   0x000000c8   Code   RO         3684    i.TIM_Base_SetConfig  stm32f4xx_hal_tim.o
    0x08004524   0x08004524   0x00000014   Code   RO         3695    i.TIM_ETR_SetConfig  stm32f4xx_hal_tim.o
    0x08004538   0x08004538   0x00000010   Code   RO         3696    i.TIM_ITRx_SetConfig  stm32f4xx_hal_tim.o
    0x08004548   0x08004548   0x00000022   Code   RO         3702    i.TIM_TI1_ConfigInputStage  stm32f4xx_hal_tim.o
    0x0800456a   0x0800456a   0x00000024   Code   RO         3704    i.TIM_TI2_ConfigInputStage  stm32f4xx_hal_tim.o
    0x0800458e   0x0800458e   0x00000002   PAD
    0x08004590   0x08004590   0x00000128   Code   RO         4573    i.UART_SetConfig    stm32f4xx_hal_uart.o
    0x080046b8   0x080046b8   0x00000064   Code   RO         4575    i.UART_WaitOnFlagUntilTimeout  stm32f4xx_hal_uart.o
    0x0800471c   0x0800471c   0x0000005c   Code   RO          960    i.USART2_IRQHandler  stm32f4xx_it.o
    0x08004778   0x08004778   0x00000002   Code   RO          961    i.UsageFault_Handler  stm32f4xx_it.o
    0x0800477a   0x0800477a   0x00000020   Code   RO         2227    i.__NVIC_SetPriority  stm32f4xx_hal_cortex.o
    0x0800479a   0x0800479a   0x0000000e   Code   RO         4935    i.__scatterload_copy  mc_w.l(handlers.o)
    0x080047a8   0x080047a8   0x00000002   Code   RO         4936    i.__scatterload_null  mc_w.l(handlers.o)
    0x080047aa   0x080047aa   0x0000000e   Code   RO         4937    i.__scatterload_zeroinit  mc_w.l(handlers.o)
    0x080047b8   0x080047b8   0x000000b4   Code   RO          500    i.acp_mode_decoder  modes_setting.o
    0x0800486c   0x0800486c   0x0000004c   Code   RO          276    i.acv_alarm_decoder  alarms_setting.o
    0x080048b8   0x080048b8   0x000000e8   Code   RO          501    i.acv_mode_decoder  modes_setting.o
    0x080049a0   0x080049a0   0x00000074   Code   RO           16    i.buzzer            driver.o
    0x08004a14   0x08004a14   0x000004f4   Code   RO          579    i.check_devices     check_device_init.o
    0x08004f08   0x08004f08   0x0000002c   Code   RO          819    i.crc_calc          main.o
    0x08004f34   0x08004f34   0x000000bc   Code   RO          820    i.create_checking_signal_for_raspberry  main.o
    0x08004ff0   0x08004ff0   0x00000070   Code   RO          822    i.create_response_for_raspberry  main.o
    0x08005060   0x08005060   0x00000002   Code   RO          823    i.date_time_decoder  main.o
    0x08005062   0x08005062   0x00000002   PAD
    0x08005064   0x08005064   0x000003ac   Code   RO          824    i.decode_raspi_packet  main.o
    0x08005410   0x08005410   0x000000a4   Code   RO           19    i.driver_init       driver.o
    0x080054b4   0x080054b4   0x00000078   Code   RO           21    i.flow              driver.o
    0x0800552c   0x0800552c   0x0000009c   Code   RO           23    i.led               driver.o
    0x080055c8   0x080055c8   0x00000398   Code   RO          825    i.main              main.o
    0x08005960   0x08005960   0x00000058   Code   RO          277    i.pcv_alarm_decoder  alarms_setting.o
    0x080059b8   0x080059b8   0x00000078   Code   RO           26    i.pressure          driver.o
    0x08005a30   0x08005a30   0x00000058   Code   RO          278    i.psv_alarm_decoder  alarms_setting.o
    0x08005a88   0x08005a88   0x00000070   Code   RO          502    i.psv_mode_decoder  modes_setting.o
    0x08005af8   0x08005af8   0x00000038   Code   RO          827    i.send_rspy         main.o
    0x08005b30   0x08005b30   0x0000004c   Code   RO          279    i.simv_alarm_decoder  alarms_setting.o
    0x08005b7c   0x08005b7c   0x000000b4   Code   RO          503    i.simv_mode_decoder  modes_setting.o
    0x08005c30   0x08005c30   0x00000018   Code   RO           28    i.status            driver.o
    0x08005c48   0x08005c48   0x00000020   Code   RO           29    i.turbo             driver.o
    0x08005c68   0x08005c68   0x00000400   Data   RO          830    .constdata          main.o
    0x08006068   0x08006068   0x00000010   Data   RO         4850    .constdata          system_stm32f4xx.o
    0x08006078   0x08006078   0x00000008   Data   RO         4851    .constdata          system_stm32f4xx.o
    0x08006080   0x08006080   0x00000020   Data   RO         4933    Region$$Table       anon$$obj.o


    Execution Region RW_IRAM2 (Exec base: 0x10000000, Load base: 0x08006110, Size: 0x00000000, Max: 0x00010000, ABSOLUTE)

    **** No section assigned to this execution region ****


    Execution Region RW_IRAM1 (Exec base: 0x20000000, Load base: 0x080060a0, Size: 0x00001358, Max: 0x00020000, ABSOLUTE, COMPRESSED[0x00000070])

    Exec Addr    Load Addr    Size         Type   Attr      Idx    E Section Name        Object

    0x20000000   COMPRESSED   0x00000015   Data   RW           32    .data               driver.o
    0x20000015   COMPRESSED   0x00000003   PAD
    0x20000018   COMPRESSED   0x00000004   Data   RW           33    .data               driver.o
    0x2000001c   COMPRESSED   0x00000001   Data   RW          329    .data               database.o
    0x2000001d   COMPRESSED   0x00000001   Data   RW          330    .data               database.o
    0x2000001e   COMPRESSED   0x00000001   Data   RW          331    .data               database.o
    0x2000001f   COMPRESSED   0x00000001   Data   RW          332    .data               database.o
    0x20000020   COMPRESSED   0x00000001   Data   RW          333    .data               database.o
    0x20000021   COMPRESSED   0x00000001   Data   RW          334    .data               database.o
    0x20000022   COMPRESSED   0x00000001   Data   RW          335    .data               database.o
    0x20000023   COMPRESSED   0x00000001   PAD
    0x20000024   COMPRESSED   0x00000004   Data   RW          336    .data               database.o
    0x20000028   COMPRESSED   0x00000004   Data   RW          337    .data               database.o
    0x2000002c   COMPRESSED   0x00000004   Data   RW          338    .data               database.o
    0x20000030   COMPRESSED   0x00000004   Data   RW          340    .data               database.o
    0x20000034   COMPRESSED   0x00000004   Data   RW          341    .data               database.o
    0x20000038   COMPRESSED   0x00000004   Data   RW          342    .data               database.o
    0x2000003c   COMPRESSED   0x00000004   Data   RW          343    .data               database.o
    0x20000040   COMPRESSED   0x00000004   Data   RW          344    .data               database.o
    0x20000044   COMPRESSED   0x00000004   Data   RW          345    .data               database.o
    0x20000048   COMPRESSED   0x00000004   Data   RW          346    .data               database.o
    0x2000004c   COMPRESSED   0x00000004   Data   RW          347    .data               database.o
    0x20000050   COMPRESSED   0x00000004   Data   RW          348    .data               database.o
    0x20000054   COMPRESSED   0x00000004   Data   RW          349    .data               database.o
    0x20000058   COMPRESSED   0x00000004   Data   RW          350    .data               database.o
    0x2000005c   COMPRESSED   0x00000004   Data   RW          351    .data               database.o
    0x20000060   COMPRESSED   0x00000004   Data   RW          352    .data               database.o
    0x20000064   COMPRESSED   0x00000004   Data   RW          353    .data               database.o
    0x20000068   COMPRESSED   0x00000004   Data   RW          354    .data               database.o
    0x2000006c   COMPRESSED   0x00000004   Data   RW          355    .data               database.o
    0x20000070   COMPRESSED   0x00000004   Data   RW          356    .data               database.o
    0x20000074   COMPRESSED   0x00000001   Data   RW          357    .data               database.o
    0x20000075   COMPRESSED   0x00000001   Data   RW          358    .data               database.o
    0x20000076   COMPRESSED   0x00000002   PAD
    0x20000078   COMPRESSED   0x00000004   Data   RW          359    .data               database.o
    0x2000007c   COMPRESSED   0x00000004   Data   RW          360    .data               database.o
    0x20000080   COMPRESSED   0x00000004   Data   RW          361    .data               database.o
    0x20000084   COMPRESSED   0x00000004   Data   RW          362    .data               database.o
    0x20000088   COMPRESSED   0x00000004   Data   RW          363    .data               database.o
    0x2000008c   COMPRESSED   0x00000004   Data   RW          364    .data               database.o
    0x20000090   COMPRESSED   0x00000004   Data   RW          365    .data               database.o
    0x20000094   COMPRESSED   0x00000004   Data   RW          366    .data               database.o
    0x20000098   COMPRESSED   0x00000004   Data   RW          367    .data               database.o
    0x2000009c   COMPRESSED   0x00000004   Data   RW          368    .data               database.o
    0x200000a0   COMPRESSED   0x00000004   Data   RW          369    .data               database.o
    0x200000a4   COMPRESSED   0x00000004   Data   RW          370    .data               database.o
    0x200000a8   COMPRESSED   0x00000004   Data   RW          373    .data               database.o
    0x200000ac   COMPRESSED   0x00000004   Data   RW          374    .data               database.o
    0x200000b0   COMPRESSED   0x00000001   Data   RW          375    .data               database.o
    0x200000b1   COMPRESSED   0x00000003   PAD
    0x200000b4   COMPRESSED   0x00000004   Data   RW          376    .data               database.o
    0x200000b8   COMPRESSED   0x00000001   Data   RW          377    .data               database.o
    0x200000b9   COMPRESSED   0x00000001   Data   RW          378    .data               database.o
    0x200000ba   COMPRESSED   0x00000002   PAD
    0x200000bc   COMPRESSED   0x00000004   Data   RW          379    .data               database.o
    0x200000c0   COMPRESSED   0x00000004   Data   RW          380    .data               database.o
    0x200000c4   COMPRESSED   0x00000004   Data   RW          381    .data               database.o
    0x200000c8   COMPRESSED   0x00000004   Data   RW          382    .data               database.o
    0x200000cc   COMPRESSED   0x00000004   Data   RW          383    .data               database.o
    0x200000d0   COMPRESSED   0x00000004   Data   RW          384    .data               database.o
    0x200000d4   COMPRESSED   0x00000004   Data   RW          385    .data               database.o
    0x200000d8   COMPRESSED   0x00000004   Data   RW          386    .data               database.o
    0x200000dc   COMPRESSED   0x00000004   Data   RW          387    .data               database.o
    0x200000e0   COMPRESSED   0x00000004   Data   RW          388    .data               database.o
    0x200000e4   COMPRESSED   0x00000004   Data   RW          389    .data               database.o
    0x200000e8   COMPRESSED   0x00000004   Data   RW          390    .data               database.o
    0x200000ec   COMPRESSED   0x00000004   Data   RW          391    .data               database.o
    0x200000f0   COMPRESSED   0x00000004   Data   RW          392    .data               database.o
    0x200000f4   COMPRESSED   0x00000004   Data   RW          393    .data               database.o
    0x200000f8   COMPRESSED   0x00000004   Data   RW          394    .data               database.o
    0x200000fc   COMPRESSED   0x00000004   Data   RW          395    .data               database.o
    0x20000100   COMPRESSED   0x00000004   Data   RW          396    .data               database.o
    0x20000104   COMPRESSED   0x00000004   Data   RW          397    .data               database.o
    0x20000108   COMPRESSED   0x00000001   Data   RW          398    .data               database.o
    0x20000109   COMPRESSED   0x00000001   Data   RW          399    .data               database.o
    0x2000010a   COMPRESSED   0x00000001   Data   RW          400    .data               database.o
    0x2000010b   COMPRESSED   0x00000001   PAD
    0x2000010c   COMPRESSED   0x00000004   Data   RW          401    .data               database.o
    0x20000110   COMPRESSED   0x00000004   Data   RW          403    .data               database.o
    0x20000114   COMPRESSED   0x00000001   Data   RW          404    .data               database.o
    0x20000115   COMPRESSED   0x00000003   PAD
    0x20000118   COMPRESSED   0x00000004   Data   RW          405    .data               database.o
    0x2000011c   COMPRESSED   0x00000001   Data   RW          406    .data               database.o
    0x2000011d   COMPRESSED   0x00000003   PAD
    0x20000120   COMPRESSED   0x00000004   Data   RW          407    .data               database.o
    0x20000124   COMPRESSED   0x00000004   Data   RW          408    .data               database.o
    0x20000128   COMPRESSED   0x00000004   Data   RW          409    .data               database.o
    0x2000012c   COMPRESSED   0x00000004   Data   RW          410    .data               database.o
    0x20000130   COMPRESSED   0x00000001   Data   RW          411    .data               database.o
    0x20000131   COMPRESSED   0x00000003   PAD
    0x20000134   COMPRESSED   0x00000004   Data   RW          412    .data               database.o
    0x20000138   COMPRESSED   0x00000004   Data   RW          413    .data               database.o
    0x2000013c   COMPRESSED   0x00000001   Data   RW          414    .data               database.o
    0x2000013d   COMPRESSED   0x00000001   Data   RW          415    .data               database.o
    0x2000013e   COMPRESSED   0x00000001   Data   RW          416    .data               database.o
    0x2000013f   COMPRESSED   0x00000001   PAD
    0x20000140   COMPRESSED   0x00000004   Data   RW          417    .data               database.o
    0x20000144   COMPRESSED   0x00000004   Data   RW          418    .data               database.o
    0x20000148   COMPRESSED   0x00000004   Data   RW          419    .data               database.o
    0x2000014c   COMPRESSED   0x00000004   Data   RW          420    .data               database.o
    0x20000150   COMPRESSED   0x00000004   Data   RW          421    .data               database.o
    0x20000154   COMPRESSED   0x00000004   Data   RW          422    .data               database.o
    0x20000158   COMPRESSED   0x00000004   Data   RW          423    .data               database.o
    0x2000015c   COMPRESSED   0x00000004   Data   RW          424    .data               database.o
    0x20000160   COMPRESSED   0x00000004   Data   RW          425    .data               database.o
    0x20000164   COMPRESSED   0x00000004   Data   RW          426    .data               database.o
    0x20000168   COMPRESSED   0x00000004   Data   RW          427    .data               database.o
    0x2000016c   COMPRESSED   0x00000004   Data   RW          428    .data               database.o
    0x20000170   COMPRESSED   0x00000004   Data   RW          429    .data               database.o
    0x20000174   COMPRESSED   0x00000004   Data   RW          430    .data               database.o
    0x20000178   COMPRESSED   0x00000004   Data   RW          431    .data               database.o
    0x2000017c   COMPRESSED   0x00000004   Data   RW          432    .data               database.o
    0x20000180   COMPRESSED   0x00000004   Data   RW          433    .data               database.o
    0x20000184   COMPRESSED   0x00000004   Data   RW          434    .data               database.o
    0x20000188   COMPRESSED   0x00000004   Data   RW          435    .data               database.o
    0x2000018c   COMPRESSED   0x00000004   Data   RW          436    .data               database.o
    0x20000190   COMPRESSED   0x00000004   Data   RW          437    .data               database.o
    0x20000194   COMPRESSED   0x00000004   Data   RW          438    .data               database.o
    0x20000198   COMPRESSED   0x00000004   Data   RW          439    .data               database.o
    0x2000019c   COMPRESSED   0x00000004   Data   RW          440    .data               database.o
    0x200001a0   COMPRESSED   0x00000004   Data   RW          441    .data               database.o
    0x200001a4   COMPRESSED   0x00000004   Data   RW          442    .data               database.o
    0x200001a8   COMPRESSED   0x00000004   Data   RW          443    .data               database.o
    0x200001ac   COMPRESSED   0x00000004   Data   RW          444    .data               database.o
    0x200001b0   COMPRESSED   0x00000004   Data   RW          445    .data               database.o
    0x200001b4   COMPRESSED   0x00000004   Data   RW          446    .data               database.o
    0x200001b8   COMPRESSED   0x00000004   Data   RW          447    .data               database.o
    0x200001bc   COMPRESSED   0x00000004   Data   RW          448    .data               database.o
    0x200001c0   COMPRESSED   0x00000004   Data   RW          449    .data               database.o
    0x200001c4   COMPRESSED   0x00000004   Data   RW          450    .data               database.o
    0x200001c8   COMPRESSED   0x00000004   Data   RW          451    .data               database.o
    0x200001cc   COMPRESSED   0x00000004   Data   RW          452    .data               database.o
    0x200001d0   COMPRESSED   0x00000004   Data   RW          453    .data               database.o
    0x200001d4   COMPRESSED   0x00000004   Data   RW          454    .data               database.o
    0x200001d8   COMPRESSED   0x00000004   Data   RW          455    .data               database.o
    0x200001dc   COMPRESSED   0x00000004   Data   RW          456    .data               database.o
    0x200001e0   COMPRESSED   0x00000004   Data   RW          457    .data               database.o
    0x200001e4   COMPRESSED   0x00000004   Data   RW          458    .data               database.o
    0x200001e8   COMPRESSED   0x00000004   Data   RW          459    .data               database.o
    0x200001ec   COMPRESSED   0x00000004   Data   RW          460    .data               database.o
    0x200001f0   COMPRESSED   0x00000004   Data   RW          461    .data               database.o
    0x200001f4   COMPRESSED   0x00000004   Data   RW          462    .data               database.o
    0x200001f8   COMPRESSED   0x00000004   Data   RW          463    .data               database.o
    0x200001fc   COMPRESSED   0x00000004   Data   RW          464    .data               database.o
    0x20000200   COMPRESSED   0x00000004   Data   RW          465    .data               database.o
    0x20000204   COMPRESSED   0x00000004   Data   RW          466    .data               database.o
    0x20000208   COMPRESSED   0x00000004   Data   RW          467    .data               database.o
    0x2000020c   COMPRESSED   0x00000004   Data   RW          468    .data               database.o
    0x20000210   COMPRESSED   0x00000004   Data   RW          469    .data               database.o
    0x20000214   COMPRESSED   0x00000004   Data   RW          470    .data               database.o
    0x20000218   COMPRESSED   0x00000004   Data   RW          471    .data               database.o
    0x2000021c   COMPRESSED   0x00000004   Data   RW          472    .data               database.o
    0x20000220   COMPRESSED   0x00000004   Data   RW          473    .data               database.o
    0x20000224   COMPRESSED   0x00000004   Data   RW          474    .data               database.o
    0x20000228   COMPRESSED   0x00000004   Data   RW          475    .data               database.o
    0x2000022c   COMPRESSED   0x00000004   Data   RW          476    .data               database.o
    0x20000230   COMPRESSED   0x00000004   Data   RW          477    .data               database.o
    0x20000234   COMPRESSED   0x00000004   Data   RW          478    .data               database.o
    0x20000238   COMPRESSED   0x00000004   Data   RW          479    .data               database.o
    0x2000023c   COMPRESSED   0x00000004   Data   RW          480    .data               database.o
    0x20000240   COMPRESSED   0x00000004   Data   RW          481    .data               database.o
    0x20000244   COMPRESSED   0x00000004   Data   RW          482    .data               database.o
    0x20000248   COMPRESSED   0x00000004   Data   RW          483    .data               database.o
    0x2000024c   COMPRESSED   0x00000004   Data   RW          487    .data               database.o
    0x20000250   COMPRESSED   0x00000004   Data   RW          488    .data               database.o
    0x20000254   COMPRESSED   0x00000004   Data   RW          580    .data               check_device_init.o
    0x20000258   COMPRESSED   0x00000064   Data   RW          734    .data               simv_mode.o
    0x200002bc   COMPRESSED   0x00000048   Data   RW          755    .data               acv_mode.o
    0x20000304   COMPRESSED   0x00000068   Data   RW          782    .data               psv_mode.o
    0x2000036c   COMPRESSED   0x00000010   Data   RW          831    .data               main.o
    0x2000037c   COMPRESSED   0x00000004   Data   RW          832    .data               main.o
    0x20000380   COMPRESSED   0x00000004   Data   RW          833    .data               main.o
    0x20000384   COMPRESSED   0x00000034   Data   RW          962    .data               stm32f4xx_it.o
    0x200003b8   COMPRESSED   0x00000004   Data   RW          968    .data               stm32f4xx_it.o
    0x200003bc   COMPRESSED   0x0000005c   Data   RW         1177    .data               mode_acp.o
    0x20000418   COMPRESSED   0x0000000c   Data   RW         2371    .data               stm32f4xx_hal.o
    0x20000424   COMPRESSED   0x00000004   Data   RW         4852    .data               system_stm32f4xx.o
    0x20000428        -       0x00000050   Zero   RW          327    .bss                database.o
    0x20000478        -       0x00000094   Zero   RW          328    .bss                database.o
    0x2000050c        -       0x00000a49   Zero   RW          828    .bss                main.o
    0x20000f55   COMPRESSED   0x00000003   PAD
    0x20000f58        -       0x00000400   Zero   RW            1    STACK               startup_stm32f407xx.o


==============================================================================

Image component sizes


      Code (inc. data)   RO Data    RW Data    ZI Data      Debug   Object Name

      1024        158          0         72          0       2249   acv_mode.o
       328        120          0          0          0       1873   alarms_setting.o
      1268         60          0          4          0       1000   check_device_init.o
         0          0          0        549        228       7686   database.o
       924        178          0         25          0     723700   driver.o
      3428        406       1024         24       2633      16668   main.o
      1104        168          0         92          0       2195   mode_acp.o
       704        218          0          0          0       2257   modes_setting.o
      1132        162          0        104          0       2641   psv_mode.o
      1232        180          0        100          0       2477   simv_mode.o
        40         16          0          0          0        439   standby_mode.o
        36          8        392          0       1024        812   startup_stm32f407xx.o
       180         28          0         12          0       9209   stm32f4xx_hal.o
      1176         54          0          0          0       5717   stm32f4xx_hal_adc.o
       198         14          0          0          0      33803   stm32f4xx_hal_cortex.o
       106          0          0          0          0       1823   stm32f4xx_hal_dac.o
       500         52          0          0          0       4684   stm32f4xx_hal_gpio.o
       392         16          0          0          0       3003   stm32f4xx_hal_i2c.o
      1224        130          0          0          0       5768   stm32f4xx_hal_msp.o
      1328         72          0          0          0       5084   stm32f4xx_hal_rcc.o
       128          0          0          0          0       1115   stm32f4xx_hal_spi.o
       976         44          0          0          0      10205   stm32f4xx_hal_tim.o
       148         28          0          0          0       2357   stm32f4xx_hal_tim_ex.o
       680         10          0          0          0       4004   stm32f4xx_hal_uart.o
      3272        414          0         56          0      10305   stm32f4xx_it.o
        28          6         24          4          0       1059   system_stm32f4xx.o

    ----------------------------------------------------------------------
     21586       2542       1472       1064       3888     862133   Object Totals
         0          0         32          0          0          0   (incl. Generated)
        30          0          0         22          3          0   (incl. Padding)

    ----------------------------------------------------------------------

      Code (inc. data)   RO Data    RW Data    ZI Data      Debug   Library Member Name

        86          0          0          0          0          0   __dczerorl2.o
         0          0          0          0          0          0   entry.o
         0          0          0          0          0          0   entry10a.o
         0          0          0          0          0          0   entry11a.o
         8          4          0          0          0          0   entry2.o
         4          0          0          0          0          0   entry5.o
         0          0          0          0          0          0   entry7b.o
         0          0          0          0          0          0   entry8b.o
         8          4          0          0          0          0   entry9a.o
        30          0          0          0          0          0   handlers.o
        36          8          0          0          0         68   init.o
         0          0          0          0          0          0   iusefp.o
        30          0          0          0          0         68   llshl.o
        36          0          0          0          0         68   llsshr.o
        32          0          0          0          0         68   llushr.o
        36          0          0          0          0        108   memseta.o
        98          0          0          0          0         92   uldiv.o
        56          0          0          0          0         88   d2f.o
       334          0          0          0          0        148   dadd.o
       222          0          0          0          0        100   ddiv.o
       186          0          0          0          0        176   depilogue.o
        62          0          0          0          0         80   dfixi.o
        34          0          0          0          0         76   dflti.o
       228          0          0          0          0         96   dmul.o
        38          0          0          0          0         68   f2d.o
       110          0          0          0          0        168   fepilogue.o

    ----------------------------------------------------------------------
      1678         16          0          0          0       1472   Library Totals
         4          0          0          0          0          0   (incl. Padding)

    ----------------------------------------------------------------------

      Code (inc. data)   RO Data    RW Data    ZI Data      Debug   Library Name

       404         16          0          0          0        472   mc_w.l
      1270          0          0          0          0       1000   mf_w.l

    ----------------------------------------------------------------------
      1678         16          0          0          0       1472   Library Totals

    ----------------------------------------------------------------------

==============================================================================


      Code (inc. data)   RO Data    RW Data    ZI Data      Debug   

     23264       2558       1472       1064       3888     852265   Grand Totals
     23264       2558       1472        112       3888     852265   ELF Image Totals (compressed)
     23264       2558       1472        112          0          0   ROM Totals

==============================================================================

    Total RO  Size (Code + RO Data)                24736 (  24.16kB)
    Total RW  Size (RW Data + ZI Data)              4952 (   4.84kB)
    Total ROM Size (Code + RO Data + RW Data)      24848 (  24.27kB)

==============================================================================

