Component: ARM Compiler 5.06 update 6 (build 750) Tool: armlink [4d35ed]

==============================================================================

Section Cross References

    startup_stm32f407xx.o(RESET) refers to startup_stm32f407xx.o(STACK) for __initial_sp
    startup_stm32f407xx.o(RESET) refers to startup_stm32f407xx.o(.text) for Reset_Handler
    startup_stm32f407xx.o(RESET) refers to stm32f4xx_it.o(i.NMI_Handler) for NMI_Handler
    startup_stm32f407xx.o(RESET) refers to stm32f4xx_it.o(i.HardFault_Handler) for HardFault_Handler
    startup_stm32f407xx.o(RESET) refers to stm32f4xx_it.o(i.MemManage_Handler) for MemManage_Handler
    startup_stm32f407xx.o(RESET) refers to stm32f4xx_it.o(i.BusFault_Handler) for BusFault_Handler
    startup_stm32f407xx.o(RESET) refers to stm32f4xx_it.o(i.UsageFault_Handler) for UsageFault_Handler
    startup_stm32f407xx.o(RESET) refers to stm32f4xx_it.o(i.SVC_Handler) for SVC_Handler
    startup_stm32f407xx.o(RESET) refers to stm32f4xx_it.o(i.DebugMon_Handler) for DebugMon_Handler
    startup_stm32f407xx.o(RESET) refers to stm32f4xx_it.o(i.PendSV_Handler) for PendSV_Handler
    startup_stm32f407xx.o(RESET) refers to stm32f4xx_it.o(i.SysTick_Handler) for SysTick_Handler
    startup_stm32f407xx.o(RESET) refers to stm32f4xx_it.o(i.EXTI9_5_IRQHandler) for EXTI9_5_IRQHandler
    startup_stm32f407xx.o(RESET) refers to stm32f4xx_it.o(i.TIM1_UP_TIM10_IRQHandler) for TIM1_UP_TIM10_IRQHandler
    startup_stm32f407xx.o(RESET) refers to stm32f4xx_it.o(i.TIM2_IRQHandler) for TIM2_IRQHandler
    startup_stm32f407xx.o(RESET) refers to stm32f4xx_it.o(i.TIM3_IRQHandler) for TIM3_IRQHandler
    startup_stm32f407xx.o(RESET) refers to stm32f4xx_it.o(i.TIM4_IRQHandler) for TIM4_IRQHandler
    startup_stm32f407xx.o(RESET) refers to stm32f4xx_it.o(i.USART2_IRQHandler) for USART2_IRQHandler
    startup_stm32f407xx.o(RESET) refers to stm32f4xx_it.o(i.EXTI15_10_IRQHandler) for EXTI15_10_IRQHandler
    startup_stm32f407xx.o(.text) refers to system_stm32f4xx.o(i.SystemInit) for SystemInit
    startup_stm32f407xx.o(.text) refers to entry.o(.ARM.Collect$$$$00000000) for __main
    driver.o(i.ADC_CNL) refers to stm32f4xx_hal_adc.o(i.HAL_ADC_Init) for HAL_ADC_Init
    driver.o(i.ADC_CNL) refers to main.o(i.Error_Handler) for Error_Handler
    driver.o(i.ADC_CNL) refers to stm32f4xx_hal_adc.o(i.HAL_ADC_ConfigChannel) for HAL_ADC_ConfigChannel
    driver.o(i.ADC_CNL) refers to main.o(.bss) for hadc3
    driver.o(i.ADC_READ) refers to driver.o(i.ADC_CNL) for ADC_CNL
    driver.o(i.ADC_READ) refers to stm32f4xx_hal_adc.o(i.HAL_ADC_Stop) for HAL_ADC_Stop
    driver.o(i.ADC_READ) refers to stm32f4xx_hal_adc.o(i.HAL_ADC_Init) for HAL_ADC_Init
    driver.o(i.ADC_READ) refers to stm32f4xx_hal_adc.o(i.HAL_ADC_Start) for HAL_ADC_Start
    driver.o(i.ADC_READ) refers to stm32f4xx_hal_adc.o(i.HAL_ADC_PollForConversion) for HAL_ADC_PollForConversion
    driver.o(i.ADC_READ) refers to stm32f4xx_hal_adc.o(i.HAL_ADC_GetValue) for HAL_ADC_GetValue
    driver.o(i.ADC_READ) refers to main.o(.bss) for hadc3
    driver.o(i.buzzer) refers to stm32f4xx_hal_gpio.o(i.HAL_GPIO_WritePin) for HAL_GPIO_WritePin
    driver.o(i.day) refers to stm32f4xx_hal_i2c.o(i.HAL_I2C_Master_Transmit) for HAL_I2C_Master_Transmit
    driver.o(i.day) refers to stm32f4xx_hal_i2c.o(i.HAL_I2C_Master_Receive) for HAL_I2C_Master_Receive
    driver.o(i.day) refers to driver.o(i.bcd2bin) for bcd2bin
    driver.o(i.day) refers to driver.o(.data) for .data
    driver.o(i.day) refers to main.o(.bss) for hi2c1
    driver.o(i.delay) refers to stm32f4xx_hal_rcc.o(i.HAL_RCC_GetHCLKFreq) for HAL_RCC_GetHCLKFreq
    driver.o(i.driver_init) refers to driver.o(i.turbo) for turbo
    driver.o(i.driver_init) refers to stm32f4xx_hal_tim.o(i.HAL_TIM_Base_Start_IT) for HAL_TIM_Base_Start_IT
    driver.o(i.driver_init) refers to stm32f4xx_hal_gpio.o(i.HAL_GPIO_WritePin) for HAL_GPIO_WritePin
    driver.o(i.driver_init) refers to stm32f4xx_hal.o(i.HAL_Delay) for HAL_Delay
    driver.o(i.driver_init) refers to main.o(.bss) for htim1
    driver.o(i.hour) refers to stm32f4xx_hal_i2c.o(i.HAL_I2C_Master_Transmit) for HAL_I2C_Master_Transmit
    driver.o(i.hour) refers to stm32f4xx_hal_i2c.o(i.HAL_I2C_Master_Receive) for HAL_I2C_Master_Receive
    driver.o(i.hour) refers to driver.o(i.bcd2bin) for bcd2bin
    driver.o(i.hour) refers to driver.o(.data) for .data
    driver.o(i.hour) refers to main.o(.bss) for hi2c1
    driver.o(i.led) refers to stm32f4xx_hal_gpio.o(i.HAL_GPIO_WritePin) for HAL_GPIO_WritePin
    driver.o(i.min) refers to stm32f4xx_hal_i2c.o(i.HAL_I2C_Master_Transmit) for HAL_I2C_Master_Transmit
    driver.o(i.min) refers to stm32f4xx_hal_i2c.o(i.HAL_I2C_Master_Receive) for HAL_I2C_Master_Receive
    driver.o(i.min) refers to driver.o(i.bcd2bin) for bcd2bin
    driver.o(i.min) refers to driver.o(.data) for .data
    driver.o(i.min) refers to main.o(.bss) for hi2c1
[...]
    i.MX_GPIO_Init                           0x080024f0   Section        0  main.o(i.MX_GPIO_Init)
    MX_GPIO_Init                             0x080024f1   Thumb Code   470  main.o(i.MX_GPIO_Init)
    i.MX_SPI1_Init                           0x080026ec   Section        0  main.o(i.MX_SPI1_Init)
    MX_SPI1_Init                             0x080026ed   Thumb Code    44  main.o(i.MX_SPI1_Init)
    i.MX_SPI2_Init                           0x08002720   Section        0  main.o(i.MX_SPI2_Init)
    MX_SPI2_Init                             0x08002721   Thumb Code    40  main.o(i.MX_SPI2_Init)
    i.MX_TIM1_Init                           0x08002750   Section        0  main.o(i.MX_TIM1_Init)
    MX_TIM1_Init                             0x08002751   Thumb Code    76  main.o(i.MX_TIM1_Init)
    i.MX_TIM2_Init                           0x080027a4   Section        0  main.o(i.MX_TIM2_Init)
    MX_TIM2_Init                             0x080027a5   Thumb Code    78  main.o(i.MX_TIM2_Init)
    i.MX_TIM3_Init                           0x080027f8   Section        0  main.o(i.MX_TIM3_Init)
    MX_TIM3_Init                             0x080027f9   Thumb Code    76  main.o(i.MX_TIM3_Init)
    i.MX_TIM4_Init                           0x0800284c   Section        0  main.o(i.MX_TIM4_Init)
    MX_TIM4_Init                             0x0800284d   Thumb Code    76  main.o(i.MX_TIM4_Init)
    i.MemManage_Handler                      0x080028a0   Section        0  stm32f4xx_it.o(i.MemManage_Handler)
    i.NMI_Handler                            0x080028a2   Section        0  stm32f4xx_it.o(i.NMI_Handler)
    i.PCV_Mode                               0x080028a4   Section        0  pcv_mode.o(i.PCV_Mode)
    i.PendSV_Handler                         0x08002a7c   Section        0  stm32f4xx_it.o(i.PendSV_Handler)
    i.SVC_Handler                            0x08002a7e   Section        0  stm32f4xx_it.o(i.SVC_Handler)
    i.SysTick_Handler                        0x08002a80   Section        0  stm32f4xx_it.o(i.SysTick_Handler)
    i.SystemClock_Config                     0x08002a84   Section        0  main.o(i.SystemClock_Config)
    i.SystemInit                             0x08002b04   Section        0  system_stm32f4xx.o(i.SystemInit)
    i.TIM1_UP_TIM10_IRQHandler               0x08002b20   Section        0  stm32f4xx_it.o(i.TIM1_UP_TIM10_IRQHandler)
    i.TIM2_IRQHandler                        0x08002b68   Section        0  stm32f4xx_it.o(i.TIM2_IRQHandler)
    i.TIM3_IRQHandler                        0x08002bc8   Section        0  stm32f4xx_it.o(i.TIM3_IRQHandler)
    i.TIM4_IRQHandler                        0x08002c68   Section        0  stm32f4xx_it.o(i.TIM4_IRQHandler)
    i.TIM_Base_SetConfig                     0x08002cc8   Section        0  stm32f4xx_hal_tim.o(i.TIM_Base_SetConfig)
    i.TIM_ETR_SetConfig                      0x08002d90   Section        0  stm32f4xx_hal_tim.o(i.TIM_ETR_SetConfig)
    i.TIM_ITRx_SetConfig                     0x08002da4   Section        0  stm32f4xx_hal_tim.o(i.TIM_ITRx_SetConfig)
    TIM_ITRx_SetConfig                       0x08002da5   Thumb Code    16  stm32f4xx_hal_tim.o(i.TIM_ITRx_SetConfig)
    i.TIM_TI1_ConfigInputStage               0x08002db4   Section        0  stm32f4xx_hal_tim.o(i.TIM_TI1_ConfigInputStage)
    TIM_TI1_ConfigInputStage                 0x08002db5   Thumb Code    34  stm32f4xx_hal_tim.o(i.TIM_TI1_ConfigInputStage)
    i.TIM_TI2_ConfigInputStage               0x08002dd6   Section        0  stm32f4xx_hal_tim.o(i.TIM_TI2_ConfigInputStage)
    TIM_TI2_ConfigInputStage                 0x08002dd7   Thumb Code    36  stm32f4xx_hal_tim.o(i.TIM_TI2_ConfigInputStage)
    i.UART_DMAAbortOnError                   0x08002dfa   Section        0  stm32f4xx_hal_uart.o(i.UART_DMAAbortOnError)
    UART_DMAAbortOnError                     0x08002dfb   Thumb Code    16  stm32f4xx_hal_uart.o(i.UART_DMAAbortOnError)
    i.UART_EndRxTransfer                     0x08002e0a   Section        0  stm32f4xx_hal_uart.o(i.UART_EndRxTransfer)
    UART_EndRxTransfer                       0x08002e0b   Thumb Code    28  stm32f4xx_hal_uart.o(i.UART_EndRxTransfer)
    i.UART_Receive_IT                        0x08002e26   Section        0  stm32f4xx_hal_uart.o(i.UART_Receive_IT)
    UART_Receive_IT                          0x08002e27   Thumb Code   150  stm32f4xx_hal_uart.o(i.UART_Receive_IT)
    i.UART_SetConfig                         0x08002ebc   Section        0  stm32f4xx_hal_uart.o(i.UART_SetConfig)
    UART_SetConfig                           0x08002ebd   Thumb Code   286  stm32f4xx_hal_uart.o(i.UART_SetConfig)
    i.UART_Transmit_IT                       0x08002fe4   Section        0  stm32f4xx_hal_uart.o(i.UART_Transmit_IT)
    UART_Transmit_IT                         0x08002fe5   Thumb Code    98  stm32f4xx_hal_uart.o(i.UART_Transmit_IT)
    i.UART_WaitOnFlagUntilTimeout            0x08003046   Section        0  stm32f4xx_hal_uart.o(i.UART_WaitOnFlagUntilTimeout)
    UART_WaitOnFlagUntilTimeout              0x08003047   Thumb Code   100  stm32f4xx_hal_uart.o(i.UART_WaitOnFlagUntilTimeout)
    i.USART2_IRQHandler                      0x080030ac   Section        0  stm32f4xx_it.o(i.USART2_IRQHandler)
    i.UsageFault_Handler                     0x080030b8   Section        0  stm32f4xx_it.o(i.UsageFault_Handler)
    i.__0sprintf                             0x080030bc   Section        0  printfa.o(i.__0sprintf)
    i.__NVIC_SetPriority                     0x080030e4   Section        0  stm32f4xx_hal_cortex.o(i.__NVIC_SetPriority)
    __NVIC_SetPriority                       0x080030e5   Thumb Code    32  stm32f4xx_hal_cortex.o(i.__NVIC_SetPriority)
    i.__scatterload_copy                     0x08003104   Section       14  handlers.o(i.__scatterload_copy)
    i.__scatterload_null                     0x08003112   Section        2  handlers.o(i.__scatterload_null)
    i.__scatterload_zeroinit                 0x08003114   Section       14  handlers.o(i.__scatterload_zeroinit)
    i._fp_digits                             0x08003124   Section        0  printfa.o(i._fp_digits)
    _fp_digits                               0x08003125   Thumb Code   366  printfa.o(i._fp_digits)
    i._printf_core                           0x080032a8   Section        0  printfa.o(i._printf_core)
    _printf_core                             0x080032a9   Thumb Code  1744  printfa.o(i._printf_core)
    i._printf_post_padding                   0x08003984   Section        0  printfa.o(i._printf_post_padding)
    _printf_post_padding                     0x08003985   Thumb Code    36  printfa.o(i._printf_post_padding)
    i._printf_pre_padding                    0x080039a8   Section        0  printfa.o(i._printf_pre_padding)
    _printf_pre_padding                      0x080039a9   Thumb Code    46  printfa.o(i._printf_pre_padding)
    i._sputc                                 0x080039d6   Section        0  printfa.o(i._sputc)
    _sputc                                   0x080039d7   Thumb Code    10  printfa.o(i._sputc)
    i.acv_alarm_decoder                      0x080039e0   Section        0  alarms_setting.o(i.acv_alarm_decoder)
    i.acv_mode_decoder                       0x08003a5c   Section        0  modes_setting.o(i.acv_mode_decoder)
    i.buzzer                                 0x08003af4   Section        0  driver.o(i.buzzer)
    i.crc_calc                               0x08003b68   Section        0  main.o(i.crc_calc)
    i.create_response_for_raspberry          0x08003b94   Section        0  main.o(i.create_response_for_raspberry)
    i.date_time_decoder                      0x08003bec   Section        0  main.o(i.date_time_decoder)
    i.decode_raspi_packet                    0x08003c64   Section        0  main.o(i.decode_raspi_packet)
    i.driver_init                            0x08003e94   Section        0  driver.o(i.driver_init)
    i.led                                    0x08003efc   Section        0  driver.o(i.led)
    i.main                                   0x08003fa4   Section        0  main.o(i.main)
    i.pcv_alarm_decoder                      0x080042ac   Section        0  alarms_setting.o(i.pcv_alarm_decoder)
    i.pcv_mode_decoder                       0x08004334   Section        0  modes_setting.o(i.pcv_mode_decoder)
    i.pressure                               0x080043a8   Section        0  driver.o(i.pressure)
    i.print_debug                            0x08004420   Section        0  main.o(i.print_debug)
    i.psv_alarm_decoder                      0x08004434   Section        0  alarms_setting.o(i.psv_alarm_decoder)
    i.psv_mode_decoder                       0x080044bc   Section        0  modes_setting.o(i.psv_mode_decoder)
    i.send_rspy                              0x0800451c   Section        0  main.o(i.send_rspy)
    i.simv_alarm_decoder                     0x0800453c   Section        0  alarms_setting.o(i.simv_alarm_decoder)
    i.simv_mode_decoder                      0x080045b8   Section        0  modes_setting.o(i.simv_mode_decoder)
    i.turbo                                  0x0800462c   Section        0  driver.o(i.turbo)
    .constdata                               0x0800464c   Section     1024  main.o(.constdata)
    .constdata                               0x08004a4c   Section       16  system_stm32f4xx.o(.constdata)
    .constdata                               0x08004a5c   Section        8  system_stm32f4xx.o(.constdata)
    .conststring                             0x08004a64   Section      161  main.o(.conststring)
    .conststring                             0x08004b08   Section      398  alarms_setting.o(.conststring)
    .data                                    0x20000000   Section       21  driver.o(.data)
    .data                                    0x20000018   Section        4  driver.o(.data)
    .data                                    0x2000001c   Section        4  driver.o(.data)
    .data                                    0x20000020   Section        4  main.o(.data)
    .data                                    0x20000024   Section        4  main.o(.data)
    .data                                    0x20000028   Section       12  main.o(.data)
    .data                                    0x20000034   Section       20  stm32f4xx_it.o(.data)
    .data                                    0x20000048   Section        4  database.o(.data)
    .data                                    0x2000004c   Section        4  database.o(.data)
    .data                                    0x20000050   Section        4  database.o(.data)
    .data                                    0x20000054   Section        4  database.o(.data)
    .data                                    0x20000058   Section        4  database.o(.data)
    .data                                    0x2000005c   Section        4  database.o(.data)
    .data                                    0x20000060   Section        4  database.o(.data)
    .data                                    0x20000064   Section        4  database.o(.data)
    .data                                    0x20000068   Section        4  database.o(.data)
    .data                                    0x2000006c   Section        1  database.o(.data)
    .data                                    0x20000070   Section        4  database.o(.data)
    .data                                    0x20000074   Section        4  database.o(.data)
    .data                                    0x20000078   Section        4  database.o(.data)
    .data                                    0x2000007c   Section        4  database.o(.data)
    .data                                    0x20000080   Section        4  database.o(.data)
    .data                                    0x20000084   Section        4  database.o(.data)
    .data                                    0x20000088   Section        4  database.o(.data)
    .data                                    0x2000008c   Section        4  database.o(.data)
    .data                                    0x20000090   Section        4  database.o(.data)
    .data                                    0x20000094   Section        4  database.o(.data)
    .data                                    0x20000098   Section        4  database.o(.data)
    .data                                    0x2000009c   Section        4  database.o(.data)
    .data                                    0x200000a0   Section        4  database.o(.data)
    .data                                    0x200000a4   Section        4  database.o(.data)
    .data                                    0x200000a8   Section        4  database.o(.data)
    .data                                    0x200000ac   Section        4  database.o(.data)
    .data                                    0x200000b0   Section        4  database.o(.data)
    .data                                    0x200000b4   Section        4  database.o(.data)
    .data                                    0x200000b8   Section        4  database.o(.data)
    .data                                    0x200000bc   Section        4  database.o(.data)
    .data                                    0x200000c0   Section        4  database.o(.data)
    .data                                    0x200000c4   Section        4  database.o(.data)
    .data                                    0x200000c8   Section        4  database.o(.data)
    .data                                    0x200000cc   Section        4  database.o(.data)
    .data                                    0x200000d0   Section        4  database.o(.data)
    .data                                    0x200000d4   Section        4  database.o(.data)
    .data                                    0x200000d8   Section        4  database.o(.data)
    .data                                    0x200000dc   Section        4  database.o(.data)
    .data                                    0x200000e0   Section        4  database.o(.data)
    .data                                    0x200000e4   Section        4  database.o(.data)
    .data                                    0x200000e8   Section        4  database.o(.data)
    .data                                    0x200000ec   Section        4  database.o(.data)
    .data                                    0x200000f0   Section        4  database.o(.data)
    .data                                    0x200000f4   Section        4  database.o(.data)
    .data                                    0x200000f8   Section        4  database.o(.data)
    .data                                    0x200000fc   Section        4  database.o(.data)
    .data                                    0x20000100   Section        4  database.o(.data)
    .data                                    0x20000104   Section        4  database.o(.data)
    .data                                    0x20000108   Section        4  database.o(.data)
    .data                                    0x2000010c   Section        4  database.o(.data)
    .data                                    0x20000110   Section        4  database.o(.data)
    .data                                    0x20000114   Section        4  database.o(.data)
    .data                                    0x20000118   Section        4  database.o(.data)
    .data                                    0x2000011c   Section        4  database.o(.data)
    .data                                    0x20000120   Section        4  database.o(.data)
    .data                                    0x20000124   Section        4  database.o(.data)
    .data                                    0x20000128   Section        4  database.o(.data)
    .data                                    0x2000012c   Section        4  database.o(.data)
    .data                                    0x20000130   Section        4  database.o(.data)
    .data                                    0x20000134   Section        4  database.o(.data)
    .data                                    0x20000138   Section        4  database.o(.data)
    .data                                    0x2000013c   Section        4  database.o(.data)
    .data                                    0x20000140   Section        4  database.o(.data)
    .data                                    0x20000144   Section        4  database.o(.data)
    .data                                    0x20000148   Section        4  database.o(.data)
    .data                                    0x2000014c   Section        4  database.o(.data)
    .data                                    0x20000150   Section        4  database.o(.data)
    .data                                    0x20000154   Section        4  database.o(.data)
    .data                                    0x20000158   Section        4  database.o(.data)
    .data                                    0x2000015c   Section        4  database.o(.data)
    .data                                    0x20000160   Section        4  database.o(.data)
    .data                                    0x20000164   Section        4  database.o(.data)
    .data                                    0x20000168   Section        4  database.o(.data)
    .data                                    0x2000016c   Section        4  database.o(.data)
    .data                                    0x20000170   Section        4  database.o(.data)
    .data                                    0x20000174   Section       36  pcv_mode.o(.data)
    .data                                    0x20000198   Section       12  stm32f4xx_hal.o(.data)
    .data                                    0x200001a4   Section        4  system_stm32f4xx.o(.data)
    .bss                                     0x200001a8   Section     2512  main.o(.bss)
    .bss                                     0x20000b78   Section       50  database.o(.bss)
    STACK                                    0x20000bb0   Section     1024  startup_stm32f407xx.o(STACK)

    Global Symbols

    Symbol Name                              Value     Ov Type        Size  Object(Section)

    BuildAttributes$$THM_ISAv4$E$P$D$K$B$S$7EM$VFPi3$EXTD16$VFPS$VFMA$PE$A:L22UL41UL21$X:L11$S22US41US21$IEEE1$IW$USESV6$~STKCKD$USESV7$~SHL$OTIME$ROPI$EBA8$MICROLIB$REQ8$PRES8$EABIv2 0x00000000   Number         0  anon$$obj.o ABSOLUTE
    __ARM_use_no_argv                        0x00000000   Number         0  main.o ABSOLUTE
    _printf_a                                0x00000000   Number         0  stubs.o ABSOLUTE
    _printf_c                                0x00000000   Number         0  stubs.o ABSOLUTE
    _printf_charcount                        0x00000000   Number         0  stubs.o ABSOLUTE
    _printf_d                                0x00000000   Number         0  stubs.o ABSOLUTE
    _printf_e                                0x00000000   Number         0  stubs.o ABSOLUTE
    _printf_f                                0x00000000   Number         0  stubs.o ABSOLUTE
    _printf_flags                            0x00000000   Number         0  stubs.o ABSOLUTE
    _printf_fp_dec                           0x00000000   Number         0  stubs.o ABSOLUTE
    _printf_fp_hex                           0x00000000   Number         0  stubs.o ABSOLUTE
    _printf_g                                0x00000000   Number         0  stubs.o ABSOLUTE
    _printf_i                                0x00000000   Number         0  stubs.o ABSOLUTE
    _printf_int_dec                          0x00000000   Number         0  stubs.o ABSOLUTE
    _printf_l                                0x00000000   Number         0  stubs.o ABSOLUTE
    _printf_lc                               0x00000000   Number         0  stubs.o ABSOLUTE
    _printf_ll                               0x00000000   Number         0  stubs.o ABSOLUTE
    _printf_lld                              0x00000000   Number         0  stubs.o ABSOLUTE
    _printf_lli                              0x00000000   Number         0  stubs.o ABSOLUTE
    _printf_llo                              0x00000000   Number         0  stubs.o ABSOLUTE
    _printf_llu                              0x00000000   Number         0  stubs.o ABSOLUTE
    _printf_llx                              0x00000000   Number         0  stubs.o ABSOLUTE
    _printf_longlong_dec                     0x00000000   Number         0  stubs.o ABSOLUTE
    _printf_longlong_hex                     0x00000000   Number         0  stubs.o ABSOLUTE
    _printf_longlong_oct                     0x00000000   Number         0  stubs.o ABSOLUTE
    _printf_ls                               0x00000000   Number         0  stubs.o ABSOLUTE
    _printf_mbtowc                           0x00000000   Number         0  stubs.o ABSOLUTE
    _printf_n                                0x00000000   Number         0  stubs.o ABSOLUTE
    _printf_o                                0x00000000   Number         0  stubs.o ABSOLUTE
    _printf_p                                0x00000000   Number         0  stubs.o ABSOLUTE
    _printf_percent                          0x00000000   Number         0  stubs.o ABSOLUTE
    _printf_pre_padding                      0x00000000   Number         0  stubs.o ABSOLUTE
    _printf_return_value                     0x00000000   Number         0  stubs.o ABSOLUTE
    _printf_s                                0x00000000   Number         0  stubs.o ABSOLUTE
    _printf_sizespec                         0x00000000   Number         0  stubs.o ABSOLUTE
    _printf_str                              0x00000000   Number         0  stubs.o ABSOLUTE
    _printf_truncate_signed                  0x00000000   Number         0  stubs.o ABSOLUTE
    _printf_truncate_unsigned                0x00000000   Number         0  stubs.o ABSOLUTE
    _printf_u                                0x00000000   Number         0  stubs.o ABSOLUTE
    _printf_wc                               0x00000000   Number         0  stubs.o ABSOLUTE
    _printf_wctomb                           0x00000000   Number         0  stubs.o ABSOLUTE
    _printf_widthprec                        0x00000000   Number         0  stubs.o ABSOLUTE
    _printf_x                                0x00000000   Number         0  stubs.o ABSOLUTE
    __cpp_initialize__aeabi_                  - Undefined Weak Reference
    __cxa_finalize                            - Undefined Weak Reference
    _clock_init                               - Undefined Weak Reference
    _microlib_exit                            - Undefined Weak Reference
    __Vectors_Size                           0x00000188   Number         0  startup_stm32f407xx.o ABSOLUTE
    __Vectors                                0x08000000   Data           4  startup_stm32f407xx.o(RESET)
    __Vectors_End                            0x08000188   Data           0  startup_stm32f407xx.o(RESET)
    __main                                   0x08000189   Thumb Code     0  entry.o(.ARM.Collect$$$$00000000)
    _main_stk                                0x08000189   Thumb Code     0  entry2.o(.ARM.Collect$$$$00000001)
    _main_scatterload                        0x0800018d   Thumb Code     0  entry5.o(.ARM.Collect$$$$00000004)
    __main_after_scatterload                 0x08000191   Thumb Code     0  entry5.o(.ARM.Collect$$$$00000004)
    _main_clock                              0x08000191   Thumb Code     0  entry7b.o(.ARM.Collect$$$$00000008)
    _main_cpp_init                           0x08000191   Thumb Code     0  entry8b.o(.ARM.Collect$$$$0000000A)
    _main_init                               0x08000191   Thumb Code     0  entry9a.o(.ARM.Collect$$$$0000000B)
    __rt_final_cpp                           0x08000199   Thumb Code     0  entry10a.o(.ARM.Collect$$$$0000000D)
    __rt_final_exit                          0x08000199   Thumb Code     0  entry11a.o(.ARM.Collect$$$$0000000F)
    Reset_Handler                            0x0800019d   Thumb Code     8  startup_stm32f407xx.o(.text)
    ADC_IRQHandler                           0x080001b7   Thumb Code     0  startup_stm32f407xx.o(.text)
    CAN1_RX0_IRQHandler                      0x080001b7   Thumb Code     0  startup_stm32f407xx.o(.text)
    CAN1_RX1_IRQHandler                      0x080001b7   Thumb Code     0  startup_stm32f407xx.o(.text)
    CAN1_SCE_IRQHandler                      0x080001b7   Thumb Code     0  startup_stm32f407xx.o(.text)
    CAN1_TX_IRQHandler                       0x080001b7   Thumb Code     0  startup_stm32f407xx.o(.text)
    CAN2_RX0_IRQHandler                      0x080001b7   Thumb Code     0  startup_stm32f407xx.o(.text)
    CAN2_RX1_IRQHandler                      0x080001b7   Thumb Code     0  startup_stm32f407xx.o(.text)
    CAN2_SCE_IRQHandler                      0x080001b7   Thumb Code     0  startup_stm32f407xx.o(.text)
    CAN2_TX_IRQHandler                       0x080001b7   Thumb Code     0  startup_stm32f407xx.o(.text)
    DCMI_IRQHandler                          0x080001b7   Thumb Code     0  startup_stm32f407xx.o(.text)
    DMA1_Stream0_IRQHandler                  0x080001b7   Thumb Code     0  startup_stm32f407xx.o(.text)
    DMA1_Stream1_IRQHandler                  0x080001b7   Thumb Code     0  startup_stm32f407xx.o(.text)
    DMA1_Stream2_IRQHandler                  0x080001b7   Thumb Code     0  startup_stm32f407xx.o(.text)
    DMA1_Stream3_IRQHandler                  0x080001b7   Thumb Code     0  startup_stm32f407xx.o(.text)
    DMA1_Stream4_IRQHandler                  0x080001b7   Thumb Code     0  startup_stm32f407xx.o(.text)
    DMA1_Stream5_IRQHandler                  0x080001b7   Thumb Code     0  startup_stm32f407xx.o(.text)
    DMA1_Stream6_IRQHandler                  0x080001b7   Thumb Code     0  startup_stm32f407xx.o(.text)
    DMA1_Stream7_IRQHandler                  0x080001b7   Thumb Code     0  startup_stm32f407xx.o(.text)
    DMA2_Stream0_IRQHandler                  0x080001b7   Thumb Code     0  startup_stm32f407xx.o(.text)
    DMA2_Stream1_IRQHandler                  0x080001b7   Thumb Code     0  startup_stm32f407xx.o(.text)
    DMA2_Stream2_IRQHandler                  0x080001b7   Thumb Code     0  startup_stm32f407xx.o(.text)
    DMA2_Stream3_IRQHandler                  0x080001b7   Thumb Code     0  startup_stm32f407xx.o(.text)
    DMA2_Stream4_IRQHandler                  0x080001b7   Thumb Code     0  startup_stm32f407xx.o(.text)
    DMA2_Stream5_IRQHandler                  0x080001b7   Thumb Code     0  startup_stm32f407xx.o(.text)
    DMA2_Stream6_IRQHandler                  0x080001b7   Thumb Code     0  startup_stm32f407xx.o(.text)
    DMA2_Stream7_IRQHandler                  0x080001b7   Thumb Code     0  startup_stm32f407xx.o(.text)
    ETH_IRQHandler                           0x080001b7   Thumb Code     0  startup_stm32f407xx.o(.text)
    ETH_WKUP_IRQHandler                      0x080001b7   Thumb Code     0  startup_stm32f407xx.o(.text)
    EXTI0_IRQHandler                         0x080001b7   Thumb Code     0  startup_stm32f407xx.o(.text)
    EXTI1_IRQHandler                         0x080001b7   Thumb Code     0  startup_stm32f407xx.o(.text)
    EXTI2_IRQHandler                         0x080001b7   Thumb Code     0  startup_stm32f407xx.o(.text)
    EXTI3_IRQHandler                         0x080001b7   Thumb Code     0  startup_stm32f407xx.o(.text)
    EXTI4_IRQHandler                         0x080001b7   Thumb Code     0  startup_stm32f407xx.o(.text)
    FLASH_IRQHandler                         0x080001b7   Thumb Code     0  startup_stm32f407xx.o(.text)
    FMC_IRQHandler                           0x080001b7   Thumb Code     0  startup_stm32f407xx.o(.text)
    FPU_IRQHandler                           0x080001b7   Thumb Code     0  startup_stm32f407xx.o(.text)
    HASH_RNG_IRQHandler                      0x080001b7   Thumb Code     0  startup_stm32f407xx.o(.text)
    I2C1_ER_IRQHandler                       0x080001b7   Thumb Code     0  startup_stm32f407xx.o(.text)
    I2C1_EV_IRQHandler                       0x080001b7   Thumb Code     0  startup_stm32f407xx.o(.text)
    I2C2_ER_IRQHandler                       0x080001b7   Thumb Code     0  startup_stm32f407xx.o(.text)
    I2C2_EV_IRQHandler                       0x080001b7   Thumb Code     0  startup_stm32f407xx.o(.text)
    I2C3_ER_IRQHandler                       0x080001b7   Thumb Code     0  startup_stm32f407xx.o(.text)
    I2C3_EV_IRQHandler                       0x080001b7   Thumb Code     0  startup_stm32f407xx.o(.text)
    OTG_FS_IRQHandler                        0x080001b7   Thumb Code     0  startup_stm32f407xx.o(.text)
    OTG_FS_WKUP_IRQHandler                   0x080001b7   Thumb Code     0  startup_stm32f407xx.o(.text)
    OTG_HS_EP1_IN_IRQHandler                 0x080001b7   Thumb Code     0  startup_stm32f407xx.o(.text)
    OTG_HS_EP1_OUT_IRQHandler                0x080001b7   Thumb Code     0  startup_stm32f407xx.o(.text)
    OTG_HS_IRQHandler                        0x080001b7   Thumb Code     0  startup_stm32f407xx.o(.text)
    OTG_HS_WKUP_IRQHandler                   0x080001b7   Thumb Code     0  startup_stm32f407xx.o(.text)
    PVD_IRQHandler                           0x080001b7   Thumb Code     0  startup_stm32f407xx.o(.text)
    RCC_IRQHandler                           0x080001b7   Thumb Code     0  startup_stm32f407xx.o(.text)
    RTC_Alarm_IRQHandler                     0x080001b7   Thumb Code     0  startup_stm32f407xx.o(.text)
    RTC_WKUP_IRQHandler                      0x080001b7   Thumb Code     0  startup_stm32f407xx.o(.text)
    SDIO_IRQHandler                          0x080001b7   Thumb Code     0  startup_stm32f407xx.o(.text)
    SPI1_IRQHandler                          0x080001b7   Thumb Code     0  startup_stm32f407xx.o(.text)
    SPI2_IRQHandler                          0x080001b7   Thumb Code     0  startup_stm32f407xx.o(.text)
    SPI3_IRQHandler                          0x080001b7   Thumb Code     0  startup_stm32f407xx.o(.text)
    TAMP_STAMP_IRQHandler                    0x080001b7   Thumb Code     0  startup_stm32f407xx.o(.text)
    TIM1_BRK_TIM9_IRQHandler                 0x080001b7   Thumb Code     0  startup_stm32f407xx.o(.text)
    TIM1_CC_IRQHandler                       0x080001b7   Thumb Code     0  startup_stm32f407xx.o(.text)
    TIM1_TRG_COM_TIM11_IRQHandler            0x080001b7   Thumb Code     0  startup_stm32f407xx.o(.text)
    TIM5_IRQHandler                          0x080001b7   Thumb Code     0  startup_stm32f407xx.o(.text)
    TIM6_DAC_IRQHandler                      0x080001b7   Thumb Code     0  startup_stm32f407xx.o(.text)
    TIM7_IRQHandler                          0x080001b7   Thumb Code     0  startup_stm32f407xx.o(.text)
    TIM8_BRK_TIM12_IRQHandler                0x080001b7   Thumb Code     0  startup_stm32f407xx.o(.text)
    TIM8_CC_IRQHandler                       0x080001b7   Thumb Code     0  startup_stm32f407xx.o(.text)
    TIM8_TRG_COM_TIM14_IRQHandler            0x080001b7   Thumb Code     0  startup_stm32f407xx.o(.text)
    TIM8_UP_TIM13_IRQHandler                 0x080001b7   Thumb Code     0  startup_stm32f407xx.o(.text)
    UART4_IRQHandler                         0x080001b7   Thumb Code     0  startup_stm32f407xx.o(.text)
    UART5_IRQHandler                         0x080001b7   Thumb Code     0  startup_stm32f407xx.o(.text)
    USART1_IRQHandler                        0x080001b7   Thumb Code     0  startup_stm32f407xx.o(.text)
    USART3_IRQHandler                        0x080001b7   Thumb Code     0  startup_stm32f407xx.o(.text)
    USART6_IRQHandler                        0x080001b7   Thumb Code     0  startup_stm32f407xx.o(.text)
    WWDG_IRQHandler                          0x080001b7   Thumb Code     0  startup_stm32f407xx.o(.text)
    __aeabi_uldivmod                         0x080001c1   Thumb Code    98  uldiv.o(.text)
    __aeabi_memset                           0x08000223   Thumb Code    14  memseta.o(.text)
    __aeabi_memset4                          0x08000223   Thumb Code     0  memseta.o(.text)
    __aeabi_memset8                          0x08000223   Thumb Code     0  memseta.o(.text)
    __aeabi_memclr                           0x08000231   Thumb Code     4  memseta.o(.text)
    __aeabi_memclr4                          0x08000231   Thumb Code     0  memseta.o(.text)
    __aeabi_memclr8                          0x08000231   Thumb Code     0  memseta.o(.text)
    _memset$wrapper                          0x08000235   Thumb Code    18  memseta.o(.text)
    strlen                                   0x08000247   Thumb Code    14  strlen.o(.text)
    __aeabi_dadd                             0x08000255   Thumb Code   322  dadd.o(.text)
    __aeabi_dsub                             0x08000397   Thumb Code     6  dadd.o(.text)
    __aeabi_drsub                            0x0800039d   Thumb Code     6  dadd.o(.text)
    __aeabi_dmul                             0x080003a3   Thumb Code   228  dmul.o(.text)
    __aeabi_ddiv                             0x08000487   Thumb Code   222  ddiv.o(.text)
    __aeabi_i2d                              0x08000565   Thumb Code    34  dflti.o(.text)
    __aeabi_d2iz                             0x08000587   Thumb Code    62  dfixi.o(.text)
    __aeabi_f2d                              0x080005c5   Thumb Code    38  f2d.o(.text)
    __aeabi_d2f                              0x080005eb   Thumb Code    56  d2f.o(.text)
    __aeabi_uidiv                            0x08000623   Thumb Code     0  uidiv.o(.text)
    __aeabi_uidivmod                         0x08000623   Thumb Code    44  uidiv.o(.text)
    __aeabi_llsl                             0x0800064f   Thumb Code    30  llshl.o(.text)
    _ll_shift_l                              0x0800064f   Thumb Code     0  llshl.o(.text)
    __aeabi_llsr                             0x0800066d   Thumb Code    32  llushr.o(.text)
    _ll_ushift_r                             0x0800066d   Thumb Code     0  llushr.o(.text)
    __aeabi_lasr                             0x0800068d   Thumb Code    36  llsshr.o(.text)
    _ll_sshift_r                             0x0800068d   Thumb Code     0  llsshr.o(.text)
    __I$use$fp                               0x080006b1   Thumb Code     0  iusefp.o(.text)
    _float_round                             0x080006b1   Thumb Code    18  fepilogue.o(.text)
    _float_epilogue                          0x080006c3   Thumb Code    92  fepilogue.o(.text)
    _double_round                            0x0800071f   Thumb Code    30  depilogue.o(.text)
    _double_epilogue                         0x0800073d   Thumb Code   156  depilogue.o(.text)
    __aeabi_d2ulz                            0x080007d9   Thumb Code    48  dfixul.o(.text)
    __aeabi_cdrcmple                         0x08000809   Thumb Code    48  cdrcmple.o(.text)
    __scatterload                            0x08000839   Thumb Code    28  init.o(.text)
    __scatterload_rt2                        0x08000839   Thumb Code     0  init.o(.text)
    __decompress                             0x0800085d   Thumb Code     0  __dczerorl2.o(.text)
    __decompress1                            0x0800085d   Thumb Code    86  __dczerorl2.o(.text)
    ADC_CNL                                  0x080008b5   Thumb Code   118  driver.o(i.ADC_CNL)
    ADC_READ                                 0x08000a61   Thumb Code    56  driver.o(i.ADC_READ)
    BusFault_Handler                         0x08000a9d   Thumb Code     2  stm32f4xx_it.o(i.BusFault_Handler)
    DebugMon_Handler                         0x08000a9f   Thumb Code     2  stm32f4xx_it.o(i.DebugMon_Handler)
    EXTI15_10_IRQHandler                     0x08000aa1   Thumb Code    16  stm32f4xx_it.o(i.EXTI15_10_IRQHandler)
    EXTI9_5_IRQHandler                       0x08000ab5   Thumb Code    14  stm32f4xx_it.o(i.EXTI9_5_IRQHandler)
    Error_Handler                            0x08000ac9   Thumb Code     2  main.o(i.Error_Handler)
    HAL_ADC_ConfigChannel                    0x08000acd   Thumb Code   316  stm32f4xx_hal_adc.o(i.HAL_ADC_ConfigChannel)
    HAL_ADC_GetValue                         0x08000c19   Thumb Code     6  stm32f4xx_hal_adc.o(i.HAL_ADC_GetValue)
    HAL_ADC_Init                             0x08000c1f   Thumb Code    84  stm32f4xx_hal_adc.o(i.HAL_ADC_Init)
    HAL_ADC_MspInit                          0x08000c75   Thumb Code   114  stm32f4xx_hal_msp.o(i.HAL_ADC_MspInit)
    HAL_ADC_PollForConversion                0x08000cf9   Thumb Code   162  stm32f4xx_hal_adc.o(i.HAL_ADC_PollForConversion)
    HAL_ADC_Start                            0x08000d9d   Thumb Code   210  stm32f4xx_hal_adc.o(i.HAL_ADC_Start)
    HAL_ADC_Stop                             0x08000e89   Thumb Code    60  stm32f4xx_hal_adc.o(i.HAL_ADC_Stop)
    HAL_DAC_ConfigChannel                    0x08000ec5   Thumb Code    66  stm32f4xx_hal_dac.o(i.HAL_DAC_ConfigChannel)
    HAL_DAC_Init                             0x08000f07   Thumb Code    40  stm32f4xx_hal_dac.o(i.HAL_DAC_Init)
    HAL_DAC_MspInit                          0x08000f31   Thumb Code    84  stm32f4xx_hal_msp.o(i.HAL_DAC_MspInit)
    HAL_DMA_Abort_IT                         0x08000f91   Thumb Code    36  stm32f4xx_hal_dma.o(i.HAL_DMA_Abort_IT)
    HAL_Delay                                0x08000fb5   Thumb Code    32  stm32f4xx_hal.o(i.HAL_Delay)
    HAL_GPIO_EXTI_Callback                   0x08000fd9   Thumb Code     2  stm32f4xx_hal_gpio.o(i.HAL_GPIO_EXTI_Callback)
    HAL_GPIO_EXTI_IRQHandler                 0x08000fdd   Thumb Code    18  stm32f4xx_hal_gpio.o(i.HAL_GPIO_EXTI_IRQHandler)
    HAL_GPIO_Init                            0x08000ff5   Thumb Code   394  stm32f4xx_hal_gpio.o(i.HAL_GPIO_Init)
    HAL_GPIO_ReadPin                         0x080011ad   Thumb Code    10  stm32f4xx_hal_gpio.o(i.HAL_GPIO_ReadPin)
    HAL_GPIO_TogglePin                       0x080011b7   Thumb Code    14  stm32f4xx_hal_gpio.o(i.HAL_GPIO_TogglePin)
    HAL_GPIO_WritePin                        0x080011c5   Thumb Code    10  stm32f4xx_hal_gpio.o(i.HAL_GPIO_WritePin)
    HAL_GetTick                              0x080011d1   Thumb Code     6  stm32f4xx_hal.o(i.HAL_GetTick)
    HAL_I2C_Init                             0x080011dd   Thumb Code   376  stm32f4xx_hal_i2c.o(i.HAL_I2C_Init)
    HAL_I2C_MspInit                          0x08001365   Thumb Code   146  stm32f4xx_hal_msp.o(i.HAL_I2C_MspInit)
    HAL_IncTick                              0x0800140d   Thumb Code    12  stm32f4xx_hal.o(i.HAL_IncTick)
    HAL_Init                                 0x0800141d   Thumb Code    48  stm32f4xx_hal.o(i.HAL_Init)
    HAL_InitTick                             0x08001451   Thumb Code    54  stm32f4xx_hal.o(i.HAL_InitTick)
    HAL_MspInit                              0x08001491   Thumb Code    42  stm32f4xx_hal_msp.o(i.HAL_MspInit)
    HAL_NVIC_EnableIRQ                       0x080014c1   Thumb Code    26  stm32f4xx_hal_cortex.o(i.HAL_NVIC_EnableIRQ)
    HAL_NVIC_SetPriority                     0x080014dd   Thumb Code    60  stm32f4xx_hal_cortex.o(i.HAL_NVIC_SetPriority)
    HAL_NVIC_SetPriorityGrouping             0x0800151d   Thumb Code    26  stm32f4xx_hal_cortex.o(i.HAL_NVIC_SetPriorityGrouping)
    HAL_RCC_ClockConfig                      0x08001541   Thumb Code   288  stm32f4xx_hal_rcc.o(i.HAL_RCC_ClockConfig)
    HAL_RCC_GetPCLK1Freq                     0x08001675   Thumb Code    20  stm32f4xx_hal_rcc.o(i.HAL_RCC_GetPCLK1Freq)
    HAL_RCC_GetPCLK2Freq                     0x08001695   Thumb Code    20  stm32f4xx_hal_rcc.o(i.HAL_RCC_GetPCLK2Freq)
    HAL_RCC_GetSysClockFreq                  0x080016b5   Thumb Code    88  stm32f4xx_hal_rcc.o(i.HAL_RCC_GetSysClockFreq)
    HAL_RCC_OscConfig                        0x08001715   Thumb Code   840  stm32f4xx_hal_rcc.o(i.HAL_RCC_OscConfig)
    HAL_SPI_Init                             0x08001a71   Thumb Code   128  stm32f4xx_hal_spi.o(i.HAL_SPI_Init)
    HAL_SPI_MspInit                          0x08001af1   Thumb Code   154  stm32f4xx_hal_msp.o(i.HAL_SPI_MspInit)
    HAL_SYSTICK_Config                       0x08001ba1   Thumb Code    40  stm32f4xx_hal_cortex.o(i.HAL_SYSTICK_Config)
    HAL_TIMEx_BreakCallback                  0x08001bc9   Thumb Code     2  stm32f4xx_hal_tim_ex.o(i.HAL_TIMEx_BreakCallback)
    HAL_TIMEx_CommutCallback                 0x08001bcb   Thumb Code     2  stm32f4xx_hal_tim_ex.o(i.HAL_TIMEx_CommutCallback)
    HAL_TIMEx_MasterConfigSynchronization    0x08001bcd   Thumb Code   116  stm32f4xx_hal_tim_ex.o(i.HAL_TIMEx_MasterConfigSynchronization)
    HAL_TIM_Base_Init                        0x08001c5d   Thumb Code    54  stm32f4xx_hal_tim.o(i.HAL_TIM_Base_Init)
    HAL_TIM_Base_MspInit                     0x08001c95   Thumb Code   162  stm32f4xx_hal_msp.o(i.HAL_TIM_Base_MspInit)
    HAL_TIM_Base_Start_IT                    0x08001d49   Thumb Code    34  stm32f4xx_hal_tim.o(i.HAL_TIM_Base_Start_IT)
    HAL_TIM_ConfigClockSource                0x08001d6b   Thumb Code   214  stm32f4xx_hal_tim.o(i.HAL_TIM_ConfigClockSource)
    HAL_TIM_IC_CaptureCallback               0x08001e41   Thumb Code     2  stm32f4xx_hal_tim.o(i.HAL_TIM_IC_CaptureCallback)
    HAL_TIM_IRQHandler                       0x08001e43   Thumb Code   358  stm32f4xx_hal_tim.o(i.HAL_TIM_IRQHandler)
    HAL_TIM_OC_DelayElapsedCallback          0x08001fa9   Thumb Code     2  stm32f4xx_hal_tim.o(i.HAL_TIM_OC_DelayElapsedCallback)
    HAL_TIM_PWM_PulseFinishedCallback        0x08001fab   Thumb Code     2  stm32f4xx_hal_tim.o(i.HAL_TIM_PWM_PulseFinishedCallback)
    HAL_TIM_PeriodElapsedCallback            0x08001fad   Thumb Code     2  stm32f4xx_hal_tim.o(i.HAL_TIM_PeriodElapsedCallback)
    HAL_TIM_TriggerCallback                  0x08001faf   Thumb Code     2  stm32f4xx_hal_tim.o(i.HAL_TIM_TriggerCallback)
    HAL_UART_ErrorCallback                   0x08001fb1   Thumb Code     2  stm32f4xx_hal_uart.o(i.HAL_UART_ErrorCallback)
    HAL_UART_IRQHandler                      0x08001fb5   Thumb Code   270  stm32f4xx_hal_uart.o(i.HAL_UART_IRQHandler)
    HAL_UART_Init                            0x080020c9   Thumb Code    98  stm32f4xx_hal_uart.o(i.HAL_UART_Init)
    HAL_UART_MspInit                         0x0800212d   Thumb Code   408  stm32f4xx_hal_msp.o(i.HAL_UART_MspInit)
    HAL_UART_Receive_IT                      0x080022e9   Thumb Code    82  stm32f4xx_hal_uart.o(i.HAL_UART_Receive_IT)
    HAL_UART_RxCpltCallback                  0x0800233d   Thumb Code    82  main.o(i.HAL_UART_RxCpltCallback)
    HAL_UART_Transmit                        0x0800239d   Thumb Code   186  stm32f4xx_hal_uart.o(i.HAL_UART_Transmit)
    HAL_UART_Transmit_IT                     0x08002457   Thumb Code    62  stm32f4xx_hal_uart.o(i.HAL_UART_Transmit_IT)
    HAL_UART_TxCpltCallback                  0x08002495   Thumb Code     2  stm32f4xx_hal_uart.o(i.HAL_UART_TxCpltCallback)
    HardFault_Handler                        0x08002497   Thumb Code     2  stm32f4xx_it.o(i.HardFault_Handler)
    MemManage_Handler                        0x080028a1   Thumb Code     2  stm32f4xx_it.o(i.MemManage_Handler)
    NMI_Handler                              0x080028a3   Thumb Code     2  stm32f4xx_it.o(i.NMI_Handler)
    PCV_Mode                                 0x080028a5   Thumb Code   378  pcv_mode.o(i.PCV_Mode)
    PendSV_Handler                           0x08002a7d   Thumb Code     2  stm32f4xx_it.o(i.PendSV_Handler)
    SVC_Handler                              0x08002a7f   Thumb Code     2  stm32f4xx_it.o(i.SVC_Handler)
    SysTick_Handler                          0x08002a81   Thumb Code     4  stm32f4xx_it.o(i.SysTick_Handler)
    SystemClock_Config                       0x08002a85   Thumb Code   120  main.o(i.SystemClock_Config)
    SystemInit                               0x08002b05   Thumb Code    22  system_stm32f4xx.o(i.SystemInit)
    TIM1_UP_TIM10_IRQHandler                 0x08002b21   Thumb Code    54  stm32f4xx_it.o(i.TIM1_UP_TIM10_IRQHandler)
    TIM2_IRQHandler                          0x08002b69   Thumb Code    76  stm32f4xx_it.o(i.TIM2_IRQHandler)
    TIM3_IRQHandler                          0x08002bc9   Thumb Code   128  stm32f4xx_it.o(i.TIM3_IRQHandler)
    TIM4_IRQHandler                          0x08002c69   Thumb Code    74  stm32f4xx_it.o(i.TIM4_IRQHandler)
    TIM_Base_SetConfig                       0x08002cc9   Thumb Code   156  stm32f4xx_hal_tim.o(i.TIM_Base_SetConfig)
    TIM_ETR_SetConfig                        0x08002d91   Thumb Code    20  stm32f4xx_hal_tim.o(i.TIM_ETR_SetConfig)
    USART2_IRQHandler                        0x080030ad   Thumb Code     6  stm32f4xx_it.o(i.USART2_IRQHandler)
    UsageFault_Handler                       0x080030b9   Thumb Code     2  stm32f4xx_it.o(i.UsageFault_Handler)
    __0sprintf                               0x080030bd   Thumb Code    34  printfa.o(i.__0sprintf)
    __1sprintf                               0x080030bd   Thumb Code     0  printfa.o(i.__0sprintf)
    __2sprintf                               0x080030bd   Thumb Code     0  printfa.o(i.__0sprintf)
    __c89sprintf                             0x080030bd   Thumb Code     0  printfa.o(i.__0sprintf)
    sprintf                                  0x080030bd   Thumb Code     0  printfa.o(i.__0sprintf)
    __scatterload_copy                       0x08003105   Thumb Code    14  handlers.o(i.__scatterload_copy)
    __scatterload_null                       0x08003113   Thumb Code     2  handlers.o(i.__scatterload_null)
    __scatterload_zeroinit                   0x08003115   Thumb Code    14  handlers.o(i.__scatterload_zeroinit)
    acv_alarm_decoder                        0x080039e1   Thumb Code    86  alarms_setting.o(i.acv_alarm_decoder)
    acv_mode_decoder                         0x08003a5d   Thumb Code   102  modes_setting.o(i.acv_mode_decoder)
    buzzer                                   0x08003af5   Thumb Code   106  driver.o(i.buzzer)
    crc_calc                                 0x08003b69   Thumb Code    40  main.o(i.crc_calc)
    create_response_for_raspberry            0x08003b95   Thumb Code    88  main.o(i.create_response_for_raspberry)
    date_time_decoder                        0x08003bed   Thumb Code    54  main.o(i.date_time_decoder)
    decode_raspi_packet                      0x08003c65   Thumb Code   376  main.o(i.decode_raspi_packet)
    driver_init                              0x08003e95   Thumb Code    86  driver.o(i.driver_init)
    led                                      0x08003efd   Thumb Code   160  driver.o(i.led)
    main                                     0x08003fa5   Thumb Code   654  main.o(i.main)
    pcv_alarm_decoder                        0x080042ad   Thumb Code    98  alarms_setting.o(i.pcv_alarm_decoder)
    pcv_mode_decoder                         0x08004335   Thumb Code    70  modes_setting.o(i.pcv_mode_decoder)
    pressure                                 0x080043a9   Thumb Code    90  driver.o(i.pressure)
    print_debug                              0x08004421   Thumb Code    14  main.o(i.print_debug)
    psv_alarm_decoder                        0x08004435   Thumb Code    98  alarms_setting.o(i.psv_alarm_decoder)
    psv_mode_decoder                         0x080044bd   Thumb Code    60  modes_setting.o(i.psv_mode_decoder)
    send_rspy                                0x0800451d   Thumb Code    24  main.o(i.send_rspy)
    simv_alarm_decoder                       0x0800453d   Thumb Code    86  alarms_setting.o(i.simv_alarm_decoder)
    simv_mode_decoder                        0x080045b9   Thumb Code    70  modes_setting.o(i.simv_mode_decoder)
    turbo                                    0x0800462d   Thumb Code    22  driver.o(i.turbo)
    CrcTable                                 0x0800464c   Data        1024  main.o(.constdata)
    AHBPrescTable                            0x08004a4c   Data          16  system_stm32f4xx.o(.constdata)
    APBPrescTable                            0x08004a5c   Data           8  system_stm32f4xx.o(.constdata)
    Region$$Table$$Base                      0x08004c98   Number         0  anon$$obj.o(Region$$Table)
    Region$$Table$$Limit                     0x08004cb8   Number         0  anon$$obj.o(Region$$Table)
    i                                        0x20000000   Data           4  driver.o(.data)
    pwm                                      0x20000004   Data           4  driver.o(.data)
    ans                                      0x20000008   Data           4  driver.o(.data)
    s                                        0x2000000c   Data           4  driver.o(.data)
    b                                        0x20000010   Data           5  driver.o(.data)
    sw2                                      0x20000018   Data           4  driver.o(.data)
    speed                                    0x2000001c   Data           4  driver.o(.data)
    e                                        0x20000020   Data           4  main.o(.data)
    spd                                      0x20000024   Data           4  main.o(.data)
    send_complete                            0x20000028   Data           1  main.o(.data)
    rx_buffer                                0x20000029   Data           1  main.o(.data)
    packet_received                          0x2000002c   Data           4  main.o(.data)
    rspy_receive_buffer_index                0x20000030   Data           4  main.o(.data)
    tm1t                                     0x20000034   Data           4  stm32f4xx_it.o(.data)
    sw1                                      0x20000038   Data           4  stm32f4xx_it.o(.data)
    tm2_speed                                0x2000003c   Data           4  stm32f4xx_it.o(.data)
    mode_counter                             0x20000040   Data           4  stm32f4xx_it.o(.data)
    t3_counter                               0x20000044   Data           4  stm32f4xx_it.o(.data)
    turbo_speed_high                         0x20000048   Data           4  database.o(.data)
    turbo_spped_low                          0x2000004c   Data           4  database.o(.data)
    raise_step                               0x20000050   Data           4  database.o(.data)
    duration_high                            0x20000054   Data           4  database.o(.data)
    duration_low                             0x20000058   Data           4  database.o(.data)
    is_inspiratory                           0x2000005c   Data           4  database.o(.data)
    turbo_speed                              0x20000060   Data           4  database.o(.data)
    Current_P1                               0x20000064   Data           4  database.o(.data)
    Current_P2                               0x20000068   Data           4  database.o(.data)
    CURRENT_MODE                             0x2000006c   Data           1  database.o(.data)
    PSV_IPAP                                 0x20000070   Data           4  database.o(.data)
    PSV_EPAP                                 0x20000074   Data           4  database.o(.data)
    PSV_RISE_TIME                            0x20000078   Data           4  database.o(.data)
    PSV_TRRIG_I                              0x2000007c   Data           4  database.o(.data)
    PSV_BUR                                  0x20000080   Data           4  database.o(.data)
    PSV_Apnea                                0x20000084   Data           4  database.o(.data)
    PSV_MAXP                                 0x20000088   Data           4  database.o(.data)
    PSV_TRIIG_E                              0x2000008c   Data           4  database.o(.data)
    PCV_IPAP                                 0x20000090   Data           4  database.o(.data)
    PCV_EPAP                                 0x20000094   Data           4  database.o(.data)
    PCV_RISE_TIME                            0x20000098   Data           4  database.o(.data)
    PCV_RATE                                 0x2000009c   Data           4  database.o(.data)
    PCV_IT_RATIO                             0x200000a0   Data           4  database.o(.data)
    PCV_Inspiratory                          0x200000a4   Data           4  database.o(.data)
    PCV_Expiratory                           0x200000a8   Data           4  database.o(.data)
    PCV_TRRIG_I                              0x200000ac   Data           4  database.o(.data)
    PCV_MAXP                                 0x200000b0   Data           4  database.o(.data)
    PCV_Target_Vt                            0x200000b4   Data           4  database.o(.data)
    ACV_EPAP                                 0x200000b8   Data           4  database.o(.data)
    ACV_RAMP                                 0x200000bc   Data           4  database.o(.data)
    ACV_RATE                                 0x200000c0   Data           4  database.o(.data)
    ACV_IT_RATIO                             0x200000c4   Data           4  database.o(.data)
    ACV_Inspiratory                          0x200000c8   Data           4  database.o(.data)
    ACV_Expiratory                           0x200000cc   Data           4  database.o(.data)
    ACV_TRRIG_I                              0x200000d0   Data           4  database.o(.data)
    ACV_MAXP                                 0x200000d4   Data           4  database.o(.data)
    ACV_Sigh_Rate                            0x200000d8   Data           4  database.o(.data)
    ACV_Vt                                   0x200000dc   Data           4  database.o(.data)
    ACV_Vt_Sigh                              0x200000e0   Data           4  database.o(.data)
    SIMV_IPAP                                0x200000e4   Data           4  database.o(.data)
    SIMV_EPAP                                0x200000e8   Data           4  database.o(.data)
    SIMV_RATE_SIMV                           0x200000ec   Data           4  database.o(.data)
    SIMV_IT_RATIO                            0x200000f0   Data           4  database.o(.data)
    SIMV_Inspiratory                         0x200000f4   Data           4  database.o(.data)
    SIMV_Expiratory                          0x200000f8   Data           4  database.o(.data)
    SIMV_TRRIG_I                             0x200000fc   Data           4  database.o(.data)
    SIMV_BUR                                 0x20000100   Data           4  database.o(.data)
    SIMV_Apnea                               0x20000104   Data           4  database.o(.data)
    SIMV_Vt                                  0x20000108   Data           4  database.o(.data)
    ALARM_PSV_Fr_Maxi                        0x2000010c   Data           4  database.o(.data)
    ALARM_PSV_FiO2_Mini                      0x20000110   Data           4  database.o(.data)
    ALARM_PSV_FiO2_Maxi                      0x20000114   Data           4  database.o(.data)
    ALARM_PSV_Vti_Mini                       0x20000118   Data           4  database.o(.data)
    ALARM_PSV_Vti_Maxi                       0x2000011c   Data           4  database.o(.data)
    ALARM_PSV_Vte_Mini                       0x20000120   Data           4  database.o(.data)
    ALARM_PCV_Fr_Maxi                        0x20000124   Data           4  database.o(.data)
    ALARM_PCV_FiO2_Mini                      0x20000128   Data           4  database.o(.data)
    ALARM_PCV_FiO2_Maxi                      0x2000012c   Data           4  database.o(.data)
    ALARM_PCV_Vti_Mini                       0x20000130   Data           4  database.o(.data)
    ALARM_PCV_Vti_Maxi                       0x20000134   Data           4  database.o(.data)
    ALARM_PCV_Vte_Mini                       0x20000138   Data           4  database.o(.data)
    ALARM_ACV_Pi_Mini                        0x2000013c   Data           4  database.o(.data)
    ALARM_ACV_Pi_Maxi                        0x20000140   Data           4  database.o(.data)
    ALARM_ACV_Fr_Maxi                        0x20000144   Data           4  database.o(.data)
    ALARM_ACV_FiO2_Mini                      0x20000148   Data           4  database.o(.data)
    ALARM_ACV_FiO2_Maxi                      0x2000014c   Data           4  database.o(.data)
    ALARM_ACV_Vte_Mini                       0x20000150   Data           4  database.o(.data)
    ALARM_SIMV_Pi_Mini                       0x20000154   Data           4  database.o(.data)
    ALARM_SIMV_Pi_Maxi                       0x20000158   Data           4  database.o(.data)
    ALARM_SIMV_Fr_Maxi                       0x2000015c   Data           4  database.o(.data)
    ALARM_SIMV_FiO2_Mini                     0x20000160   Data           4  database.o(.data)
    ALARM_SIMV_FiO2_Maxi                     0x20000164   Data           4  database.o(.data)
    ALARM_SIMV_Vte_Mini                      0x20000168   Data           4  database.o(.data)
    pwm_i                                    0x2000016c   Data           4  database.o(.data)
    pwm_e                                    0x20000170   Data           4  database.o(.data)
    trs_step                                 0x20000174   Data           4  pcv_mode.o(.data)
    Tt                                       0x20000178   Data           4  pcv_mode.o(.data)
    Ti                                       0x2000017c   Data           4  pcv_mode.o(.data)
    Te                                       0x20000180   Data           4  pcv_mode.o(.data)
    Tflat                                    0x20000184   Data           4  pcv_mode.o(.data)
    PCV_IPAP_Sens                            0x20000188   Data           4  pcv_mode.o(.data)
    PCV_EPAP_Sens                            0x2000018c   Data           4  pcv_mode.o(.data)
    pwm_max                                  0x20000190   Data           4  pcv_mode.o(.data)
    Trs                                      0x20000194   Data           4  pcv_mode.o(.data)
    uwTickFreq                               0x20000198   Data           1  stm32f4xx_hal.o(.data)
    uwTickPrio                               0x2000019c   Data           4  stm32f4xx_hal.o(.data)
    uwTick                                   0x200001a0   Data           4  stm32f4xx_hal.o(.data)
    SystemCoreClock                          0x200001a4   Data           4  system_stm32f4xx.o(.data)
    hadc3                                    0x200001a8   Data          72  main.o(.bss)
    hdac                                     0x200001f0   Data          20  main.o(.bss)
    hi2c1                                    0x20000204   Data          84  main.o(.bss)
    hi2c2                                    0x20000258   Data          84  main.o(.bss)
    hspi1                                    0x200002ac   Data          88  main.o(.bss)
    hspi2                                    0x20000304   Data          88  main.o(.bss)
    htim1                                    0x2000035c   Data          64  main.o(.bss)
    htim2                                    0x2000039c   Data          64  main.o(.bss)
    htim3                                    0x200003dc   Data          64  main.o(.bss)
    htim4                                    0x2000041c   Data          64  main.o(.bss)
    huart4                                   0x2000045c   Data          64  main.o(.bss)
    huart1                                   0x2000049c   Data          64  main.o(.bss)
    huart2                                   0x200004dc   Data          64  main.o(.bss)
    huart3                                   0x2000051c   Data          64  main.o(.bss)
    huart6                                   0x2000055c   Data          64  main.o(.bss)
    rspy_receive_buffer                      0x2000059c   Data         500  main.o(.bss)
    rspy_receive_buffer_Data                 0x20000790   Data        1000  main.o(.bss)
    buf                                      0x20000b78   Data          50  database.o(.bss)
    __initial_sp                             0x20000fb0   Data           0  startup_stm32f407xx.o(STACK)



==============================================================================

Memory Map of the image

  Image Entry point : 0x08000189

  Load Region LR_IROM1 (Base: 0x08000000, Size: 0x00004e60, Max: 0x00100000, ABSOLUTE, COMPRESSED[0x00004cd8])

    Execution Region ER_IROM1 (Exec base: 0x08000000, Load base: 0x08000000, Size: 0x00004cb8, Max: 0x00100000, ABSOLUTE)

    Exec Addr    Load Addr    Size         Type   Attr      Idx    E Section Name        Object

    0x08000000   0x08000000   0x00000188   Data   RO            3    RESET               startup_stm32f407xx.o
    0x08000188   0x08000188   0x00000000   Code   RO         4633  * .ARM.Collect$$$$00000000  mc_w.l(entry.o)
    0x08000188   0x08000188   0x00000004   Code   RO         4917    .ARM.Collect$$$$00000001  mc_w.l(entry2.o)
    0x0800018c   0x0800018c   0x00000004   Code   RO         4920    .ARM.Collect$$$$00000004  mc_w.l(entry5.o)
    0x08000190   0x08000190   0x00000000   Code   RO         4922    .ARM.Collect$$$$00000008  mc_w.l(entry7b.o)
    0x08000190   0x08000190   0x00000000   Code   RO         4924    .ARM.Collect$$$$0000000A  mc_w.l(entry8b.o)
    0x08000190   0x08000190   0x00000008   Code   RO         4925    .ARM.Collect$$$$0000000B  mc_w.l(entry9a.o)
    0x08000198   0x08000198   0x00000000   Code   RO         4927    .ARM.Collect$$$$0000000D  mc_w.l(entry10a.o)
    0x08000198   0x08000198   0x00000000   Code   RO         4929    .ARM.Collect$$$$0000000F  mc_w.l(entry11a.o)
    0x08000198   0x08000198   0x00000004   Code   RO         4918    .ARM.Collect$$$$00002712  mc_w.l(entry2.o)
    0x0800019c   0x0800019c   0x00000024   Code   RO            4    .text               startup_stm32f407xx.o
    0x080001c0   0x080001c0   0x00000062   Code   RO         4636    .text               mc_w.l(uldiv.o)
    0x08000222   0x08000222   0x00000024   Code   RO         4638    .text               mc_w.l(memseta.o)
    0x08000246   0x08000246   0x0000000e   Code   RO         4640    .text               mc_w.l(strlen.o)
    0x08000254   0x08000254   0x0000014e   Code   RO         4903    .text               mf_w.l(dadd.o)
    0x080003a2   0x080003a2   0x000000e4   Code   RO         4905    .text               mf_w.l(dmul.o)
    0x08000486   0x08000486   0x000000de   Code   RO         4907    .text               mf_w.l(ddiv.o)
    0x08000564   0x08000564   0x00000022   Code   RO         4909    .text               mf_w.l(dflti.o)
    0x08000586   0x08000586   0x0000003e   Code   RO         4911    .text               mf_w.l(dfixi.o)
    0x080005c4   0x080005c4   0x00000026   Code   RO         4913    .text               mf_w.l(f2d.o)
    0x080005ea   0x080005ea   0x00000038   Code   RO         4915    .text               mf_w.l(d2f.o)
    0x08000622   0x08000622   0x0000002c   Code   RO         4934    .text               mc_w.l(uidiv.o)
    0x0800064e   0x0800064e   0x0000001e   Code   RO         4936    .text               mc_w.l(llshl.o)
    0x0800066c   0x0800066c   0x00000020   Code   RO         4938    .text               mc_w.l(llushr.o)
    0x0800068c   0x0800068c   0x00000024   Code   RO         4940    .text               mc_w.l(llsshr.o)
    0x080006b0   0x080006b0   0x00000000   Code   RO         4942    .text               mc_w.l(iusefp.o)
    0x080006b0   0x080006b0   0x0000006e   Code   RO         4943    .text               mf_w.l(fepilogue.o)
    0x0800071e   0x0800071e   0x000000ba   Code   RO         4945    .text               mf_w.l(depilogue.o)
    0x080007d8   0x080007d8   0x00000030   Code   RO         4947    .text               mf_w.l(dfixul.o)
    0x08000808   0x08000808   0x00000030   Code   RO         4949    .text               mf_w.l(cdrcmple.o)
    0x08000838   0x08000838   0x00000024   Code   RO         4951    .text               mc_w.l(init.o)
    0x0800085c   0x0800085c   0x00000056   Code   RO         4963    .text               mc_w.l(__dczerorl2.o)
    0x080008b2   0x080008b2   0x00000002   PAD
    0x080008b4   0x080008b4   0x00000084   Code   RO           13    i.ADC_CNL           driver.o
    0x08000938   0x08000938   0x00000128   Code   RO          948    i.ADC_Init          stm32f4xx_hal_adc.o
    0x08000a60   0x08000a60   0x0000003c   Code   RO           14    i.ADC_READ          driver.o
    0x08000a9c   0x08000a9c   0x00000002   Code   RO          527    i.BusFault_Handler  stm32f4xx_it.o
    0x08000a9e   0x08000a9e   0x00000002   Code   RO          528    i.DebugMon_Handler  stm32f4xx_it.o
    0x08000aa0   0x08000aa0   0x00000014   Code   RO          529    i.EXTI15_10_IRQHandler  stm32f4xx_it.o
    0x08000ab4   0x08000ab4   0x00000014   Code   RO          530    i.EXTI9_5_IRQHandler  stm32f4xx_it.o
    0x08000ac8   0x08000ac8   0x00000002   Code   RO          259    i.Error_Handler     main.o
    0x08000aca   0x08000aca   0x00000002   PAD
    0x08000acc   0x08000acc   0x0000014c   Code   RO          950    i.HAL_ADC_ConfigChannel  stm32f4xx_hal_adc.o
    0x08000c18   0x08000c18   0x00000006   Code   RO          957    i.HAL_ADC_GetValue  stm32f4xx_hal_adc.o
    0x08000c1e   0x08000c1e   0x00000054   Code   RO          959    i.HAL_ADC_Init      stm32f4xx_hal_adc.o
    0x08000c72   0x08000c72   0x00000002   PAD
    0x08000c74   0x08000c74   0x00000084   Code   RO          652    i.HAL_ADC_MspInit   stm32f4xx_hal_msp.o
    0x08000cf8   0x08000cf8   0x000000a2   Code   RO          963    i.HAL_ADC_PollForConversion  stm32f4xx_hal_adc.o
    0x08000d9a   0x08000d9a   0x00000002   PAD
    0x08000d9c   0x08000d9c   0x000000ec   Code   RO          965    i.HAL_ADC_Start     stm32f4xx_hal_adc.o
    0x08000e88   0x08000e88   0x0000003c   Code   RO          968    i.HAL_ADC_Stop      stm32f4xx_hal_adc.o
    0x08000ec4   0x08000ec4   0x00000042   Code   RO         2355    i.HAL_DAC_ConfigChannel  stm32f4xx_hal_dac.o
    0x08000f06   0x08000f06   0x00000028   Code   RO         2365    i.HAL_DAC_Init      stm32f4xx_hal_dac.o
    0x08000f2e   0x08000f2e   0x00000002   PAD
    0x08000f30   0x08000f30   0x00000060   Code   RO          654    i.HAL_DAC_MspInit   stm32f4xx_hal_msp.o
    0x08000f90   0x08000f90   0x00000024   Code   RO         1683    i.HAL_DMA_Abort_IT  stm32f4xx_hal_dma.o
    0x08000fb4   0x08000fb4   0x00000024   Code   RO         2101    i.HAL_Delay         stm32f4xx_hal.o
    0x08000fd8   0x08000fd8   0x00000002   Code   RO         1573    i.HAL_GPIO_EXTI_Callback  stm32f4xx_hal_gpio.o
    0x08000fda   0x08000fda   0x00000002   PAD
    0x08000fdc   0x08000fdc   0x00000018   Code   RO         1574    i.HAL_GPIO_EXTI_IRQHandler  stm32f4xx_hal_gpio.o
    0x08000ff4   0x08000ff4   0x000001b8   Code   RO         1575    i.HAL_GPIO_Init     stm32f4xx_hal_gpio.o
    0x080011ac   0x080011ac   0x0000000a   Code   RO         1577    i.HAL_GPIO_ReadPin  stm32f4xx_hal_gpio.o
    0x080011b6   0x080011b6   0x0000000e   Code   RO         1578    i.HAL_GPIO_TogglePin  stm32f4xx_hal_gpio.o
    0x080011c4   0x080011c4   0x0000000a   Code   RO         1579    i.HAL_GPIO_WritePin  stm32f4xx_hal_gpio.o
    0x080011ce   0x080011ce   0x00000002   PAD
    0x080011d0   0x080011d0   0x0000000c   Code   RO         2107    i.HAL_GetTick       stm32f4xx_hal.o
    0x080011dc   0x080011dc   0x00000188   Code   RO         2588    i.HAL_I2C_Init      stm32f4xx_hal_i2c.o
    0x08001364   0x08001364   0x000000a8   Code   RO          656    i.HAL_I2C_MspInit   stm32f4xx_hal_msp.o
    0x0800140c   0x0800140c   0x00000010   Code   RO         2113    i.HAL_IncTick       stm32f4xx_hal.o
    0x0800141c   0x0800141c   0x00000034   Code   RO         2114    i.HAL_Init          stm32f4xx_hal.o
    0x08001450   0x08001450   0x00000040   Code   RO         2115    i.HAL_InitTick      stm32f4xx_hal.o
    0x08001490   0x08001490   0x00000030   Code   RO          657    i.HAL_MspInit       stm32f4xx_hal_msp.o
    0x080014c0   0x080014c0   0x0000001a   Code   RO         1964    i.HAL_NVIC_EnableIRQ  stm32f4xx_hal_cortex.o
    0x080014da   0x080014da   0x00000002   PAD
    0x080014dc   0x080014dc   0x00000040   Code   RO         1970    i.HAL_NVIC_SetPriority  stm32f4xx_hal_cortex.o
    0x0800151c   0x0800151c   0x00000024   Code   RO         1971    i.HAL_NVIC_SetPriorityGrouping  stm32f4xx_hal_cortex.o
    0x08001540   0x08001540   0x00000134   Code   RO         1221    i.HAL_RCC_ClockConfig  stm32f4xx_hal_rcc.o
    0x08001674   0x08001674   0x00000020   Code   RO         1228    i.HAL_RCC_GetPCLK1Freq  stm32f4xx_hal_rcc.o
    0x08001694   0x08001694   0x00000020   Code   RO         1229    i.HAL_RCC_GetPCLK2Freq  stm32f4xx_hal_rcc.o
    0x080016b4   0x080016b4   0x00000060   Code   RO         1230    i.HAL_RCC_GetSysClockFreq  stm32f4xx_hal_rcc.o
    0x08001714   0x08001714   0x0000035c   Code   RO         1233    i.HAL_RCC_OscConfig  stm32f4xx_hal_rcc.o
    0x08001a70   0x08001a70   0x00000080   Code   RO         3033    i.HAL_SPI_Init      stm32f4xx_hal_spi.o
    0x08001af0   0x08001af0   0x000000b0   Code   RO          659    i.HAL_SPI_MspInit   stm32f4xx_hal_msp.o
    0x08001ba0   0x08001ba0   0x00000028   Code   RO         1975    i.HAL_SYSTICK_Config  stm32f4xx_hal_cortex.o
    0x08001bc8   0x08001bc8   0x00000002   Code   RO         4021    i.HAL_TIMEx_BreakCallback  stm32f4xx_hal_tim_ex.o
    0x08001bca   0x08001bca   0x00000002   Code   RO         4022    i.HAL_TIMEx_CommutCallback  stm32f4xx_hal_tim_ex.o
    0x08001bcc   0x08001bcc   0x00000090   Code   RO         4039    i.HAL_TIMEx_MasterConfigSynchronization  stm32f4xx_hal_tim_ex.o
    0x08001c5c   0x08001c5c   0x00000036   Code   RO         3346    i.HAL_TIM_Base_Init  stm32f4xx_hal_tim.o
    0x08001c92   0x08001c92   0x00000002   PAD
    0x08001c94   0x08001c94   0x000000b4   Code   RO          661    i.HAL_TIM_Base_MspInit  stm32f4xx_hal_msp.o
    0x08001d48   0x08001d48   0x00000022   Code   RO         3351    i.HAL_TIM_Base_Start_IT  stm32f4xx_hal_tim.o
    0x08001d6a   0x08001d6a   0x000000d6   Code   RO         3355    i.HAL_TIM_ConfigClockSource  stm32f4xx_hal_tim.o
    0x08001e40   0x08001e40   0x00000002   Code   RO         3375    i.HAL_TIM_IC_CaptureCallback  stm32f4xx_hal_tim.o
    0x08001e42   0x08001e42   0x00000166   Code   RO         3389    i.HAL_TIM_IRQHandler  stm32f4xx_hal_tim.o
    0x08001fa8   0x08001fa8   0x00000002   Code   RO         3392    i.HAL_TIM_OC_DelayElapsedCallback  stm32f4xx_hal_tim.o
    0x08001faa   0x08001faa   0x00000002   Code   RO         3419    i.HAL_TIM_PWM_PulseFinishedCallback  stm32f4xx_hal_tim.o
    0x08001fac   0x08001fac   0x00000002   Code   RO         3427    i.HAL_TIM_PeriodElapsedCallback  stm32f4xx_hal_tim.o
    0x08001fae   0x08001fae   0x00000002   Code   RO         3432    i.HAL_TIM_TriggerCallback  stm32f4xx_hal_tim.o
    0x08001fb0   0x08001fb0   0x00000002   Code   RO         4293    i.HAL_UART_ErrorCallback  stm32f4xx_hal_uart.o
    0x08001fb2   0x08001fb2   0x00000002   PAD
    0x08001fb4   0x08001fb4   0x00000114   Code   RO         4296    i.HAL_UART_IRQHandler  stm32f4xx_hal_uart.o
    0x080020c8   0x080020c8   0x00000062   Code   RO         4297    i.HAL_UART_Init     stm32f4xx_hal_uart.o
    0x0800212a   0x0800212a   0x00000002   PAD
    0x0800212c   0x0800212c   0x000001bc   Code   RO          663    i.HAL_UART_MspInit  stm32f4xx_hal_msp.o
    0x080022e8   0x080022e8   0x00000052   Code   RO         4302    i.HAL_UART_Receive_IT  stm32f4xx_hal_uart.o
    0x0800233a   0x0800233a   0x00000002   PAD
    0x0800233c   0x0800233c   0x00000060   Code   RO          260    i.HAL_UART_RxCpltCallback  main.o
    0x0800239c   0x0800239c   0x000000ba   Code   RO         4305    i.HAL_UART_Transmit  stm32f4xx_hal_uart.o
    0x08002456   0x08002456   0x0000003e   Code   RO         4307    i.HAL_UART_Transmit_IT  stm32f4xx_hal_uart.o
    0x08002494   0x08002494   0x00000002   Code   RO         4308    i.HAL_UART_TxCpltCallback  stm32f4xx_hal_uart.o
    0x08002496   0x08002496   0x00000002   Code   RO          531    i.HardFault_Handler  stm32f4xx_it.o
    0x08002498   0x08002498   0x00000058   Code   RO          261    i.MX_ADC3_Init      main.o
    0x080024f0   0x080024f0   0x000001fc   Code   RO          262    i.MX_GPIO_Init      main.o
    0x080026ec   0x080026ec   0x00000034   Code   RO          263    i.MX_SPI1_Init      main.o
    0x08002720   0x08002720   0x00000030   Code   RO          264    i.MX_SPI2_Init      main.o
    0x08002750   0x08002750   0x00000054   Code   RO          265    i.MX_TIM1_Init      main.o
    0x080027a4   0x080027a4   0x00000054   Code   RO          266    i.MX_TIM2_Init      main.o
    0x080027f8   0x080027f8   0x00000054   Code   RO          267    i.MX_TIM3_Init      main.o
    0x0800284c   0x0800284c   0x00000054   Code   RO          268    i.MX_TIM4_Init      main.o
    0x080028a0   0x080028a0   0x00000002   Code   RO          532    i.MemManage_Handler  stm32f4xx_it.o
    0x080028a2   0x080028a2   0x00000002   Code   RO          533    i.NMI_Handler       stm32f4xx_it.o
    0x080028a4   0x080028a4   0x000001d8   Code   RO          925    i.PCV_Mode          pcv_mode.o
    0x08002a7c   0x08002a7c   0x00000002   Code   RO          534    i.PendSV_Handler    stm32f4xx_it.o
    0x08002a7e   0x08002a7e   0x00000002   Code   RO          535    i.SVC_Handler       stm32f4xx_it.o
    0x08002a80   0x08002a80   0x00000004   Code   RO          536    i.SysTick_Handler   stm32f4xx_it.o
    0x08002a84   0x08002a84   0x00000080   Code   RO          269    i.SystemClock_Config  main.o
    0x08002b04   0x08002b04   0x0000001c   Code   RO         4599    i.SystemInit        system_stm32f4xx.o
    0x08002b20   0x08002b20   0x00000048   Code   RO          537    i.TIM1_UP_TIM10_IRQHandler  stm32f4xx_it.o
    0x08002b68   0x08002b68   0x00000060   Code   RO          538    i.TIM2_IRQHandler   stm32f4xx_it.o
    0x08002bc8   0x08002bc8   0x000000a0   Code   RO          539    i.TIM3_IRQHandler   stm32f4xx_it.o
    0x08002c68   0x08002c68   0x00000060   Code   RO          540    i.TIM4_IRQHandler   stm32f4xx_it.o
    0x08002cc8   0x08002cc8   0x000000c8   Code   RO         3434    i.TIM_Base_SetConfig  stm32f4xx_hal_tim.o
    0x08002d90   0x08002d90   0x00000014   Code   RO         3445    i.TIM_ETR_SetConfig  stm32f4xx_hal_tim.o
    0x08002da4   0x08002da4   0x00000010   Code   RO         3446    i.TIM_ITRx_SetConfig  stm32f4xx_hal_tim.o
    0x08002db4   0x08002db4   0x00000022   Code   RO         3452    i.TIM_TI1_ConfigInputStage  stm32f4xx_hal_tim.o
    0x08002dd6   0x08002dd6   0x00000024   Code   RO         3454    i.TIM_TI2_ConfigInputStage  stm32f4xx_hal_tim.o
    0x08002dfa   0x08002dfa   0x00000010   Code   RO         4310    i.UART_DMAAbortOnError  stm32f4xx_hal_uart.o
    0x08002e0a   0x08002e0a   0x0000001c   Code   RO         4320    i.UART_EndRxTransfer  stm32f4xx_hal_uart.o
    0x08002e26   0x08002e26   0x00000096   Code   RO         4322    i.UART_Receive_IT   stm32f4xx_hal_uart.o
    0x08002ebc   0x08002ebc   0x00000128   Code   RO         4323    i.UART_SetConfig    stm32f4xx_hal_uart.o
    0x08002fe4   0x08002fe4   0x00000062   Code   RO         4324    i.UART_Transmit_IT  stm32f4xx_hal_uart.o
    0x08003046   0x08003046   0x00000064   Code   RO         4325    i.UART_WaitOnFlagUntilTimeout  stm32f4xx_hal_uart.o
    0x080030aa   0x080030aa   0x00000002   PAD
    0x080030ac   0x080030ac   0x0000000c   Code   RO          541    i.USART2_IRQHandler  stm32f4xx_it.o
    0x080030b8   0x080030b8   0x00000002   Code   RO          542    i.UsageFault_Handler  stm32f4xx_it.o
    0x080030ba   0x080030ba   0x00000002   PAD
    0x080030bc   0x080030bc   0x00000028   Code   RO         4877    i.__0sprintf        mc_w.l(printfa.o)
    0x080030e4   0x080030e4   0x00000020   Code   RO         1977    i.__NVIC_SetPriority  stm32f4xx_hal_cortex.o
    0x08003104   0x08003104   0x0000000e   Code   RO         4957    i.__scatterload_copy  mc_w.l(handlers.o)
    0x08003112   0x08003112   0x00000002   Code   RO         4958    i.__scatterload_null  mc_w.l(handlers.o)
    0x08003114   0x08003114   0x0000000e   Code   RO         4959    i.__scatterload_zeroinit  mc_w.l(handlers.o)
    0x08003122   0x08003122   0x00000002   PAD
    0x08003124   0x08003124   0x00000184   Code   RO         4882    i._fp_digits        mc_w.l(printfa.o)
    0x080032a8   0x080032a8   0x000006dc   Code   RO         4883    i._printf_core      mc_w.l(printfa.o)
    0x08003984   0x08003984   0x00000024   Code   RO         4884    i._printf_post_padding  mc_w.l(printfa.o)
    0x080039a8   0x080039a8   0x0000002e   Code   RO         4885    i._printf_pre_padding  mc_w.l(printfa.o)
    0x080039d6   0x080039d6   0x0000000a   Code   RO         4887    i._sputc            mc_w.l(printfa.o)
    0x080039e0   0x080039e0   0x0000007c   Code   RO          747    i.acv_alarm_decoder  alarms_setting.o
    0x08003a5c   0x08003a5c   0x00000098   Code   RO          882    i.acv_mode_decoder  modes_setting.o
    0x08003af4   0x08003af4   0x00000074   Code   RO           16    i.buzzer            driver.o
    0x08003b68   0x08003b68   0x0000002c   Code   RO          270    i.crc_calc          main.o
    0x08003b94   0x08003b94   0x00000058   Code   RO          271    i.create_response_for_raspberry  main.o
    0x08003bec   0x08003bec   0x00000078   Code   RO          272    i.date_time_decoder  main.o
    0x08003c64   0x08003c64   0x00000230   Code   RO          273    i.decode_raspi_packet  main.o
    0x08003e94   0x08003e94   0x00000068   Code   RO           19    i.driver_init       driver.o
    0x08003efc   0x08003efc   0x000000a8   Code   RO           22    i.led               driver.o
    0x08003fa4   0x08003fa4   0x00000308   Code   RO          274    i.main              main.o
    0x080042ac   0x080042ac   0x00000088   Code   RO          748    i.pcv_alarm_decoder  alarms_setting.o
    0x08004334   0x08004334   0x00000074   Code   RO          883    i.pcv_mode_decoder  modes_setting.o
    0x080043a8   0x080043a8   0x00000078   Code   RO           25    i.pressure          driver.o
    0x08004420   0x08004420   0x00000014   Code   RO          275    i.print_debug       main.o
    0x08004434   0x08004434   0x00000088   Code   RO          749    i.psv_alarm_decoder  alarms_setting.o
    0x080044bc   0x080044bc   0x00000060   Code   RO          884    i.psv_mode_decoder  modes_setting.o
    0x0800451c   0x0800451c   0x00000020   Code   RO          276    i.send_rspy         main.o
    0x0800453c   0x0800453c   0x0000007c   Code   RO          750    i.simv_alarm_decoder  alarms_setting.o
    0x080045b8   0x080045b8   0x00000074   Code   RO          885    i.simv_mode_decoder  modes_setting.o
    0x0800462c   0x0800462c   0x00000020   Code   RO           27    i.turbo             driver.o
    0x0800464c   0x0800464c   0x00000400   Data   RO          280    .constdata          main.o
    0x08004a4c   0x08004a4c   0x00000010   Data   RO         4600    .constdata          system_stm32f4xx.o
    0x08004a5c   0x08004a5c   0x00000008   Data   RO         4601    .constdata          system_stm32f4xx.o
    0x08004a64   0x08004a64   0x000000a1   Data   RO          281    .conststring        main.o
    0x08004b05   0x08004b05   0x00000003   PAD
    0x08004b08   0x08004b08   0x0000018e   Data   RO          751    .conststring        alarms_setting.o
    0x08004c96   0x08004c96   0x00000002   PAD
    0x08004c98   0x08004c98   0x00000020   Data   RO         4955    Region$$Table       anon$$obj.o


    Execution Region RW_IRAM2 (Exec base: 0x10000000, Load base: 0x08004cd8, Size: 0x00000000, Max: 0x00010000, ABSOLUTE)

    **** No section assigned to this execution region ****


    Execution Region RW_IRAM1 (Exec base: 0x20000000, Load base: 0x08004cb8, Size: 0x00000fb0, Max: 0x00020000, ABSOLUTE, COMPRESSED[0x00000020])

    Exec Addr    Load Addr    Size         Type   Attr      Idx    E Section Name        Object

    0x20000000   COMPRESSED   0x00000015   Data   RW           30    .data               driver.o
    0x20000015   COMPRESSED   0x00000003   PAD
    0x20000018   COMPRESSED   0x00000004   Data   RW           31    .data               driver.o
    0x2000001c   COMPRESSED   0x00000004   Data   RW           32    .data               driver.o
    0x20000020   COMPRESSED   0x00000004   Data   RW          287    .data               main.o
    0x20000024   COMPRESSED   0x00000004   Data   RW          289    .data               main.o
    0x20000028   COMPRESSED   0x0000000c   Data   RW          290    .data               main.o
    0x20000034   COMPRESSED   0x00000014   Data   RW          543    .data               stm32f4xx_it.o
    0x20000048   COMPRESSED   0x00000004   Data   RW          792    .data               database.o
    0x2000004c   COMPRESSED   0x00000004   Data   RW          793    .data               database.o
    0x20000050   COMPRESSED   0x00000004   Data   RW          794    .data               database.o
    0x20000054   COMPRESSED   0x00000004   Data   RW          795    .data               database.o
    0x20000058   COMPRESSED   0x00000004   Data   RW          796    .data               database.o
    0x2000005c   COMPRESSED   0x00000004   Data   RW          797    .data               database.o
    0x20000060   COMPRESSED   0x00000004   Data   RW          798    .data               database.o
    0x20000064   COMPRESSED   0x00000004   Data   RW          799    .data               database.o
    0x20000068   COMPRESSED   0x00000004   Data   RW          800    .data               database.o
    0x2000006c   COMPRESSED   0x00000001   Data   RW          801    .data               database.o
    0x2000006d   COMPRESSED   0x00000003   PAD
    0x20000070   COMPRESSED   0x00000004   Data   RW          802    .data               database.o
    0x20000074   COMPRESSED   0x00000004   Data   RW          803    .data               database.o
    0x20000078   COMPRESSED   0x00000004   Data   RW          804    .data               database.o
    0x2000007c   COMPRESSED   0x00000004   Data   RW          805    .data               database.o
    0x20000080   COMPRESSED   0x00000004   Data   RW          806    .data               database.o
    0x20000084   COMPRESSED   0x00000004   Data   RW          807    .data               database.o
    0x20000088   COMPRESSED   0x00000004   Data   RW          808    .data               database.o
    0x2000008c   COMPRESSED   0x00000004   Data   RW          809    .data               database.o
    0x20000090   COMPRESSED   0x00000004   Data   RW          811    .data               database.o
    0x20000094   COMPRESSED   0x00000004   Data   RW          812    .data               database.o
    0x20000098   COMPRESSED   0x00000004   Data   RW          813    .data               database.o
    0x2000009c   COMPRESSED   0x00000004   Data   RW          814    .data               database.o
    0x200000a0   COMPRESSED   0x00000004   Data   RW          815    .data               database.o
    0x200000a4   COMPRESSED   0x00000004   Data   RW          816    .data               database.o
    0x200000a8   COMPRESSED   0x00000004   Data   RW          817    .data               database.o
    0x200000ac   COMPRESSED   0x00000004   Data   RW          818    .data               database.o
    0x200000b0   COMPRESSED   0x00000004   Data   RW          819    .data               database.o
    0x200000b4   COMPRESSED   0x00000004   Data   RW          820    .data               database.o
    0x200000b8   COMPRESSED   0x00000004   Data   RW          821    .data               database.o
    0x200000bc   COMPRESSED   0x00000004   Data   RW          822    .data               database.o
    0x200000c0   COMPRESSED   0x00000004   Data   RW          823    .data               database.o
    0x200000c4   COMPRESSED   0x00000004   Data   RW          824    .data               database.o
    0x200000c8   COMPRESSED   0x00000004   Data   RW          825    .data               database.o
    0x200000cc   COMPRESSED   0x00000004   Data   RW          826    .data               database.o
    0x200000d0   COMPRESSED   0x00000004   Data   RW          827    .data               database.o
    0x200000d4   COMPRESSED   0x00000004   Data   RW          828    .data               database.o
    0x200000d8   COMPRESSED   0x00000004   Data   RW          829    .data               database.o
    0x200000dc   COMPRESSED   0x00000004   Data   RW          830    .data               database.o
    0x200000e0   COMPRESSED   0x00000004   Data   RW          831    .data               database.o
    0x200000e4   COMPRESSED   0x00000004   Data   RW          832    .data               database.o
    0x200000e8   COMPRESSED   0x00000004   Data   RW          833    .data               database.o
    0x200000ec   COMPRESSED   0x00000004   Data   RW          834    .data               database.o
    0x200000f0   COMPRESSED   0x00000004   Data   RW          835    .data               database.o
    0x200000f4   COMPRESSED   0x00000004   Data   RW          836    .data               database.o
    0x200000f8   COMPRESSED   0x00000004   Data   RW          837    .data               database.o
    0x200000fc   COMPRESSED   0x00000004   Data   RW          838    .data               database.o
    0x20000100   COMPRESSED   0x00000004   Data   RW          839    .data               database.o
    0x20000104   COMPRESSED   0x00000004   Data   RW          840    .data               database.o
    0x20000108   COMPRESSED   0x00000004   Data   RW          841    .data               database.o
    0x2000010c   COMPRESSED   0x00000004   Data   RW          842    .data               database.o
    0x20000110   COMPRESSED   0x00000004   Data   RW          843    .data               database.o
    0x20000114   COMPRESSED   0x00000004   Data   RW          844    .data               database.o
    0x20000118   COMPRESSED   0x00000004   Data   RW          845    .data               database.o
    0x2000011c   COMPRESSED   0x00000004   Data   RW          846    .data               database.o
    0x20000120   COMPRESSED   0x00000004   Data   RW          847    .data               database.o
    0x20000124   COMPRESSED   0x00000004   Data   RW          848    .data               database.o
    0x20000128   COMPRESSED   0x00000004   Data   RW          849    .data               database.o
    0x2000012c   COMPRESSED   0x00000004   Data   RW          850    .data               database.o
    0x20000130   COMPRESSED   0x00000004   Data   RW          851    .data               database.o
    0x20000134   COMPRESSED   0x00000004   Data   RW          852    .data               database.o
    0x20000138   COMPRESSED   0x00000004   Data   RW          853    .data               database.o
    0x2000013c   COMPRESSED   0x00000004   Data   RW          854    .data               database.o
    0x20000140   COMPRESSED   0x00000004   Data   RW          855    .data               database.o
    0x20000144   COMPRESSED   0x00000004   Data   RW          856    .data               database.o
    0x20000148   COMPRESSED   0x00000004   Data   RW          857    .data               database.o
    0x2000014c   COMPRESSED   0x00000004   Data   RW          858    .data               database.o
    0x20000150   COMPRESSED   0x00000004   Data   RW          859    .data               database.o
    0x20000154   COMPRESSED   0x00000004   Data   RW          860    .data               database.o
    0x20000158   COMPRESSED   0x00000004   Data   RW          861    .data               database.o
    0x2000015c   COMPRESSED   0x00000004   Data   RW          862    .data               database.o
    0x20000160   COMPRESSED   0x00000004   Data   RW          863    .data               database.o
    0x20000164   COMPRESSED   0x00000004   Data   RW          864    .data               database.o
    0x20000168   COMPRESSED   0x00000004   Data   RW          865    .data               database.o
    0x2000016c   COMPRESSED   0x00000004   Data   RW          869    .data               database.o
    0x20000170   COMPRESSED   0x00000004   Data   RW          870    .data               database.o
    0x20000174   COMPRESSED   0x00000024   Data   RW          926    .data               pcv_mode.o
    0x20000198   COMPRESSED   0x0000000c   Data   RW         2121    .data               stm32f4xx_hal.o
    0x200001a4   COMPRESSED   0x00000004   Data   RW         4602    .data               system_stm32f4xx.o
    0x200001a8        -       0x000009d0   Zero   RW          279    .bss                main.o
    0x20000b78        -       0x00000032   Zero   RW          791    .bss                database.o
    0x20000baa   COMPRESSED   0x00000006   PAD
    0x20000bb0        -       0x00000400   Zero   RW            1    STACK               startup_stm32f407xx.o


==============================================================================

Image component sizes


      Code (inc. data)   RO Data    RW Data    ZI Data      Debug   Object Name

       520        152        398          0          0       2297   alarms_setting.o
         0          0          0        297         50       3830   database.o
       732        122          0         29          0     721894   driver.o
      2898        510       1185         20       2512     725255   main.o
       480        178          0          0          0       2049   modes_setting.o
       472         94          0         36          0       1232   pcv_mode.o
        36          8        392          0       1024        808   startup_stm32f407xx.o
       180         28          0         12          0       9169   stm32f4xx_hal.o
      1176         54          0          0          0       5673   stm32f4xx_hal_adc.o
       198         14          0          0          0      33767   stm32f4xx_hal_cortex.o
       106          0          0          0          0       1811   stm32f4xx_hal_dac.o
        36          0          0          0          0       1155   stm32f4xx_hal_dma.o
       500         52          0          0          0       4656   stm32f4xx_hal_gpio.o
       392         16          0          0          0       2991   stm32f4xx_hal_i2c.o
      1244        134          0          0          0       5780   stm32f4xx_hal_msp.o
      1328         72          0          0          0       5052   stm32f4xx_hal_rcc.o
       128          0          0          0          0       1107   stm32f4xx_hal_spi.o
       976         44          0          0          0      10141   stm32f4xx_hal_tim.o
       148         28          0          0          0       2337   stm32f4xx_hal_tim_ex.o
      1396         16          0          0          0      10154   stm32f4xx_hal_uart.o
       496        108          0         20          0       7760   stm32f4xx_it.o
        28          6         24          4          0       1043   system_stm32f4xx.o

    ----------------------------------------------------------------------
     13496       1636       2036        424       3592    1559961   Object Totals
         0          0         32          0          0          0   (incl. Generated)
        26          0          5          6          6          0   (incl. Padding)

    ----------------------------------------------------------------------

      Code (inc. data)   RO Data    RW Data    ZI Data      Debug   Library Member Name

        86          0          0          0          0          0   __dczerorl2.o
         0          0          0          0          0          0   entry.o
         0          0          0          0          0          0   entry10a.o
         0          0          0          0          0          0   entry11a.o
         8          4          0          0          0          0   entry2.o
         4          0          0          0          0          0   entry5.o
         0          0          0          0          0          0   entry7b.o
         0          0          0          0          0          0   entry8b.o
         8          4          0          0          0          0   entry9a.o
        30          0          0          0          0          0   handlers.o
        36          8          0          0          0         68   init.o
         0          0          0          0          0          0   iusefp.o
        30          0          0          0          0         68   llshl.o
        36          0          0          0          0         68   llsshr.o
        32          0          0          0          0         68   llushr.o
        36          0          0          0          0        108   memseta.o
      2276         86          0          0          0        520   printfa.o
        14          0          0          0          0         68   strlen.o
        44          0          0          0          0         80   uidiv.o
        98          0          0          0          0         92   uldiv.o
        48          0          0          0          0         68   cdrcmple.o
        56          0          0          0          0         88   d2f.o
       334          0          0          0          0        148   dadd.o
       222          0          0          0          0        100   ddiv.o
       186          0          0          0          0        176   depilogue.o
        62          0          0          0          0         80   dfixi.o
        48          0          0          0          0         68   dfixul.o
        34          0          0          0          0         76   dflti.o
       228          0          0          0          0         96   dmul.o
        38          0          0          0          0         68   f2d.o
       110          0          0          0          0        168   fepilogue.o

    ----------------------------------------------------------------------
      4108        102          0          0          0       2276   Library Totals
         4          0          0          0          0          0   (incl. Padding)

    ----------------------------------------------------------------------

      Code (inc. data)   RO Data    RW Data    ZI Data      Debug   Library Name

      2738        102          0          0          0       1140   mc_w.l
      1366          0          0          0          0       1136   mf_w.l

    ----------------------------------------------------------------------
      4108        102          0          0          0       2276   Library Totals

    ----------------------------------------------------------------------

==============================================================================


      Code (inc. data)   RO Data    RW Data    ZI Data      Debug   

     17604       1738       2036        424       3592    1550177   Grand Totals
     17604       1738       2036         32       3592    1550177   ELF Image Totals (compressed)
     17604       1738       2036         32          0          0   ROM Totals

==============================================================================

    Total RO  Size (Code + RO Data)                19640 (  19.18kB)
    Total RW  Size (RW Data + ZI Data)              4016 (   3.92kB)
    Total ROM Size (Code + RO Data + RW Data)      19672 (  19.21kB)

==============================================================================

