<html>
<body>
<pre>
<h1>µVision Build Log</h1>
<h2>Tool Versions:</h2>
IDE-Version: µVision V5.25.3.0
Copyright (C) 2018 ARM Ltd and ARM Germany GmbH. All rights reserved.
License Information: Mostafa Samizadeh, ITMC, LIC=----
 
Tool Versions:
Toolchain:       MDK-Lite  Version: 5.27.1.0
Toolchain Path:  C:\Keil_v5\ARM\ARMCC\Bin
C Compiler:      Armcc.exe V5.06 update 6 (build 750)
Assembler:       Armasm.exe V5.06 update 6 (build 750)
Linker/Locator:  ArmLink.exe V5.06 update 6 (build 750)
Library Manager: ArmAr.exe V5.06 update 6 (build 750)
Hex Converter:   FromElf.exe V5.06 update 6 (build 750)
CPU DLL:         SARMCM3.DLL V5.27.1.0
Dialog DLL:      DCM.DLL V1.17.2.0
Target DLL:      STLink\ST-LINKIII-KEIL_SWO.dll V3.0.6.0
Dialog DLL:      TCM.DLL V1.36.1.0
 
<h2>Project:</h2>
E:\1399\MV19\MDK-ARM\MV19.uvprojx
Project File Date:  06/01/2020

<h2>Output:</h2>
*** Using Compiler 'V5.06 update 6 (build 750)', folder: 'C:\Keil_v5\ARM\ARMCC\Bin'
Build target 'MV19'
compiling stm32f4xx_hal_msp.c...
compiling acv_alarms.c...
../Inc/check_device_init.h(8): warning:  #1-D: last line of file ends without a newline
   
..\Src\acv_alarms.c(35): warning:  #1-D: last line of file ends without a newline
  }
..\Src\acv_alarms.c: 2 warnings, 0 errors
compiling simv_alarms.c...
../Inc/simv_alarms.h(5): warning:  #1-D: last line of file ends without a newline
  #endif
../Inc/check_device_init.h(8): warning:  #1-D: last line of file ends without a newline
   
..\Src\simv_alarms.c(35): warning:  #1-D: last line of file ends without a newline
  }
..\Src\simv_alarms.c: 3 warnings, 0 errors
compiling driver.c...
..\Src\driver.c(144): warning:  #188-D: enumerated type mixed with another type
  		HAL_GPIO_WritePin(DR3_GPIO_Port, DR3_Pin, x);
..\Src\driver.c: 1 warning, 0 errors
compiling pcv_alarms.c...
../Inc/check_device_init.h(8): warning:  #1-D: last line of file ends without a newline
   
..\Src\pcv_alarms.c: 1 warning, 0 errors
compiling modes_setting.c...
..\Src\modes_setting.c(23): warning:  #177-D: variable "PSV_Target_Vt"  was declared but never referenced
           int PSV_Target_Vt=rspy_receive_buffer[13]*16+rspy_receive_buffer[14];			
..\Src\modes_setting.c: 1 warning, 0 errors
compiling check_device_init.c...
../Inc/check_device_init.h(8): warning:  #1-D: last line of file ends without a newline
   
..\Src\check_device_init.c: 1 warning, 0 errors
compiling alarms_setting.c...
compiling psv_alarms.c...
../Inc/psv_alarms.h(5): warning:  #1-D: last line of file ends without a newline
  #endif
../Inc/check_device_init.h(8): warning:  #1-D: last line of file ends without a newline
   
..\Src\psv_alarms.c(35): warning:  #1-D: last line of file ends without a newline
  }
..\Src\psv_alarms.c: 3 warnings, 0 errors
compiling stm32f4xx_it.c...
compiling main.c...
../Inc/show_alarms.h(6): warning:  #1-D: last line of file ends without a newline
   
../Src/main.c(239): warning:  #177-D: variable "x"  was declared but never referenced
  	 float x=0,y=0;
../Src/main.c(239): warning:  #177-D: variable "y"  was declared but never referenced
  	 float x=0,y=0;
../Src/main.c(240): warning:  #177-D: variable "cnt"  was declared but never referenced
  	 int cnt=0,sum=0;
../Src/main.c(240): warning:  #177-D: variable "sum"  was declared but never referenced
  	 int cnt=0,sum=0;
../Src/main.c(1267): warning:  #177-D: variable "YYh"  was declared but never referenced
  			   int YYh=rspy_receive_buffer[3];
../Src/main.c(1268): warning:  #177-D: variable "YYl"  was declared but never referenced
  	       int YYl=rspy_receive_buffer[4];
../Src/main.c(1269): warning:  #177-D: variable "MM"  was declared but never referenced
  				 int MM=rspy_receive_buffer[5];
../Src/main.c(1270): warning:  #177-D: variable "DD"  was declared but never referenced
  				 int DD=rspy_receive_buffer[6];
../Src/main.c(1271): warning:  #177-D: variable "hh"  was declared but never referenced
  				 int hh=rspy_receive_buffer[7];
../Src/main.c(1272): warning:  #177-D: variable "mm"  was declared but never referenced
  				 int mm=rspy_receive_buffer[8];
../Src/main.c(1273): warning:  #177-D: variable "ss"  was declared but never referenced
  				 int ss=rspy_receive_buffer[9];
../Src/main.c: 12 warnings, 0 errors
linking...
Program Size: Code=17872 RO-data=1636 RW-data=500 ZI-data=3588  
FromELF: creating hex file...
"MV19\MV19.axf" - 0 Error(s), 24 Warning(s).

<h2>Software Packages used:</h2>

Package Vendor: ARM
                http://www.keil.com/pack/ARM.CMSIS.5.5.1.pack
                ARM.CMSIS.5.5.1
                CMSIS (Cortex Microcontroller Software Interface Standard)
   * Component: CORE Version: 5.2.0

Package Vendor: Keil
                http://www.keil.com/pack/Keil.STM32F4xx_DFP.2.14.0.pack
                Keil.STM32F4xx_DFP.2.14.0
                STMicroelectronics STM32F4 Series Device Support, Drivers and Examples

<h2>Collection of Component include folders:</h2>
  .\RTE\_MV19
  C:\Users\msamizadeh\AppData\Local\Arm\Packs\ARM\CMSIS\5.5.1\CMSIS\Core\Include
  C:\Users\msamizadeh\AppData\Local\Arm\Packs\Keil\STM32F4xx_DFP\2.14.0\Drivers\CMSIS\Device\ST\STM32F4xx\Include

<h2>Collection of Component Files used:</h2>

   * Component: ARM::CMSIS:CORE:5.2.0
Build Time Elapsed:  00:00:08
</pre>
</body>
</html>
